Component: ARM Compiler 5.06 update 1 (build 61) Tool: armlink [4d35a8]

==============================================================================

Section Cross References

    startup_w7500x.o(STACK) refers (Special) to heapauxi.o(.text) for __use_two_region_memory
    startup_w7500x.o(HEAP) refers (Special) to heapauxi.o(.text) for __use_two_region_memory
    startup_w7500x.o(RESET) refers (Special) to heapauxi.o(.text) for __use_two_region_memory
    startup_w7500x.o(RESET) refers to startup_w7500x.o(STACK) for __initial_sp
    startup_w7500x.o(RESET) refers to startup_w7500x.o(.text) for Reset_Handler
    startup_w7500x.o(RESET) refers to w7500x_it.o(i.NMI_Handler) for NMI_Handler
    startup_w7500x.o(RESET) refers to w7500x_it.o(i.HardFault_Handler) for HardFault_Handler
    startup_w7500x.o(RESET) refers to w7500x_it.o(i.SVC_Handler) for SVC_Handler
    startup_w7500x.o(RESET) refers to w7500x_it.o(i.PendSV_Handler) for PendSV_Handler
    startup_w7500x.o(RESET) refers to w7500x_it.o(i.SysTick_Handler) for SysTick_Handler
    startup_w7500x.o(RESET) refers to w7500x_it.o(i.SSP0_Handler) for SSP0_Handler
    startup_w7500x.o(RESET) refers to w7500x_it.o(i.SSP1_Handler) for SSP1_Handler
    startup_w7500x.o(RESET) refers to w7500x_it.o(i.UART0_Handler) for UART0_Handler
    startup_w7500x.o(RESET) refers to w7500x_it.o(i.UART1_Handler) for UART1_Handler
    startup_w7500x.o(RESET) refers to w7500x_it.o(i.UART2_Handler) for UART2_Handler
    startup_w7500x.o(RESET) refers to w7500x_it.o(i.I2C0_Handler) for I2C0_Handler
    startup_w7500x.o(RESET) refers to w7500x_it.o(i.I2C1_Handler) for I2C1_Handler
    startup_w7500x.o(RESET) refers to w7500x_it.o(i.PORT0_Handler) for PORT0_Handler
    startup_w7500x.o(RESET) refers to w7500x_it.o(i.PORT1_Handler) for PORT1_Handler
    startup_w7500x.o(RESET) refers to w7500x_it.o(i.PORT2_Handler) for PORT2_Handler
    startup_w7500x.o(RESET) refers to w7500x_it.o(i.PORT3_Handler) for PORT3_Handler
    startup_w7500x.o(RESET) refers to w7500x_it.o(i.DMA_Handler) for DMA_Handler
    startup_w7500x.o(RESET) refers to w7500x_it.o(i.DUALTIMER0_Handler) for DUALTIMER0_Handler
    startup_w7500x.o(RESET) refers to w7500x_it.o(i.DUALTIMER1_Handler) for DUALTIMER1_Handler
    startup_w7500x.o(RESET) refers to w7500x_it.o(i.PWM0_Handler) for PWM0_Handler
    startup_w7500x.o(RESET) refers to w7500x_it.o(i.PWM1_Handler) for PWM1_Handler
    startup_w7500x.o(RESET) refers to w7500x_it.o(i.PWM2_Handler) for PWM2_Handler
    startup_w7500x.o(RESET) refers to w7500x_it.o(i.PWM3_Handler) for PWM3_Handler
    startup_w7500x.o(RESET) refers to w7500x_it.o(i.PWM4_Handler) for PWM4_Handler
    startup_w7500x.o(RESET) refers to w7500x_it.o(i.PWM5_Handler) for PWM5_Handler
    startup_w7500x.o(RESET) refers to w7500x_it.o(i.PWM6_Handler) for PWM6_Handler
    startup_w7500x.o(RESET) refers to w7500x_it.o(i.PWM7_Handler) for PWM7_Handler
    startup_w7500x.o(RESET) refers to w7500x_it.o(i.ADC_Handler) for ADC_Handler
    startup_w7500x.o(RESET) refers to w7500x_it.o(i.WZTOE_Handler) for WZTOE_Handler
    startup_w7500x.o(RESET) refers to w7500x_it.o(i.EXTI_Handler) for EXTI_Handler
    startup_w7500x.o(.text) refers (Special) to heapauxi.o(.text) for __use_two_region_memory
    startup_w7500x.o(.text) refers to system_w7500x.o(i.SystemInit) for SystemInit
    startup_w7500x.o(.text) refers to __main.o(!!!main) for __main
    startup_w7500x.o(.text) refers to startup_w7500x.o(HEAP) for Heap_Mem
    startup_w7500x.o(.text) refers to startup_w7500x.o(STACK) for Stack_Mem
    w7500x_dma.o(i.dma_data_struct_init) refers to w7500x_dma.o(.data) for dma_data
    w7500x_dma.o(i.dma_init) refers to w7500x_dma.o(.data) for dma_data
    w7500x_dma.o(i.dma_memory_copy) refers to w7500x_dma.o(.data) for dma_data
    w7500x_dma.o(i.dma_uart0) refers to w7500x_dma.o(.data) for dma_data
    w7500x_gpio.o(i.GPIO_Configuration) refers to w7500x_gpio.o(i.GPIO_StructInit) for GPIO_StructInit
    w7500x_gpio.o(i.GPIO_Configuration) refers to w7500x_gpio.o(i.GPIO_Init) for GPIO_Init
    w7500x_gpio.o(i.GPIO_Configuration) refers to w7500x_gpio.o(i.PAD_AFConfig) for PAD_AFConfig
    w7500x_gpio.o(i.GPIO_INT_Configuration) refers to w7500x_gpio.o(i.GPIO_StructInit) for GPIO_StructInit
    w7500x_gpio.o(i.GPIO_INT_Configuration) refers to w7500x_gpio.o(i.GPIO_Init) for GPIO_Init
    w7500x_gpio.o(i.GPIO_INT_Configuration) refers to w7500x_gpio.o(i.GPIO_INT_Polarity_Bits) for GPIO_INT_Polarity_Bits
    w7500x_gpio.o(i.GPIO_INT_Configuration) refers to w7500x_gpio.o(i.PAD_AFConfig) for PAD_AFConfig
    w7500x_gpio.o(i.GPIO_INT_Configuration) refers to w7500x_gpio.o(i.NVIC_EnableIRQ) for NVIC_EnableIRQ
    w7500x_uart.o(i.S_UART_Init) refers to w7500x_uart.o(i.S_UART_SetBaud) for S_UART_SetBaud
    w7500x_uart.o(i.S_UART_SetBaud) refers to system_w7500x.o(i.GetSystemClock) for GetSystemClock
[...]
    _printf_char_common.o(.text) refers to __printf_nopercent.o(.text) for __printf
    sys_stackheap_outer.o(.text) refers to libspace.o(.text) for __user_perproc_libspace
    sys_stackheap_outer.o(.text) refers to startup_w7500x.o(.text) for __user_initial_stackheap
    sys_stackheap_outer.o(__vectab_stack_and_reset_area) refers to tempstk.o(.text) for __temporary_stack_top
    sys_stackheap_outer.o(__vectab_stack_and_reset_area) refers to __main.o(!!!main) for __main
    exit.o(.text) refers to rtexit.o(.ARM.Collect$$rtexit$$00000000) for __rt_exit
    defsig_fpe_outer.o(.text) refers to defsig_fpe_inner.o(.text) for __rt_SIGFPE_inner
    defsig_fpe_outer.o(.text) refers to defsig_exit.o(.text) for __sig_exit
    defsig_fpe_formal.o(.text) refers to rt_raise.o(.text) for __rt_raise
    libinit.o(.ARM.Collect$$libinit$$00000000) refers (Special) to libinit2.o(.ARM.Collect$$libinit$$0000002E) for __rt_lib_init_alloca_1
    libinit.o(.ARM.Collect$$libinit$$00000000) refers (Special) to libinit2.o(.ARM.Collect$$libinit$$0000002C) for __rt_lib_init_argv_1
    libinit.o(.ARM.Collect$$libinit$$00000000) refers (Special) to libinit2.o(.ARM.Collect$$libinit$$0000001B) for __rt_lib_init_atexit_1
    libinit.o(.ARM.Collect$$libinit$$00000000) refers (Special) to libinit2.o(.ARM.Collect$$libinit$$00000021) for __rt_lib_init_clock_1
    libinit.o(.ARM.Collect$$libinit$$00000000) refers (Special) to libinit2.o(.ARM.Collect$$libinit$$00000032) for __rt_lib_init_cpp_1
    libinit.o(.ARM.Collect$$libinit$$00000000) refers (Special) to libinit2.o(.ARM.Collect$$libinit$$00000030) for __rt_lib_init_exceptions_1
    libinit.o(.ARM.Collect$$libinit$$00000000) refers (Special) to libinit2.o(.ARM.Collect$$libinit$$00000002) for __rt_lib_init_fp_1
    libinit.o(.ARM.Collect$$libinit$$00000000) refers (Special) to libinit2.o(.ARM.Collect$$libinit$$0000001F) for __rt_lib_init_fp_trap_1
    libinit.o(.ARM.Collect$$libinit$$00000000) refers (Special) to libinit2.o(.ARM.Collect$$libinit$$00000023) for __rt_lib_init_getenv_1
    libinit.o(.ARM.Collect$$libinit$$00000000) refers (Special) to libinit2.o(.ARM.Collect$$libinit$$0000000A) for __rt_lib_init_heap_1
    libinit.o(.ARM.Collect$$libinit$$00000000) refers (Special) to libinit2.o(.ARM.Collect$$libinit$$00000011) for __rt_lib_init_lc_collate_1
    libinit.o(.ARM.Collect$$libinit$$00000000) refers (Special) to libinit2.o(.ARM.Collect$$libinit$$00000013) for __rt_lib_init_lc_ctype_1
    libinit.o(.ARM.Collect$$libinit$$00000000) refers (Special) to libinit2.o(.ARM.Collect$$libinit$$00000015) for __rt_lib_init_lc_monetary_1
    libinit.o(.ARM.Collect$$libinit$$00000000) refers (Special) to libinit2.o(.ARM.Collect$$libinit$$00000017) for __rt_lib_init_lc_numeric_1
    libinit.o(.ARM.Collect$$libinit$$00000000) refers (Special) to libinit2.o(.ARM.Collect$$libinit$$00000019) for __rt_lib_init_lc_time_1
    libinit.o(.ARM.Collect$$libinit$$00000000) refers (Special) to libinit2.o(.ARM.Collect$$libinit$$00000004) for __rt_lib_init_preinit_1
    libinit.o(.ARM.Collect$$libinit$$00000000) refers (Special) to libinit2.o(.ARM.Collect$$libinit$$0000000E) for __rt_lib_init_rand_1
    libinit.o(.ARM.Collect$$libinit$$00000000) refers (Special) to libinit2.o(.ARM.Collect$$libinit$$00000033) for __rt_lib_init_return
    libinit.o(.ARM.Collect$$libinit$$00000000) refers (Special) to libinit2.o(.ARM.Collect$$libinit$$0000001D) for __rt_lib_init_signal_1
    libinit.o(.ARM.Collect$$libinit$$00000000) refers (Special) to libinit2.o(.ARM.Collect$$libinit$$00000025) for __rt_lib_init_stdio_1
    libinit.o(.ARM.Collect$$libinit$$00000000) refers (Special) to libinit2.o(.ARM.Collect$$libinit$$0000000C) for __rt_lib_init_user_alloc_1
    libspace.o(.text) refers to libspace.o(.bss) for __libspace_start
    rtexit.o(.ARM.Collect$$rtexit$$00000000) refers (Special) to rtexit2.o(.ARM.Collect$$rtexit$$00000004) for __rt_exit_exit
    rtexit.o(.ARM.Collect$$rtexit$$00000000) refers (Special) to rtexit2.o(.ARM.Collect$$rtexit$$00000003) for __rt_exit_ls
    rtexit.o(.ARM.Collect$$rtexit$$00000000) refers (Special) to rtexit2.o(.ARM.Collect$$rtexit$$00000002) for __rt_exit_prels_1
    rtexit.o(.ARM.exidx) refers (Special) to rtexit2.o(.ARM.Collect$$rtexit$$00000004) for __rt_exit_exit
    rtexit.o(.ARM.exidx) refers (Special) to rtexit2.o(.ARM.Collect$$rtexit$$00000003) for __rt_exit_ls
    rtexit.o(.ARM.exidx) refers (Special) to rtexit2.o(.ARM.Collect$$rtexit$$00000002) for __rt_exit_prels_1
    rtexit.o(.ARM.exidx) refers to rtexit.o(.ARM.Collect$$rtexit$$00000000) for .ARM.Collect$$rtexit$$00000000
    rt_raise.o(.text) refers to __raise.o(.text) for __raise
    rt_raise.o(.text) refers to retarget.o(i._sys_exit) for _sys_exit
    defsig_exit.o(.text) refers to retarget.o(i._sys_exit) for _sys_exit
    defsig_fpe_inner.o(.text) refers to defsig_general.o(.text) for __default_signal_display
    libinit2.o(.ARM.Collect$$libinit$$00000010) refers to libinit2.o(.ARM.Collect$$libinit$$0000000F) for .ARM.Collect$$libinit$$0000000F
    libinit2.o(.ARM.Collect$$libinit$$00000012) refers to libinit2.o(.ARM.Collect$$libinit$$0000000F) for .ARM.Collect$$libinit$$0000000F
    libinit2.o(.ARM.Collect$$libinit$$00000014) refers to libinit2.o(.ARM.Collect$$libinit$$0000000F) for .ARM.Collect$$libinit$$0000000F
    libinit2.o(.ARM.Collect$$libinit$$00000016) refers to libinit2.o(.ARM.Collect$$libinit$$0000000F) for .ARM.Collect$$libinit$$0000000F
    libinit2.o(.ARM.Collect$$libinit$$00000018) refers to libinit2.o(.ARM.Collect$$libinit$$0000000F) for .ARM.Collect$$libinit$$0000000F
    libinit2.o(.ARM.Collect$$libinit$$00000026) refers to argv_veneer.o(.text) for __ARM_argv_veneer
    libinit2.o(.ARM.Collect$$libinit$$00000027) refers to argv_veneer.o(.text) for __ARM_argv_veneer
    rtexit2.o(.ARM.Collect$$rtexit$$00000003) refers to libshutdown.o(.ARM.Collect$$libshutdown$$00000000) for __rt_lib_shutdown
    rtexit2.o(.ARM.Collect$$rtexit$$00000004) refers to retarget.o(i._sys_exit) for _sys_exit
    rtexit2.o(.ARM.exidx) refers to rtexit2.o(.ARM.Collect$$rtexit$$00000001) for .ARM.Collect$$rtexit$$00000001
    rtexit2.o(.ARM.exidx) refers to rtexit2.o(.ARM.Collect$$rtexit$$00000003) for .ARM.Collect$$rtexit$$00000003
    rtexit2.o(.ARM.exidx) refers to rtexit2.o(.ARM.Collect$$rtexit$$00000004) for .ARM.Collect$$rtexit$$00000004
    __raise.o(.text) refers to defsig.o(CL$$defsig) for __default_signal_handler
    defsig_general.o(.text) refers to retarget.o(i._ttywrch) for _ttywrch
    defsig.o(CL$$defsig) refers to defsig_fpe_inner.o(.text) for __rt_SIGFPE_inner
    defsig.o(CL$$defsig) refers to defsig_rtmem_inner.o(.text) for __rt_SIGRTMEM_inner
    _get_argv_nomalloc.o(.text) refers (Special) to hrguard.o(.text) for __heap_region$guard
    _get_argv_nomalloc.o(.text) refers to defsig_rtmem_outer.o(.text) for __rt_SIGRTMEM
    _get_argv_nomalloc.o(.text) refers to sys_command.o(.text) for _sys_command_string
    libshutdown.o(.ARM.Collect$$libshutdown$$00000000) refers (Special) to libshutdown2.o(.ARM.Collect$$libshutdown$$00000002) for __rt_lib_shutdown_cpp_1
    libshutdown.o(.ARM.Collect$$libshutdown$$00000000) refers (Special) to libshutdown2.o(.ARM.Collect$$libshutdown$$00000007) for __rt_lib_shutdown_fp_trap_1
    libshutdown.o(.ARM.Collect$$libshutdown$$00000000) refers (Special) to libshutdown2.o(.ARM.Collect$$libshutdown$$0000000F) for __rt_lib_shutdown_heap_1
    libshutdown.o(.ARM.Collect$$libshutdown$$00000000) refers (Special) to libshutdown2.o(.ARM.Collect$$libshutdown$$00000010) for __rt_lib_shutdown_return
    libshutdown.o(.ARM.Collect$$libshutdown$$00000000) refers (Special) to libshutdown2.o(.ARM.Collect$$libshutdown$$0000000A) for __rt_lib_shutdown_signal_1
    libshutdown.o(.ARM.Collect$$libshutdown$$00000000) refers (Special) to libshutdown2.o(.ARM.Collect$$libshutdown$$00000004) for __rt_lib_shutdown_stdio_1
    libshutdown.o(.ARM.Collect$$libshutdown$$00000000) refers (Special) to libshutdown2.o(.ARM.Collect$$libshutdown$$0000000C) for __rt_lib_shutdown_user_alloc_1
    sys_command.o(.text) refers (Special) to use_no_semi.o(.text) for __I$use$semihosting
    sys_command.o(.text) refers (Special) to indicate_semi.o(.text) for __semihosting_library_function
    defsig_abrt_inner.o(.text) refers to defsig_general.o(.text) for __default_signal_display
    defsig_rtred_inner.o(.text) refers to defsig_general.o(.text) for __default_signal_display
    defsig_rtmem_inner.o(.text) refers to defsig_general.o(.text) for __default_signal_display
    defsig_rtmem_outer.o(.text) refers to defsig_rtmem_inner.o(.text) for __rt_SIGRTMEM_inner
    defsig_rtmem_outer.o(.text) refers to defsig_exit.o(.text) for __sig_exit
    defsig_rtmem_formal.o(.text) refers to rt_raise.o(.text) for __rt_raise
    defsig_stak_inner.o(.text) refers to defsig_general.o(.text) for __default_signal_display
    defsig_pvfn_inner.o(.text) refers to defsig_general.o(.text) for __default_signal_display
    defsig_cppl_inner.o(.text) refers to defsig_general.o(.text) for __default_signal_display
    defsig_segv_inner.o(.text) refers to defsig_general.o(.text) for __default_signal_display
    defsig_other.o(.text) refers to defsig_general.o(.text) for __default_signal_display


==============================================================================

Removing Unused input sections from the image.

    Removing w7500x_crg.o(.rev16_text), (4 bytes).
    Removing w7500x_crg.o(.revsh_text), (4 bytes).
    Removing w7500x_crg.o(i.CRG_ADCCLK_SetPrescale), (48 bytes).
    Removing w7500x_crg.o(i.CRG_ADCCLK_SourceSelect), (48 bytes).
    Removing w7500x_crg.o(i.CRG_DeInit), (2 bytes).
    Removing w7500x_crg.o(i.CRG_FCLK_SetPrescale), (48 bytes).
    Removing w7500x_crg.o(i.CRG_FCLK_SourceSelect), (36 bytes).
    Removing w7500x_crg.o(i.CRG_GetMonitoringClock), (12 bytes).
    Removing w7500x_crg.o(i.CRG_MII_Enable), (68 bytes).
    Removing w7500x_crg.o(i.CRG_OSC_PowerDownEnable), (24 bytes).
    Removing w7500x_crg.o(i.CRG_PLL_BypassEnable), (24 bytes).
    Removing w7500x_crg.o(i.CRG_PLL_OutputEnable), (24 bytes).
    Removing w7500x_crg.o(i.CRG_PLL_PowerDownEnable), (24 bytes).
    Removing w7500x_crg.o(i.CRG_PWMCLK_SetPrescale), (132 bytes).
    Removing w7500x_crg.o(i.CRG_PWMCLK_SourceSelect), (68 bytes).
    Removing w7500x_crg.o(i.CRG_SSPCLK_SetPrescale), (48 bytes).
    Removing w7500x_crg.o(i.CRG_SSPCLK_SourceSelect), (48 bytes).
    Removing w7500x_crg.o(i.CRG_SetMonitoringClock), (12 bytes).
    Removing w7500x_crg.o(i.CRG_TIMERCLK_SetPrescale), (132 bytes).
    Removing w7500x_crg.o(i.CRG_TIMERCLK_SourceSelect), (68 bytes).
    Removing w7500x_crg.o(i.CRG_UARTCLK_SetPrescale), (48 bytes).
    Removing w7500x_crg.o(i.CRG_UARTCLK_SourceSelect), (48 bytes).
    Removing w7500x_crg.o(i.CRG_WDOGCLK_HS_SetPrescale), (96 bytes).
    Removing w7500x_crg.o(i.CRG_WDOGCLK_HS_SourceSelect), (48 bytes).
    Removing w7500x_dma.o(.rev16_text), (4 bytes).
    Removing w7500x_dma.o(.revsh_text), (4 bytes).
    Removing w7500x_dma.o(i.dma_memory_copy), (116 bytes).
    Removing w7500x_gpio.o(.rev16_text), (4 bytes).
    Removing w7500x_gpio.o(.revsh_text), (4 bytes).
    Removing w7500x_gpio.o(i.GPIO_Configuration), (90 bytes).
    Removing w7500x_gpio.o(i.GPIO_DeInit), (100 bytes).
    Removing w7500x_gpio.o(i.GPIO_INT_Clear), (12 bytes).
    Removing w7500x_gpio.o(i.GPIO_INT_Configuration), (126 bytes).
    Removing w7500x_gpio.o(i.GPIO_INT_Enable), (24 bytes).
    Removing w7500x_gpio.o(i.GPIO_INT_Enable_Bits), (26 bytes).
    Removing w7500x_gpio.o(i.GPIO_INT_Polarity), (20 bytes).
    Removing w7500x_gpio.o(i.GPIO_INT_Polarity_Bits), (20 bytes).
    Removing w7500x_gpio.o(i.GPIO_ReadInputData), (8 bytes).
    Removing w7500x_gpio.o(i.GPIO_ReadOutputData), (8 bytes).
    Removing w7500x_gpio.o(i.GPIO_ReadOutputDataBit), (20 bytes).
    Removing w7500x_gpio.o(i.GPIO_Read_INTstatus), (20 bytes).
    Removing w7500x_gpio.o(i.GPIO_StructInit), (20 bytes).
    Removing w7500x_gpio.o(i.GPIO_Write), (4 bytes).
    Removing w7500x_gpio.o(i.GPIO_WriteBit), (28 bytes).
    Removing w7500x_gpio.o(i.NVIC_EnableIRQ), (20 bytes).
    Removing w7500x_uart.o(.rev16_text), (4 bytes).
    Removing w7500x_uart.o(.revsh_text), (4 bytes).
    Removing w7500x_uart.o(i.S_UART_ClearITPendingBit), (16 bytes).
    Removing w7500x_uart.o(i.S_UART_DeInit), (2 bytes).
    Removing w7500x_uart.o(i.S_UART_GetFlagStatus), (28 bytes).
    Removing w7500x_uart.o(i.S_UART_GetITStatus), (28 bytes).
    Removing w7500x_uart.o(i.S_UART_ITConfig), (32 bytes).
    Removing w7500x_uart.o(i.S_UART_ReceiveData), (12 bytes).
    Removing w7500x_uart.o(i.S_UART_SetCTRL), (32 bytes).
    Removing w7500x_uart.o(i.S_UartGetc), (28 bytes).
    Removing w7500x_uart.o(i.S_UartPuts), (26 bytes).
    Removing w7500x_uart.o(i.UART_DeInit), (2 bytes).
    Removing w7500x_uart.o(i.UART_GetFlagStatus), (20 bytes).
    Removing w7500x_uart.o(i.UART_ReceiveData), (8 bytes).
    Removing w7500x_uart.o(i.UART_SendBreak), (10 bytes).
    Removing w7500x_wztoe.o(.rev16_text), (4 bytes).
    Removing w7500x_wztoe.o(.revsh_text), (4 bytes).
    Removing w7500x_wztoe.o(i.wiz_recv_ignore), (72 bytes).
    Removing system_w7500x.o(.rev16_text), (4 bytes).
    Removing system_w7500x.o(.revsh_text), (4 bytes).
    Removing system_w7500x.o(i.SystemCoreClockUpdate), (2 bytes).
    Removing main.o(.rev16_text), (4 bytes).
    Removing main.o(.revsh_text), (4 bytes).
    Removing main.o(i.Cam_cmdput), (184 bytes).
    Removing main.o(i.UartPuts_CAM), (26 bytes).
    Removing w7500x_it.o(.rev16_text), (4 bytes).
    Removing w7500x_it.o(.revsh_text), (4 bytes).
    Removing w7500x_it.o(.data), (5 bytes).
    Removing retarget.o(.rev16_text), (4 bytes).
    Removing retarget.o(.revsh_text), (4 bytes).
    Removing retarget.o(i._ttywrch), (12 bytes).
    Removing retarget.o(i.fgetc), (16 bytes).
    Removing socket.o(.rev16_text), (4 bytes).
    Removing socket.o(.revsh_text), (4 bytes).
    Removing socket.o(i.connect), (156 bytes).
    Removing socket.o(i.listen), (108 bytes).
    Removing socket.o(i.recv), (104 bytes).
    Removing socket.o(i.send), (136 bytes).
    Removing wizchip_conf.o(.rev16_text), (4 bytes).
    Removing wizchip_conf.o(.revsh_text), (4 bytes).
    Removing wizchip_conf.o(i.ctlnetwork), (80 bytes).
    Removing wizchip_conf.o(i.ctlwizchip), (192 bytes).
    Removing wizchip_conf.o(i.reg_wizchip_bus_cbfunc), (60 bytes).
    Removing wizchip_conf.o(i.reg_wizchip_cris_cbfunc), (44 bytes).
    Removing wizchip_conf.o(i.reg_wizchip_cs_cbfunc), (44 bytes).
    Removing wizchip_conf.o(i.reg_wizchip_spi_cbfunc), (60 bytes).
    Removing wizchip_conf.o(i.wizchip_bus_readbyte), (6 bytes).
    Removing wizchip_conf.o(i.wizchip_bus_writebyte), (4 bytes).
    Removing wizchip_conf.o(i.wizchip_clrinterrupt), (36 bytes).
    Removing wizchip_conf.o(i.wizchip_cris_enter), (2 bytes).
    Removing wizchip_conf.o(i.wizchip_cris_exit), (2 bytes).
    Removing wizchip_conf.o(i.wizchip_cs_deselect), (2 bytes).
    Removing wizchip_conf.o(i.wizchip_cs_select), (2 bytes).
    Removing wizchip_conf.o(i.wizchip_getinterrupt), (44 bytes).
    Removing wizchip_conf.o(i.wizchip_getinterruptmask), (44 bytes).
    Removing wizchip_conf.o(i.wizchip_getnetinfo), (224 bytes).
    Removing wizchip_conf.o(i.wizchip_getnetmode), (16 bytes).
    Removing wizchip_conf.o(i.wizchip_gettimeout), (28 bytes).
    Removing wizchip_conf.o(i.wizchip_init), (152 bytes).
    Removing wizchip_conf.o(i.wizchip_setinterruptmask), (36 bytes).
    Removing wizchip_conf.o(i.wizchip_setnetinfo), (220 bytes).
    Removing wizchip_conf.o(i.wizchip_setnetmode), (52 bytes).
    Removing wizchip_conf.o(i.wizchip_settimeout), (28 bytes).
    Removing wizchip_conf.o(i.wizchip_spi_readbyte), (4 bytes).
    Removing wizchip_conf.o(i.wizchip_spi_writebyte), (2 bytes).
    Removing wizchip_conf.o(i.wizchip_sw_reset), (492 bytes).
    Removing wizchip_conf.o(i.wizphy_getphylink), (6 bytes).
    Removing wizchip_conf.o(i.wizphy_getphypmode), (6 bytes).
    Removing wizchip_conf.o(.data), (37 bytes).
    Removing w7500x_miim.o(.rev16_text), (4 bytes).
    Removing w7500x_miim.o(.revsh_text), (4 bytes).
    Removing w7500x_miim.o(i.mdio_write), (84 bytes).
    Removing w7500x_miim.o(i.set_link), (40 bytes).
    Removing loopback.o(.rev16_text), (4 bytes).
    Removing loopback.o(.revsh_text), (4 bytes).
    Removing my_dac.o(.rev16_text), (4 bytes).
    Removing my_dac.o(.revsh_text), (4 bytes).
    Removing my_dac.o(i.dma_enable), (60 bytes).
    Removing my_dac.o(i.my_dma_config), (160 bytes).
    Removing my_dac.o(i.my_dma_structinit), (48 bytes).
    Removing my_dac.o(.data), (4 bytes).
    Removing wizchip_conf.o(i.__ARM_common_switch8), (28 bytes).

127 unused section(s) (total 5294 bytes) removed from the image.

==============================================================================

Image Symbol Table

    Local Symbols

    Symbol Name                              Value     Ov Type        Size  Object(Section)

    RESET                                    0x00000000   Section      168  startup_w7500x.o(RESET)
    ../clib/angel/boardlib.s                 0x00000000   Number         0  boardinit3.o ABSOLUTE
    ../clib/angel/boardlib.s                 0x00000000   Number         0  boardshut.o ABSOLUTE
    ../clib/angel/boardlib.s                 0x00000000   Number         0  boardinit2.o ABSOLUTE
    ../clib/angel/boardlib.s                 0x00000000   Number         0  boardinit1.o ABSOLUTE
    ../clib/angel/handlers.s                 0x00000000   Number         0  __scatter_zi.o ABSOLUTE
    ../clib/angel/handlers.s                 0x00000000   Number         0  __scatter_copy.o ABSOLUTE
    ../clib/angel/kernel.s                   0x00000000   Number         0  rtexit.o ABSOLUTE
    ../clib/angel/kernel.s                   0x00000000   Number         0  rtexit2.o ABSOLUTE
    ../clib/angel/kernel.s                   0x00000000   Number         0  __rtentry2.o ABSOLUTE
    ../clib/angel/kernel.s                   0x00000000   Number         0  __rtentry4.o ABSOLUTE
    ../clib/angel/kernel.s                   0x00000000   Number         0  __rtentry.o ABSOLUTE
    ../clib/angel/rt.s                       0x00000000   Number         0  rt_div0.o ABSOLUTE
    ../clib/angel/rt.s                       0x00000000   Number         0  aeabi_idiv0_sigfpe.o ABSOLUTE
    ../clib/angel/rt.s                       0x00000000   Number         0  aeabi_idiv0.o ABSOLUTE
    ../clib/angel/rt.s                       0x00000000   Number         0  rt_raise.o ABSOLUTE
    ../clib/angel/scatterp.s                 0x00000000   Number         0  __scatter.o ABSOLUTE
    ../clib/angel/startup.s                  0x00000000   Number         0  __main.o ABSOLUTE
    ../clib/angel/sys.s                      0x00000000   Number         0  use_no_semi.o ABSOLUTE
    ../clib/angel/sys.s                      0x00000000   Number         0  sys_stackheap_outer.o ABSOLUTE
    ../clib/angel/sys.s                      0x00000000   Number         0  libspace.o ABSOLUTE
    ../clib/angel/sys.s                      0x00000000   Number         0  tempstk.o ABSOLUTE
    ../clib/angel/sys.s                      0x00000000   Number         0  indicate_semi.o ABSOLUTE
    ../clib/angel/sysapp.c                   0x00000000   Number         0  sys_command.o ABSOLUTE
    ../clib/armsys.c                         0x00000000   Number         0  _get_argv_nomalloc.o ABSOLUTE
    ../clib/armsys.c                         0x00000000   Number         0  no_argv.o ABSOLUTE
    ../clib/armsys.c                         0x00000000   Number         0  argv_veneer.o ABSOLUTE
    ../clib/division.s                       0x00000000   Number         0  aeabi_sdiv.o ABSOLUTE
    ../clib/division.s                       0x00000000   Number         0  aeabi_sdiv_div0.o ABSOLUTE
    ../clib/heapalloc.c                      0x00000000   Number         0  hrguard.o ABSOLUTE
    ../clib/heapaux.c                        0x00000000   Number         0  heapauxi.o ABSOLUTE
    ../clib/libinit.s                        0x00000000   Number         0  libshutdown.o ABSOLUTE
    ../clib/libinit.s                        0x00000000   Number         0  libshutdown2.o ABSOLUTE
    ../clib/libinit.s                        0x00000000   Number         0  libinit2.o ABSOLUTE
    ../clib/libinit.s                        0x00000000   Number         0  libinit.o ABSOLUTE
    ../clib/printf.c                         0x00000000   Number         0  noretval__2printf.o ABSOLUTE
    ../clib/printf.c                         0x00000000   Number         0  _printf_char_common.o ABSOLUTE
    ../clib/printf.c                         0x00000000   Number         0  _printf_char_file.o ABSOLUTE
    ../clib/printf.c                         0x00000000   Number         0  __2printf.o ABSOLUTE
    ../clib/printf.c                         0x00000000   Number         0  __printf_nopercent.o ABSOLUTE
    ../clib/signal.c                         0x00000000   Number         0  defsig_rtmem_inner.o ABSOLUTE
    ../clib/signal.c                         0x00000000   Number         0  defsig_pvfn_inner.o ABSOLUTE
    ../clib/signal.c                         0x00000000   Number         0  defsig_cppl_inner.o ABSOLUTE
    ../clib/signal.c                         0x00000000   Number         0  defsig_rtred_inner.o ABSOLUTE
    ../clib/signal.c                         0x00000000   Number         0  defsig_rtmem_outer.o ABSOLUTE
    ../clib/signal.c                         0x00000000   Number         0  defsig_abrt_inner.o ABSOLUTE
    ../clib/signal.c                         0x00000000   Number         0  defsig_general.o ABSOLUTE
    ../clib/signal.c                         0x00000000   Number         0  __raise.o ABSOLUTE
    ../clib/signal.c                         0x00000000   Number         0  defsig_other.o ABSOLUTE
    ../clib/signal.c                         0x00000000   Number         0  defsig_fpe_inner.o ABSOLUTE
    ../clib/signal.c                         0x00000000   Number         0  defsig_exit.o ABSOLUTE
    ../clib/signal.c                         0x00000000   Number         0  defsig_segv_inner.o ABSOLUTE
    ../clib/signal.c                         0x00000000   Number         0  defsig_rtmem_formal.o ABSOLUTE
    ../clib/signal.c                         0x00000000   Number         0  defsig_stak_inner.o ABSOLUTE
    ../clib/signal.c                         0x00000000   Number         0  defsig_fpe_formal.o ABSOLUTE
    ../clib/signal.c                         0x00000000   Number         0  defsig_fpe_outer.o ABSOLUTE
    ../clib/signal.s                         0x00000000   Number         0  defsig.o ABSOLUTE
    ../clib/stdlib.c                         0x00000000   Number         0  exit.o ABSOLUTE
    ../fplib/cfplib/daddsub.c                0x00000000   Number         0  daddsub.o ABSOLUTE
    ../fplib/cfplib/f2d.c                    0x00000000   Number         0  f2d.o ABSOLUTE
    ../fplib/cfplib/fdiv.c                   0x00000000   Number         0  fdiv.o ABSOLUTE
    ../fplib/cfplib/ffix.c                   0x00000000   Number         0  dfixui.o ABSOLUTE
    ../fplib/cfplib/ffix.c                   0x00000000   Number         0  ffixui.o ABSOLUTE
    ../fplib/cfplib/fflt.c                   0x00000000   Number         0  fflti.o ABSOLUTE
    ../fplib/cfplib/fpinit.c                 0x00000000   Number         0  fpinit.o ABSOLUTE
    ../fplib/faddsub6m.s                     0x00000000   Number         0  faddsub.o ABSOLUTE
    ../fplib/fmul6m.s                        0x00000000   Number         0  fmul.o ABSOLUTE
    ../fplib/usenofp.s                       0x00000000   Number         0  usenofp.o ABSOLUTE
    ..\Libraries\CMSIS\Device\WIZnet\W7500\Source\ARM\startup_W7500x.s 0x00000000   Number         0  startup_w7500x.o ABSOLUTE
    ..\Libraries\CMSIS\Device\WIZnet\W7500\Source\system_W7500x.c 0x00000000   Number         0  system_w7500x.o ABSOLUTE
    ..\Libraries\W7500x_stdPeriph_Driver\src\W7500x_crg.c 0x00000000   Number         0  w7500x_crg.o ABSOLUTE
    ..\Libraries\W7500x_stdPeriph_Driver\src\W7500x_dma.c 0x00000000   Number         0  w7500x_dma.o ABSOLUTE
    ..\Libraries\W7500x_stdPeriph_Driver\src\W7500x_gpio.c 0x00000000   Number         0  w7500x_gpio.o ABSOLUTE
    ..\Libraries\W7500x_stdPeriph_Driver\src\W7500x_uart.c 0x00000000   Number         0  w7500x_uart.o ABSOLUTE
    ..\Libraries\W7500x_stdPeriph_Driver\src\W7500x_wztoe.c 0x00000000   Number         0  w7500x_wztoe.o ABSOLUTE
    ..\W7500x_it.c                           0x00000000   Number         0  w7500x_it.o ABSOLUTE
    ..\\Libraries\\CMSIS\\Device\\WIZnet\\W7500\\Source\\system_W7500x.c 0x00000000   Number         0  system_w7500x.o ABSOLUTE
    ..\\Libraries\\W7500x_stdPeriph_Driver\\src\\W7500x_crg.c 0x00000000   Number         0  w7500x_crg.o ABSOLUTE
    ..\\Libraries\\W7500x_stdPeriph_Driver\\src\\W7500x_dma.c 0x00000000   Number         0  w7500x_dma.o ABSOLUTE
    ..\\Libraries\\W7500x_stdPeriph_Driver\\src\\W7500x_gpio.c 0x00000000   Number         0  w7500x_gpio.o ABSOLUTE
    ..\\Libraries\\W7500x_stdPeriph_Driver\\src\\W7500x_uart.c 0x00000000   Number         0  w7500x_uart.o ABSOLUTE
    ..\\Libraries\\W7500x_stdPeriph_Driver\\src\\W7500x_wztoe.c 0x00000000   Number         0  w7500x_wztoe.o ABSOLUTE
    ..\\W7500x_it.c                          0x00000000   Number         0  w7500x_it.o ABSOLUTE
    ..\\ioLibrary\\Application\\loopback\\loopback.c 0x00000000   Number         0  loopback.o ABSOLUTE
    ..\\ioLibrary\\Application\\my_dac\\my_dac.c 0x00000000   Number         0  my_dac.o ABSOLUTE
    ..\\ioLibrary\\Ethernet\\socket.c        0x00000000   Number         0  socket.o ABSOLUTE
    ..\\ioLibrary\\Ethernet\\wizchip_conf.c  0x00000000   Number         0  wizchip_conf.o ABSOLUTE
    ..\\ioLibrary\\MDIO\\W7500x_miim.c       0x00000000   Number         0  w7500x_miim.o ABSOLUTE
    ..\\main.c                               0x00000000   Number         0  main.o ABSOLUTE
    ..\\retarget.c                           0x00000000   Number         0  retarget.o ABSOLUTE
    ..\ioLibrary\Application\loopback\loopback.c 0x00000000   Number         0  loopback.o ABSOLUTE
    ..\ioLibrary\Application\my_dac\my_dac.c 0x00000000   Number         0  my_dac.o ABSOLUTE
    ..\ioLibrary\Ethernet\socket.c           0x00000000   Number         0  socket.o ABSOLUTE
    ..\ioLibrary\Ethernet\wizchip_conf.c     0x00000000   Number         0  wizchip_conf.o ABSOLUTE
    ..\ioLibrary\MDIO\W7500x_miim.c          0x00000000   Number         0  w7500x_miim.o ABSOLUTE
    ..\main.c                                0x00000000   Number         0  main.o ABSOLUTE
    ..\retarget.c                            0x00000000   Number         0  retarget.o ABSOLUTE
    dc.s                                     0x00000000   Number         0  dc.o ABSOLUTE
    !!!main                                  0x000000a8   Section        8  __main.o(!!!main)
    !!!scatter                               0x000000b0   Section       60  __scatter.o(!!!scatter)
    !!handler_copy                           0x000000ec   Section       26  __scatter_copy.o(!!handler_copy)
    !!handler_zi                             0x00000108   Section       28  __scatter_zi.o(!!handler_zi)
    .ARM.Collect$$libinit$$00000000          0x00000124   Section        2  libinit.o(.ARM.Collect$$libinit$$00000000)
    .ARM.Collect$$libinit$$00000002          0x00000126   Section        0  libinit2.o(.ARM.Collect$$libinit$$00000002)
    .ARM.Collect$$libinit$$00000004          0x00000126   Section        0  libinit2.o(.ARM.Collect$$libinit$$00000004)
    .ARM.Collect$$libinit$$0000000A          0x00000126   Section        0  libinit2.o(.ARM.Collect$$libinit$$0000000A)
    .ARM.Collect$$libinit$$0000000C          0x00000126   Section        0  libinit2.o(.ARM.Collect$$libinit$$0000000C)
    .ARM.Collect$$libinit$$0000000E          0x00000126   Section        0  libinit2.o(.ARM.Collect$$libinit$$0000000E)
    .ARM.Collect$$libinit$$00000011          0x00000126   Section        0  libinit2.o(.ARM.Collect$$libinit$$00000011)
    .ARM.Collect$$libinit$$00000013          0x00000126   Section        0  libinit2.o(.ARM.Collect$$libinit$$00000013)
    .ARM.Collect$$libinit$$00000015          0x00000126   Section        0  libinit2.o(.ARM.Collect$$libinit$$00000015)
    .ARM.Collect$$libinit$$00000017          0x00000126   Section        0  libinit2.o(.ARM.Collect$$libinit$$00000017)
    .ARM.Collect$$libinit$$00000019          0x00000126   Section        0  libinit2.o(.ARM.Collect$$libinit$$00000019)
    .ARM.Collect$$libinit$$0000001B          0x00000126   Section        0  libinit2.o(.ARM.Collect$$libinit$$0000001B)
    .ARM.Collect$$libinit$$0000001D          0x00000126   Section        0  libinit2.o(.ARM.Collect$$libinit$$0000001D)
    .ARM.Collect$$libinit$$0000001F          0x00000126   Section        0  libinit2.o(.ARM.Collect$$libinit$$0000001F)
    .ARM.Collect$$libinit$$00000021          0x00000126   Section        0  libinit2.o(.ARM.Collect$$libinit$$00000021)
    .ARM.Collect$$libinit$$00000023          0x00000126   Section        0  libinit2.o(.ARM.Collect$$libinit$$00000023)
    .ARM.Collect$$libinit$$00000025          0x00000126   Section        0  libinit2.o(.ARM.Collect$$libinit$$00000025)
    .ARM.Collect$$libinit$$0000002C          0x00000126   Section        0  libinit2.o(.ARM.Collect$$libinit$$0000002C)
    .ARM.Collect$$libinit$$0000002E          0x00000126   Section        0  libinit2.o(.ARM.Collect$$libinit$$0000002E)
    .ARM.Collect$$libinit$$00000030          0x00000126   Section        0  libinit2.o(.ARM.Collect$$libinit$$00000030)
    .ARM.Collect$$libinit$$00000032          0x00000126   Section        0  libinit2.o(.ARM.Collect$$libinit$$00000032)
    .ARM.Collect$$libinit$$00000033          0x00000126   Section        2  libinit2.o(.ARM.Collect$$libinit$$00000033)
    .ARM.Collect$$libshutdown$$00000000      0x00000128   Section        2  libshutdown.o(.ARM.Collect$$libshutdown$$00000000)
    .ARM.Collect$$libshutdown$$00000002      0x0000012a   Section        0  libshutdown2.o(.ARM.Collect$$libshutdown$$00000002)
    .ARM.Collect$$libshutdown$$00000004      0x0000012a   Section        0  libshutdown2.o(.ARM.Collect$$libshutdown$$00000004)
    .ARM.Collect$$libshutdown$$00000007      0x0000012a   Section        0  libshutdown2.o(.ARM.Collect$$libshutdown$$00000007)
    .ARM.Collect$$libshutdown$$0000000A      0x0000012a   Section        0  libshutdown2.o(.ARM.Collect$$libshutdown$$0000000A)
    .ARM.Collect$$libshutdown$$0000000C      0x0000012a   Section        0  libshutdown2.o(.ARM.Collect$$libshutdown$$0000000C)
    .ARM.Collect$$libshutdown$$0000000F      0x0000012a   Section        0  libshutdown2.o(.ARM.Collect$$libshutdown$$0000000F)
    .ARM.Collect$$libshutdown$$00000010      0x0000012a   Section        2  libshutdown2.o(.ARM.Collect$$libshutdown$$00000010)
    .ARM.Collect$$rtentry$$00000000          0x0000012c   Section        0  __rtentry.o(.ARM.Collect$$rtentry$$00000000)
    .ARM.Collect$$rtentry$$00000002          0x0000012c   Section        0  __rtentry2.o(.ARM.Collect$$rtentry$$00000002)
    .ARM.Collect$$rtentry$$00000004          0x0000012c   Section        6  __rtentry4.o(.ARM.Collect$$rtentry$$00000004)
    .ARM.Collect$$rtentry$$00000009          0x00000132   Section        0  __rtentry2.o(.ARM.Collect$$rtentry$$00000009)
    .ARM.Collect$$rtentry$$0000000A          0x00000132   Section        4  __rtentry2.o(.ARM.Collect$$rtentry$$0000000A)
    .ARM.Collect$$rtentry$$0000000C          0x00000136   Section        0  __rtentry2.o(.ARM.Collect$$rtentry$$0000000C)
    .ARM.Collect$$rtentry$$0000000D          0x00000136   Section        8  __rtentry2.o(.ARM.Collect$$rtentry$$0000000D)
    .ARM.Collect$$rtexit$$00000000           0x0000013e   Section        2  rtexit.o(.ARM.Collect$$rtexit$$00000000)
    .ARM.Collect$$rtexit$$00000002           0x00000140   Section        0  rtexit2.o(.ARM.Collect$$rtexit$$00000002)
    .ARM.Collect$$rtexit$$00000003           0x00000140   Section        4  rtexit2.o(.ARM.Collect$$rtexit$$00000003)
    .ARM.Collect$$rtexit$$00000004           0x00000144   Section        6  rtexit2.o(.ARM.Collect$$rtexit$$00000004)
    .text                                    0x0000014c   Section       56  startup_w7500x.o(.text)
    .text                                    0x00000184   Section        2  use_no_semi.o(.text)
    .text                                    0x00000188   Section        0  noretval__2printf.o(.text)
    .text                                    0x000001a4   Section      346  aeabi_sdiv.o(.text)
    .text                                    0x000002fe   Section        0  heapauxi.o(.text)
    .text                                    0x00000304   Section        0  daddsub.o(.text)
    _dadd1                                   0x00000305   Thumb Code   290  daddsub.o(.text)
    _dsub1                                   0x00000427   Thumb Code   470  daddsub.o(.text)
    .text                                    0x0000065c   Section        0  dfixui.o(.text)
    .text                                    0x000006a4   Section        0  f2d.o(.text)
    .text                                    0x000006f8   Section        0  fdiv.o(.text)
    .text                                    0x00000858   Section        0  ffixui.o(.text)
    .text                                    0x00000888   Section        0  fflti.o(.text)
    .text                                    0x000008e8   Section        0  _printf_char_file.o(.text)
    .text                                    0x00000910   Section        0  _printf_char_common.o(.text)
    _printf_input_char                       0x00000911   Thumb Code    10  _printf_char_common.o(.text)
    .text                                    0x00000940   Section       62  sys_stackheap_outer.o(.text)
    .text                                    0x0000097e   Section        0  __printf_nopercent.o(.text)
    .text                                    0x000009a2   Section        0  exit.o(.text)
    .text                                    0x000009b4   Section        8  libspace.o(.text)
    i.ADC_Handler                            0x000009bc   Section        0  w7500x_it.o(i.ADC_Handler)
    i.CRG_PLL_InputFrequencySelect           0x000009c0   Section        0  w7500x_crg.o(i.CRG_PLL_InputFrequencySelect)
    i.DMA_Handler                            0x000009d8   Section        0  w7500x_it.o(i.DMA_Handler)
    i.DUALTIMER0_Handler                     0x000009da   Section        0  w7500x_it.o(i.DUALTIMER0_Handler)
    i.DUALTIMER1_Handler                     0x000009dc   Section        0  w7500x_it.o(i.DUALTIMER1_Handler)
    i.Detect_Gateway                         0x000009e0   Section        0  loopback.o(i.Detect_Gateway)
    i.EXTI_Handler                           0x00000aa4   Section        0  w7500x_it.o(i.EXTI_Handler)
    i.GPIO_Init                              0x00000aa8   Section        0  w7500x_gpio.o(i.GPIO_Init)
    i.GPIO_ReadInputDataBit                  0x00000bac   Section        0  w7500x_gpio.o(i.GPIO_ReadInputDataBit)
    i.GPIO_ResetBits                         0x00000bc0   Section        0  w7500x_gpio.o(i.GPIO_ResetBits)
    i.GPIO_SetBits                           0x00000be0   Section        0  w7500x_gpio.o(i.GPIO_SetBits)
    i.GetSystemClock                         0x00000bfc   Section        0  system_w7500x.o(i.GetSystemClock)
    i.HardFault_Handler                      0x00000c08   Section        0  w7500x_it.o(i.HardFault_Handler)
    i.I2C0_Handler                           0x00000c0a   Section        0  w7500x_it.o(i.I2C0_Handler)
    i.I2C1_Handler                           0x00000c0c   Section        0  w7500x_it.o(i.I2C1_Handler)
    i.Input_init                             0x00000c0e   Section        0  main.o(i.Input_init)
    i.LED_Configuration                      0x00000c52   Section        0  main.o(i.LED_Configuration)
    i.NMI_Handler                            0x00000c96   Section        0  w7500x_it.o(i.NMI_Handler)
    i.NVIC_SetPriority                       0x00000c98   Section        0  main.o(i.NVIC_SetPriority)
    NVIC_SetPriority                         0x00000c99   Thumb Code   110  main.o(i.NVIC_SetPriority)
    i.Network_Properties                     0x00000d10   Section        0  main.o(i.Network_Properties)
    i.PAD_AFConfig                           0x00000e40   Section        0  w7500x_gpio.o(i.PAD_AFConfig)
    i.PLL_out_set                            0x00000edc   Section        0  main.o(i.PLL_out_set)
    i.PORT0_Handler                          0x00000f04   Section        0  w7500x_it.o(i.PORT0_Handler)
    i.PORT1_Handler                          0x00000f06   Section        0  w7500x_it.o(i.PORT1_Handler)
    i.PORT2_Handler                          0x00000f08   Section        0  w7500x_it.o(i.PORT2_Handler)
    i.PORT3_Handler                          0x00000f0a   Section        0  w7500x_it.o(i.PORT3_Handler)
    i.PWM0_Handler                           0x00000f0c   Section        0  w7500x_it.o(i.PWM0_Handler)
    i.PWM1_Handler                           0x00000f0e   Section        0  w7500x_it.o(i.PWM1_Handler)
    i.PWM2_Handler                           0x00000f10   Section        0  w7500x_it.o(i.PWM2_Handler)
    i.PWM3_Handler                           0x00000f12   Section        0  w7500x_it.o(i.PWM3_Handler)
    i.PWM4_Handler                           0x00000f14   Section        0  w7500x_it.o(i.PWM4_Handler)
    i.PWM5_Handler                           0x00000f16   Section        0  w7500x_it.o(i.PWM5_Handler)
    i.PWM6_Handler                           0x00000f18   Section        0  w7500x_it.o(i.PWM6_Handler)
    i.PWM7_Handler                           0x00000f1a   Section        0  w7500x_it.o(i.PWM7_Handler)
    i.PendSV_Handler                         0x00000f1c   Section        0  w7500x_it.o(i.PendSV_Handler)
    i.Read_IR                                0x00000f20   Section        0  loopback.o(i.Read_IR)
    i.SSP0_Handler                           0x00000fa0   Section        0  w7500x_it.o(i.SSP0_Handler)
    i.SSP1_Handler                           0x00000fa2   Section        0  w7500x_it.o(i.SSP1_Handler)
    i.SVC_Handler                            0x00000fa4   Section        0  w7500x_it.o(i.SVC_Handler)
    i.S_UART_Init                            0x00000fa8   Section        0  w7500x_uart.o(i.S_UART_Init)
    i.S_UART_SendData                        0x00000fcc   Section        0  w7500x_uart.o(i.S_UART_SendData)
    i.S_UART_SetBaud                         0x00000fe4   Section        0  w7500x_uart.o(i.S_UART_SetBaud)
    i.S_UartPutc                             0x00001028   Section        0  w7500x_uart.o(i.S_UartPutc)
    i.SysTick_Handler                        0x00001036   Section        0  w7500x_it.o(i.SysTick_Handler)
    i.SystemInit                             0x00001040   Section        0  system_w7500x.o(i.SystemInit)
    i.System_Initialization                  0x000010b4   Section        0  main.o(i.System_Initialization)
    i.TimingDelay_Decrement                  0x0000111c   Section        0  main.o(i.TimingDelay_Decrement)
    i.UART0_Handler                          0x00001134   Section        0  w7500x_it.o(i.UART0_Handler)
    i.UART0_init                             0x00001208   Section        0  main.o(i.UART0_init)
    i.UART1_Handler                          0x00001250   Section        0  w7500x_it.o(i.UART1_Handler)
    i.UART2_Handler                          0x00001252   Section        0  w7500x_it.o(i.UART2_Handler)
    i.UART_ClearITPendingBit                 0x00001254   Section        0  w7500x_uart.o(i.UART_ClearITPendingBit)
    i.UART_ClearRecvStatus                   0x0000125c   Section        0  w7500x_uart.o(i.UART_ClearRecvStatus)
    i.UART_GetITStatus                       0x00001260   Section        0  w7500x_uart.o(i.UART_GetITStatus)
    i.UART_GetRecvStatus                     0x00001274   Section        0  w7500x_uart.o(i.UART_GetRecvStatus)
    i.UART_ITConfig                          0x00001288   Section        0  w7500x_uart.o(i.UART_ITConfig)
    i.UART_Init                              0x0000129c   Section        0  w7500x_uart.o(i.UART_Init)
    i.UART_SendData                          0x000013a0   Section        0  w7500x_uart.o(i.UART_SendData)
    i.UART_StructInit                        0x000013a4   Section        0  w7500x_uart.o(i.UART_StructInit)
    i.UartGetc                               0x000013bc   Section        0  w7500x_uart.o(i.UartGetc)
    i.UartPutc                               0x000013d0   Section        0  w7500x_uart.o(i.UartPutc)
    i.UartPuts                               0x000013ee   Section        0  w7500x_uart.o(i.UartPuts)
    i.WIZCHIP_READ                           0x0000140c   Section        0  w7500x_wztoe.o(i.WIZCHIP_READ)
    i.WIZCHIP_READ_BUF                       0x00001412   Section        0  w7500x_wztoe.o(i.WIZCHIP_READ_BUF)
    i.WIZCHIP_WRITE                          0x0000142e   Section        0  w7500x_wztoe.o(i.WIZCHIP_WRITE)
    i.WIZCHIP_WRITE_BUF                      0x00001432   Section        0  w7500x_wztoe.o(i.WIZCHIP_WRITE_BUF)
    i.WZTOE_Handler                          0x0000144e   Section        0  w7500x_it.o(i.WZTOE_Handler)
    i._sys_exit                              0x00001450   Section        0  retarget.o(i._sys_exit)
    i.close                                  0x00001454   Section        0  socket.o(i.close)
    i.delay                                  0x000014b4   Section        0  main.o(i.delay)
    i.disconnect                             0x000014cc   Section        0  socket.o(i.disconnect)
    i.dma_data_struct_init                   0x00001540   Section        0  w7500x_dma.o(i.dma_data_struct_init)
    i.dma_init                               0x000015d8   Section        0  w7500x_dma.o(i.dma_init)
    i.dma_uart0                              0x0000162c   Section        0  w7500x_dma.o(i.dma_uart0)
    i.ferror                                 0x00001698   Section        0  retarget.o(i.ferror)
    i.fputc                                  0x000016a0   Section        0  retarget.o(i.fputc)
    i.idle_MDIO                              0x000016ae   Section        0  w7500x_miim.o(i.idle_MDIO)
    i.input_MDIO                             0x000016d8   Section        0  w7500x_miim.o(i.input_MDIO)
    i.link                                   0x0000171a   Section        0  w7500x_miim.o(i.link)
    i.loopback_udps                          0x00001730   Section        0  loopback.o(i.loopback_udps)
    i.main                                   0x000017f4   Section        0  main.o(i.main)
    i.mdio_init                              0x00001888   Section        0  w7500x_miim.o(i.mdio_init)
    i.mdio_read                              0x000018c4   Section        0  w7500x_miim.o(i.mdio_read)
    i.output_MDIO                            0x00001914   Section        0  w7500x_miim.o(i.output_MDIO)
    i.phy_id                                 0x00001970   Section        0  w7500x_miim.o(i.phy_id)
    i.recv_udp                               0x00001a04   Section        0  socket.o(i.recv_udp)
    i.send_udp                               0x00001ad0   Section        0  socket.o(i.send_udp)
    i.socket                                 0x00001bac   Section        0  socket.o(i.socket)
    i.turnaround_MDIO                        0x00001c6c   Section        0  w7500x_miim.o(i.turnaround_MDIO)
    i.wiz_recv_data                          0x00001ca0   Section        0  w7500x_wztoe.o(i.wiz_recv_data)
    i.wiz_send_data                          0x00001cf8   Section        0  w7500x_wztoe.o(i.wiz_send_data)
    x$fpl$fadd                               0x00001d50   Section      140  faddsub.o(x$fpl$fadd)
    _fadd1                                   0x00001d5d   Thumb Code     0  faddsub.o(x$fpl$fadd)
    x$fpl$fmul                               0x00001ddc   Section      176  fmul.o(x$fpl$fmul)
    x$fpl$frsb                               0x00001e8c   Section       24  faddsub.o(x$fpl$frsb)
    x$fpl$fsub                               0x00001ea4   Section      208  faddsub.o(x$fpl$fsub)
    _fsub1                                   0x00001eb1   Thumb Code     0  faddsub.o(x$fpl$fsub)
    .constdata                               0x00001f74   Section       64  fdiv.o(.constdata)
    x$fpl$usenofp                            0x00001f74   Section        0  usenofp.o(x$fpl$usenofp)
    fdiv_tab                                 0x00001f74   Data          64  fdiv.o(.constdata)
    .data                                    0x20000000   Section        4  w7500x_dma.o(.data)
    .data                                    0x20000004   Section        8  system_w7500x.o(.data)
    .data                                    0x2000000c   Section       48  main.o(.data)
    TimingDelay                              0x2000000c   Data           4  main.o(.data)
    input2_flag                              0x2000003b   Data           1  main.o(.data)
    .data                                    0x2000003c   Section        8  retarget.o(.data)
    .data                                    0x20000044   Section        8  w7500x_miim.o(.data)
    .data                                    0x2000004c   Section       16  loopback.o(.data)
    .bss                                     0x2000005c   Section     6208  main.o(.bss)
    .bss                                     0x2000189c   Section       96  libspace.o(.bss)
    HEAP                                     0x20001900   Section     1024  startup_w7500x.o(HEAP)
    Heap_Mem                                 0x20001900   Data        1024  startup_w7500x.o(HEAP)
    STACK                                    0x20001d00   Section     1024  startup_w7500x.o(STACK)
    Stack_Mem                                0x20001d00   Data        1024  startup_w7500x.o(STACK)
    __initial_sp                             0x20002100   Data           0  startup_w7500x.o(STACK)

    Global Symbols

    Symbol Name                              Value     Ov Type        Size  Object(Section)

    BuildAttributes$$THM_ISAv3M$S$PE$A:L22$X:L11$S22$IEEE1$IW$USESV6$~STKCKD$USESV7$~SHL$OSPACE$ROPI$EBA8$UX$STANDARDLIB$REQ8$PRES8$EABIv2 0x00000000   Number         0  anon$$obj.o ABSOLUTE
    __ARM_use_no_argv                        0x00000000   Number         0  main.o ABSOLUTE
    __Vectors                                0x00000000   Data           4  startup_w7500x.o(RESET)
    __ARM_exceptions_init                     - Undefined Weak Reference
    __alloca_initialize                       - Undefined Weak Reference
    __arm_preinit_                            - Undefined Weak Reference
    __cpp_initialize__aeabi_                  - Undefined Weak Reference
    __cxa_finalize                            - Undefined Weak Reference
    __rt_locale                               - Undefined Weak Reference
    __sigvec_lookup                           - Undefined Weak Reference
    _atexit_init                              - Undefined Weak Reference
    _call_atexit_fns                          - Undefined Weak Reference
    _clock_init                               - Undefined Weak Reference
    _fp_trap_init                             - Undefined Weak Reference
    _fp_trap_shutdown                         - Undefined Weak Reference
    _get_lc_collate                           - Undefined Weak Reference
    _get_lc_ctype                             - Undefined Weak Reference
    _get_lc_monetary                          - Undefined Weak Reference
    _get_lc_numeric                           - Undefined Weak Reference
    _get_lc_time                              - Undefined Weak Reference
    _getenv_init                              - Undefined Weak Reference
    _handle_redirection                       - Undefined Weak Reference
    _init_alloc                               - Undefined Weak Reference
    _init_user_alloc                          - Undefined Weak Reference
    _initio                                   - Undefined Weak Reference
    _rand_init                                - Undefined Weak Reference
    _signal_finish                            - Undefined Weak Reference
    _signal_init                              - Undefined Weak Reference
    _terminate_alloc                          - Undefined Weak Reference
    _terminate_user_alloc                     - Undefined Weak Reference
    _terminateio                              - Undefined Weak Reference
    __Vectors_End                            0x000000a8   Data           0  startup_w7500x.o(RESET)
    __Vectors_Size                           0x000000a8   Number         0  startup_w7500x.o ABSOLUTE
    __main                                   0x000000a9   Thumb Code     8  __main.o(!!!main)
    __scatterload                            0x000000b1   Thumb Code     0  __scatter.o(!!!scatter)
    __scatterload_rt2                        0x000000b1   Thumb Code    52  __scatter.o(!!!scatter)
    __scatterload_rt2_thumb_only             0x000000b1   Thumb Code     0  __scatter.o(!!!scatter)
    __scatterload_null                       0x000000c1   Thumb Code     0  __scatter.o(!!!scatter)
    __scatterload_copy                       0x000000ed   Thumb Code    26  __scatter_copy.o(!!handler_copy)
    __scatterload_zeroinit                   0x00000109   Thumb Code    28  __scatter_zi.o(!!handler_zi)
    __rt_lib_init                            0x00000125   Thumb Code     0  libinit.o(.ARM.Collect$$libinit$$00000000)
    __rt_lib_init_alloca_1                   0x00000127   Thumb Code     0  libinit2.o(.ARM.Collect$$libinit$$0000002E)
    __rt_lib_init_argv_1                     0x00000127   Thumb Code     0  libinit2.o(.ARM.Collect$$libinit$$0000002C)
    __rt_lib_init_atexit_1                   0x00000127   Thumb Code     0  libinit2.o(.ARM.Collect$$libinit$$0000001B)
    __rt_lib_init_clock_1                    0x00000127   Thumb Code     0  libinit2.o(.ARM.Collect$$libinit$$00000021)
    __rt_lib_init_cpp_1                      0x00000127   Thumb Code     0  libinit2.o(.ARM.Collect$$libinit$$00000032)
    __rt_lib_init_exceptions_1               0x00000127   Thumb Code     0  libinit2.o(.ARM.Collect$$libinit$$00000030)
    __rt_lib_init_fp_1                       0x00000127   Thumb Code     0  libinit2.o(.ARM.Collect$$libinit$$00000002)
    __rt_lib_init_fp_trap_1                  0x00000127   Thumb Code     0  libinit2.o(.ARM.Collect$$libinit$$0000001F)
    __rt_lib_init_getenv_1                   0x00000127   Thumb Code     0  libinit2.o(.ARM.Collect$$libinit$$00000023)
    __rt_lib_init_heap_1                     0x00000127   Thumb Code     0  libinit2.o(.ARM.Collect$$libinit$$0000000A)
    __rt_lib_init_lc_collate_1               0x00000127   Thumb Code     0  libinit2.o(.ARM.Collect$$libinit$$00000011)
    __rt_lib_init_lc_ctype_1                 0x00000127   Thumb Code     0  libinit2.o(.ARM.Collect$$libinit$$00000013)
    __rt_lib_init_lc_monetary_1              0x00000127   Thumb Code     0  libinit2.o(.ARM.Collect$$libinit$$00000015)
    __rt_lib_init_lc_numeric_1               0x00000127   Thumb Code     0  libinit2.o(.ARM.Collect$$libinit$$00000017)
    __rt_lib_init_lc_time_1                  0x00000127   Thumb Code     0  libinit2.o(.ARM.Collect$$libinit$$00000019)
    __rt_lib_init_preinit_1                  0x00000127   Thumb Code     0  libinit2.o(.ARM.Collect$$libinit$$00000004)
    __rt_lib_init_rand_1                     0x00000127   Thumb Code     0  libinit2.o(.ARM.Collect$$libinit$$0000000E)
    __rt_lib_init_return                     0x00000127   Thumb Code     0  libinit2.o(.ARM.Collect$$libinit$$00000033)
    __rt_lib_init_signal_1                   0x00000127   Thumb Code     0  libinit2.o(.ARM.Collect$$libinit$$0000001D)
    __rt_lib_init_stdio_1                    0x00000127   Thumb Code     0  libinit2.o(.ARM.Collect$$libinit$$00000025)
    __rt_lib_init_user_alloc_1               0x00000127   Thumb Code     0  libinit2.o(.ARM.Collect$$libinit$$0000000C)
    __rt_lib_shutdown                        0x00000129   Thumb Code     0  libshutdown.o(.ARM.Collect$$libshutdown$$00000000)
    __rt_lib_shutdown_cpp_1                  0x0000012b   Thumb Code     0  libshutdown2.o(.ARM.Collect$$libshutdown$$00000002)
    __rt_lib_shutdown_fp_trap_1              0x0000012b   Thumb Code     0  libshutdown2.o(.ARM.Collect$$libshutdown$$00000007)
    __rt_lib_shutdown_heap_1                 0x0000012b   Thumb Code     0  libshutdown2.o(.ARM.Collect$$libshutdown$$0000000F)
    __rt_lib_shutdown_return                 0x0000012b   Thumb Code     0  libshutdown2.o(.ARM.Collect$$libshutdown$$00000010)
    __rt_lib_shutdown_signal_1               0x0000012b   Thumb Code     0  libshutdown2.o(.ARM.Collect$$libshutdown$$0000000A)
    __rt_lib_shutdown_stdio_1                0x0000012b   Thumb Code     0  libshutdown2.o(.ARM.Collect$$libshutdown$$00000004)
    __rt_lib_shutdown_user_alloc_1           0x0000012b   Thumb Code     0  libshutdown2.o(.ARM.Collect$$libshutdown$$0000000C)
    __rt_entry                               0x0000012d   Thumb Code     0  __rtentry.o(.ARM.Collect$$rtentry$$00000000)
    __rt_entry_presh_1                       0x0000012d   Thumb Code     0  __rtentry2.o(.ARM.Collect$$rtentry$$00000002)
    __rt_entry_sh                            0x0000012d   Thumb Code     0  __rtentry4.o(.ARM.Collect$$rtentry$$00000004)
    __rt_entry_li                            0x00000133   Thumb Code     0  __rtentry2.o(.ARM.Collect$$rtentry$$0000000A)
    __rt_entry_postsh_1                      0x00000133   Thumb Code     0  __rtentry2.o(.ARM.Collect$$rtentry$$00000009)
    __rt_entry_main                          0x00000137   Thumb Code     0  __rtentry2.o(.ARM.Collect$$rtentry$$0000000D)
    __rt_entry_postli_1                      0x00000137   Thumb Code     0  __rtentry2.o(.ARM.Collect$$rtentry$$0000000C)
    __rt_exit                                0x0000013f   Thumb Code     0  rtexit.o(.ARM.Collect$$rtexit$$00000000)
    __rt_exit_ls                             0x00000141   Thumb Code     0  rtexit2.o(.ARM.Collect$$rtexit$$00000003)
    __rt_exit_prels_1                        0x00000141   Thumb Code     0  rtexit2.o(.ARM.Collect$$rtexit$$00000002)
    __rt_exit_exit                           0x00000145   Thumb Code     0  rtexit2.o(.ARM.Collect$$rtexit$$00000004)
    Reset_Handler                            0x0000014d   Thumb Code     8  startup_w7500x.o(.text)
    RTC_Handler                              0x0000015f   Thumb Code     0  startup_w7500x.o(.text)
    __user_initial_stackheap                 0x00000161   Thumb Code    10  startup_w7500x.o(.text)
    __I$use$semihosting                      0x00000185   Thumb Code     0  use_no_semi.o(.text)
    __use_no_semihosting_swi                 0x00000185   Thumb Code     2  use_no_semi.o(.text)
    __2printf                                0x00000189   Thumb Code    22  noretval__2printf.o(.text)
    __aeabi_uidiv                            0x000001a5   Thumb Code     0  aeabi_sdiv.o(.text)
    __aeabi_uidivmod                         0x000001a5   Thumb Code    20  aeabi_sdiv.o(.text)
    __aeabi_idiv                             0x000001b9   Thumb Code     0  aeabi_sdiv.o(.text)
    __aeabi_idivmod                          0x000001b9   Thumb Code   326  aeabi_sdiv.o(.text)
    __use_two_region_memory                  0x000002ff   Thumb Code     2  heapauxi.o(.text)
    __rt_heap_escrow$2region                 0x00000301   Thumb Code     2  heapauxi.o(.text)
    __rt_heap_expand$2region                 0x00000303   Thumb Code     2  heapauxi.o(.text)
    __aeabi_dadd                             0x000005fd   Thumb Code     0  daddsub.o(.text)
    _dadd                                    0x000005fd   Thumb Code    26  daddsub.o(.text)
    __aeabi_dsub                             0x00000617   Thumb Code     0  daddsub.o(.text)
    _dsub                                    0x00000617   Thumb Code    22  daddsub.o(.text)
    __aeabi_drsub                            0x0000062d   Thumb Code     0  daddsub.o(.text)
    _drsb                                    0x0000062d   Thumb Code    28  daddsub.o(.text)
    __aeabi_d2uiz                            0x0000065d   Thumb Code     0  dfixui.o(.text)
    _dfixu                                   0x0000065d   Thumb Code    68  dfixui.o(.text)
    __aeabi_f2d                              0x000006a5   Thumb Code     0  f2d.o(.text)
    _f2d                                     0x000006a5   Thumb Code    80  f2d.o(.text)
    __aeabi_fdiv                             0x000006f9   Thumb Code     0  fdiv.o(.text)
    _fdiv                                    0x000006f9   Thumb Code   334  fdiv.o(.text)
    _frdiv                                   0x00000847   Thumb Code     8  fdiv.o(.text)
    __aeabi_f2uiz                            0x00000859   Thumb Code     0  ffixui.o(.text)
    _ffixu                                   0x00000859   Thumb Code    48  ffixui.o(.text)
    __aeabi_i2f_normalise                    0x00000889   Thumb Code    72  fflti.o(.text)
    __aeabi_i2f                              0x000008d1   Thumb Code    16  fflti.o(.text)
    _fflt                                    0x000008d1   Thumb Code     0  fflti.o(.text)
    __aeabi_ui2f                             0x000008e1   Thumb Code     6  fflti.o(.text)
    _ffltu                                   0x000008e1   Thumb Code     0  fflti.o(.text)
    _printf_char_file                        0x000008e9   Thumb Code    34  _printf_char_file.o(.text)
    _printf_char_common                      0x0000091b   Thumb Code    32  _printf_char_common.o(.text)
    __user_setup_stackheap                   0x00000941   Thumb Code    62  sys_stackheap_outer.o(.text)
    __printf                                 0x0000097f   Thumb Code    36  __printf_nopercent.o(.text)
    exit                                     0x000009a3   Thumb Code    16  exit.o(.text)
    __user_libspace                          0x000009b5   Thumb Code     8  libspace.o(.text)
    __user_perproc_libspace                  0x000009b5   Thumb Code     0  libspace.o(.text)
    __user_perthread_libspace                0x000009b5   Thumb Code     0  libspace.o(.text)
    ADC_Handler                              0x000009bd   Thumb Code     2  w7500x_it.o(i.ADC_Handler)
    CRG_PLL_InputFrequencySelect             0x000009c1   Thumb Code    20  w7500x_crg.o(i.CRG_PLL_InputFrequencySelect)
    DMA_Handler                              0x000009d9   Thumb Code     2  w7500x_it.o(i.DMA_Handler)
    DUALTIMER0_Handler                       0x000009db   Thumb Code     2  w7500x_it.o(i.DUALTIMER0_Handler)
    DUALTIMER1_Handler                       0x000009dd   Thumb Code     2  w7500x_it.o(i.DUALTIMER1_Handler)
    Detect_Gateway                           0x000009e1   Thumb Code   182  loopback.o(i.Detect_Gateway)
    EXTI_Handler                             0x00000aa5   Thumb Code     2  w7500x_it.o(i.EXTI_Handler)
    GPIO_Init                                0x00000aa9   Thumb Code   254  w7500x_gpio.o(i.GPIO_Init)
    GPIO_ReadInputDataBit                    0x00000bad   Thumb Code    20  w7500x_gpio.o(i.GPIO_ReadInputDataBit)
    GPIO_ResetBits                           0x00000bc1   Thumb Code    32  w7500x_gpio.o(i.GPIO_ResetBits)
    GPIO_SetBits                             0x00000be1   Thumb Code    26  w7500x_gpio.o(i.GPIO_SetBits)
    GetSystemClock                           0x00000bfd   Thumb Code     6  system_w7500x.o(i.GetSystemClock)
    HardFault_Handler                        0x00000c09   Thumb Code     2  w7500x_it.o(i.HardFault_Handler)
    I2C0_Handler                             0x00000c0b   Thumb Code     2  w7500x_it.o(i.I2C0_Handler)
    I2C1_Handler                             0x00000c0d   Thumb Code     2  w7500x_it.o(i.I2C1_Handler)
    Input_init                               0x00000c0f   Thumb Code    68  main.o(i.Input_init)
    LED_Configuration                        0x00000c53   Thumb Code    68  main.o(i.LED_Configuration)
    NMI_Handler                              0x00000c97   Thumb Code     2  w7500x_it.o(i.NMI_Handler)
    Network_Properties                       0x00000d11   Thumb Code   280  main.o(i.Network_Properties)
    PAD_AFConfig                             0x00000e41   Thumb Code   152  w7500x_gpio.o(i.PAD_AFConfig)
    PLL_out_set                              0x00000edd   Thumb Code    36  main.o(i.PLL_out_set)
    PORT0_Handler                            0x00000f05   Thumb Code     2  w7500x_it.o(i.PORT0_Handler)
    PORT1_Handler                            0x00000f07   Thumb Code     2  w7500x_it.o(i.PORT1_Handler)
    PORT2_Handler                            0x00000f09   Thumb Code     2  w7500x_it.o(i.PORT2_Handler)
    PORT3_Handler                            0x00000f0b   Thumb Code     2  w7500x_it.o(i.PORT3_Handler)
    PWM0_Handler                             0x00000f0d   Thumb Code     2  w7500x_it.o(i.PWM0_Handler)
    PWM1_Handler                             0x00000f0f   Thumb Code     2  w7500x_it.o(i.PWM1_Handler)
    PWM2_Handler                             0x00000f11   Thumb Code     2  w7500x_it.o(i.PWM2_Handler)
    PWM3_Handler                             0x00000f13   Thumb Code     2  w7500x_it.o(i.PWM3_Handler)
    PWM4_Handler                             0x00000f15   Thumb Code     2  w7500x_it.o(i.PWM4_Handler)
    PWM5_Handler                             0x00000f17   Thumb Code     2  w7500x_it.o(i.PWM5_Handler)
    PWM6_Handler                             0x00000f19   Thumb Code     2  w7500x_it.o(i.PWM6_Handler)
    PWM7_Handler                             0x00000f1b   Thumb Code     2  w7500x_it.o(i.PWM7_Handler)
    PendSV_Handler                           0x00000f1d   Thumb Code     2  w7500x_it.o(i.PendSV_Handler)
    Read_IR                                  0x00000f21   Thumb Code   114  loopback.o(i.Read_IR)
    SSP0_Handler                             0x00000fa1   Thumb Code     2  w7500x_it.o(i.SSP0_Handler)
    SSP1_Handler                             0x00000fa3   Thumb Code     2  w7500x_it.o(i.SSP1_Handler)
    SVC_Handler                              0x00000fa5   Thumb Code     2  w7500x_it.o(i.SVC_Handler)
    S_UART_Init                              0x00000fa9   Thumb Code    32  w7500x_uart.o(i.S_UART_Init)
    S_UART_SendData                          0x00000fcd   Thumb Code    20  w7500x_uart.o(i.S_UART_SendData)
    S_UART_SetBaud                           0x00000fe5   Thumb Code    54  w7500x_uart.o(i.S_UART_SetBaud)
    S_UartPutc                               0x00001029   Thumb Code    14  w7500x_uart.o(i.S_UartPutc)
    SysTick_Handler                          0x00001037   Thumb Code     8  w7500x_it.o(i.SysTick_Handler)
    SystemInit                               0x00001041   Thumb Code    94  system_w7500x.o(i.SystemInit)
    System_Initialization                    0x000010b5   Thumb Code    96  main.o(i.System_Initialization)
    TimingDelay_Decrement                    0x0000111d   Thumb Code    20  main.o(i.TimingDelay_Decrement)
    UART0_Handler                            0x00001135   Thumb Code   208  w7500x_it.o(i.UART0_Handler)
    UART0_init                               0x00001209   Thumb Code    56  main.o(i.UART0_init)
    UART1_Handler                            0x00001251   Thumb Code     2  w7500x_it.o(i.UART1_Handler)
    UART2_Handler                            0x00001253   Thumb Code     2  w7500x_it.o(i.UART2_Handler)
    UART_ClearITPendingBit                   0x00001255   Thumb Code     8  w7500x_uart.o(i.UART_ClearITPendingBit)
    UART_ClearRecvStatus                     0x0000125d   Thumb Code     4  w7500x_uart.o(i.UART_ClearRecvStatus)
    UART_GetITStatus                         0x00001261   Thumb Code    20  w7500x_uart.o(i.UART_GetITStatus)
    UART_GetRecvStatus                       0x00001275   Thumb Code    20  w7500x_uart.o(i.UART_GetRecvStatus)
    UART_ITConfig                            0x00001289   Thumb Code    20  w7500x_uart.o(i.UART_ITConfig)
    UART_Init                                0x0000129d   Thumb Code   240  w7500x_uart.o(i.UART_Init)
    UART_SendData                            0x000013a1   Thumb Code     4  w7500x_uart.o(i.UART_SendData)
    UART_StructInit                          0x000013a5   Thumb Code    24  w7500x_uart.o(i.UART_StructInit)
    UartGetc                                 0x000013bd   Thumb Code    20  w7500x_uart.o(i.UartGetc)
    UartPutc                                 0x000013d1   Thumb Code    30  w7500x_uart.o(i.UartPutc)
    UartPuts                                 0x000013ef   Thumb Code    30  w7500x_uart.o(i.UartPuts)
    WIZCHIP_READ                             0x0000140d   Thumb Code     6  w7500x_wztoe.o(i.WIZCHIP_READ)
    WIZCHIP_READ_BUF                         0x00001413   Thumb Code    28  w7500x_wztoe.o(i.WIZCHIP_READ_BUF)
    WIZCHIP_WRITE                            0x0000142f   Thumb Code     4  w7500x_wztoe.o(i.WIZCHIP_WRITE)
    WIZCHIP_WRITE_BUF                        0x00001433   Thumb Code    28  w7500x_wztoe.o(i.WIZCHIP_WRITE_BUF)
    WZTOE_Handler                            0x0000144f   Thumb Code     2  w7500x_it.o(i.WZTOE_Handler)
    _sys_exit                                0x00001451   Thumb Code     4  retarget.o(i._sys_exit)
    close                                    0x00001455   Thumb Code    92  socket.o(i.close)
    delay                                    0x000014b5   Thumb Code    20  main.o(i.delay)
    disconnect                               0x000014cd   Thumb Code   110  socket.o(i.disconnect)
    dma_data_struct_init                     0x00001541   Thumb Code   142  w7500x_dma.o(i.dma_data_struct_init)
    dma_init                                 0x000015d9   Thumb Code    74  w7500x_dma.o(i.dma_init)
    dma_uart0                                0x0000162d   Thumb Code    98  w7500x_dma.o(i.dma_uart0)
    ferror                                   0x00001699   Thumb Code     8  retarget.o(i.ferror)
    fputc                                    0x000016a1   Thumb Code    14  retarget.o(i.fputc)
    idle_MDIO                                0x000016af   Thumb Code    42  w7500x_miim.o(i.idle_MDIO)
    input_MDIO                               0x000016d9   Thumb Code    66  w7500x_miim.o(i.input_MDIO)
    link                                     0x0000171b   Thumb Code    22  w7500x_miim.o(i.link)
    loopback_udps                            0x00001731   Thumb Code   180  loopback.o(i.loopback_udps)
    main                                     0x000017f5   Thumb Code   128  main.o(i.main)
    mdio_init                                0x00001889   Thumb Code    56  w7500x_miim.o(i.mdio_init)
    mdio_read                                0x000018c5   Thumb Code    74  w7500x_miim.o(i.mdio_read)
    output_MDIO                              0x00001915   Thumb Code    92  w7500x_miim.o(i.output_MDIO)
    phy_id                                   0x00001971   Thumb Code   118  w7500x_miim.o(i.phy_id)
    recv_udp                                 0x00001a05   Thumb Code   196  socket.o(i.recv_udp)
    send_udp                                 0x00001ad1   Thumb Code   212  socket.o(i.send_udp)
    socket                                   0x00001bad   Thumb Code   184  socket.o(i.socket)
    turnaround_MDIO                          0x00001c6d   Thumb Code    50  w7500x_miim.o(i.turnaround_MDIO)
    wiz_recv_data                            0x00001ca1   Thumb Code    78  w7500x_wztoe.o(i.wiz_recv_data)
    wiz_send_data                            0x00001cf9   Thumb Code    78  w7500x_wztoe.o(i.wiz_send_data)
    __aeabi_fadd                             0x00001d51   Thumb Code     0  faddsub.o(x$fpl$fadd)
    _fadd                                    0x00001d51   Thumb Code   134  faddsub.o(x$fpl$fadd)
    __aeabi_fmul                             0x00001ddd   Thumb Code     0  fmul.o(x$fpl$fmul)
    _fmul                                    0x00001ddd   Thumb Code   172  fmul.o(x$fpl$fmul)
    __aeabi_frsub                            0x00001e8d   Thumb Code     0  faddsub.o(x$fpl$frsb)
    _frsb                                    0x00001e8d   Thumb Code    24  faddsub.o(x$fpl$frsb)
    __aeabi_fsub                             0x00001ea5   Thumb Code     0  faddsub.o(x$fpl$fsub)
    _fsub                                    0x00001ea5   Thumb Code   204  faddsub.o(x$fpl$fsub)
    __I$use$fp                               0x00001f74   Number         0  usenofp.o(x$fpl$usenofp)
    Region$$Table$$Base                      0x00001fb4   Number         0  anon$$obj.o(Region$$Table)
    Region$$Table$$Limit                     0x00001fd4   Number         0  anon$$obj.o(Region$$Table)
    dma_data                                 0x20000000   Data           4  w7500x_dma.o(.data)
    SystemFrequency                          0x20000004   Data           4  system_w7500x.o(.data)
    SystemCoreClock                          0x20000008   Data           4  system_w7500x.o(.data)
    uart0_rx_cnt                             0x20000010   Data           4  main.o(.data)
    CAM_Snap                                 0x20000014   Data           9  main.o(.data)
    CAM_RecordStar                           0x2000001d   Data           9  main.o(.data)
    CAM_RecordStop                           0x20000026   Data           9  main.o(.data)
    uart_test                                0x2000002f   Data          12  main.o(.data)
    __stdout                                 0x2000003c   Data           4  retarget.o(.data)
    __stdin                                  0x20000040   Data           4  retarget.o(.data)
    PHY_ADDR_IP101G                          0x20000044   Data           4  w7500x_miim.o(.data)
    PHY_ADDR                                 0x20000048   Data           4  w7500x_miim.o(.data)
    Sn_SendOK                                0x2000004c   Data           8  loopback.o(.data)
    Sn_TimeOut                               0x20000054   Data           8  loopback.o(.data)
    UART_InitStructure                       0x2000005c   Data          16  main.o(.bss)
    my_dma_InitStructure                     0x2000006c   Data          48  main.o(.bss)
    test_buf                                 0x2000009c   Data        4096  main.o(.bss)
    USART_RX_BUF                             0x2000109c   Data        2048  main.o(.bss)
    __libspace_start                         0x2000189c   Data          96  libspace.o(.bss)
    __temporary_stack_top$libspace           0x200018fc   Data           0  libspace.o(.bss)



==============================================================================

Memory Map of the image

  Image Entry point : 0x000000a9

  Load Region LR_IROM1 (Base: 0x00000000, Size: 0x00002030, Max: 0x00040000, ABSOLUTE)

    Execution Region ER_IROM1 (Base: 0x00000000, Size: 0x00001fd4, Max: 0x00040000, ABSOLUTE)

    Base Addr    Size         Type   Attr      Idx    E Section Name        Object

    0x00000000   0x000000a8   Data   RO            3    RESET               startup_w7500x.o
    0x000000a8   0x00000008   Code   RO         1463  * !!!main             c_p.l(__main.o)
    0x000000b0   0x0000003c   Code   RO         1654    !!!scatter          c_p.l(__scatter.o)
    0x000000ec   0x0000001a   Code   RO         1656    !!handler_copy      c_p.l(__scatter_copy.o)
    0x00000106   0x00000002   PAD
    0x00000108   0x0000001c   Code   RO         1658    !!handler_zi        c_p.l(__scatter_zi.o)
    0x00000124   0x00000002   Code   RO         1529    .ARM.Collect$$libinit$$00000000  c_p.l(libinit.o)
    0x00000126   0x00000000   Code   RO         1543    .ARM.Collect$$libinit$$00000002  c_p.l(libinit2.o)
    0x00000126   0x00000000   Code   RO         1545    .ARM.Collect$$libinit$$00000004  c_p.l(libinit2.o)
    0x00000126   0x00000000   Code   RO         1548    .ARM.Collect$$libinit$$0000000A  c_p.l(libinit2.o)
    0x00000126   0x00000000   Code   RO         1550    .ARM.Collect$$libinit$$0000000C  c_p.l(libinit2.o)
    0x00000126   0x00000000   Code   RO         1552    .ARM.Collect$$libinit$$0000000E  c_p.l(libinit2.o)
    0x00000126   0x00000000   Code   RO         1555    .ARM.Collect$$libinit$$00000011  c_p.l(libinit2.o)
    0x00000126   0x00000000   Code   RO         1557    .ARM.Collect$$libinit$$00000013  c_p.l(libinit2.o)
    0x00000126   0x00000000   Code   RO         1559    .ARM.Collect$$libinit$$00000015  c_p.l(libinit2.o)
    0x00000126   0x00000000   Code   RO         1561    .ARM.Collect$$libinit$$00000017  c_p.l(libinit2.o)
    0x00000126   0x00000000   Code   RO         1563    .ARM.Collect$$libinit$$00000019  c_p.l(libinit2.o)
    0x00000126   0x00000000   Code   RO         1565    .ARM.Collect$$libinit$$0000001B  c_p.l(libinit2.o)
    0x00000126   0x00000000   Code   RO         1567    .ARM.Collect$$libinit$$0000001D  c_p.l(libinit2.o)
    0x00000126   0x00000000   Code   RO         1569    .ARM.Collect$$libinit$$0000001F  c_p.l(libinit2.o)
    0x00000126   0x00000000   Code   RO         1571    .ARM.Collect$$libinit$$00000021  c_p.l(libinit2.o)
    0x00000126   0x00000000   Code   RO         1573    .ARM.Collect$$libinit$$00000023  c_p.l(libinit2.o)
    0x00000126   0x00000000   Code   RO         1575    .ARM.Collect$$libinit$$00000025  c_p.l(libinit2.o)
    0x00000126   0x00000000   Code   RO         1579    .ARM.Collect$$libinit$$0000002C  c_p.l(libinit2.o)
    0x00000126   0x00000000   Code   RO         1581    .ARM.Collect$$libinit$$0000002E  c_p.l(libinit2.o)
    0x00000126   0x00000000   Code   RO         1583    .ARM.Collect$$libinit$$00000030  c_p.l(libinit2.o)
    0x00000126   0x00000000   Code   RO         1585    .ARM.Collect$$libinit$$00000032  c_p.l(libinit2.o)
    0x00000126   0x00000002   Code   RO         1586    .ARM.Collect$$libinit$$00000033  c_p.l(libinit2.o)
    0x00000128   0x00000002   Code   RO         1610    .ARM.Collect$$libshutdown$$00000000  c_p.l(libshutdown.o)
    0x0000012a   0x00000000   Code   RO         1636    .ARM.Collect$$libshutdown$$00000002  c_p.l(libshutdown2.o)
    0x0000012a   0x00000000   Code   RO         1638    .ARM.Collect$$libshutdown$$00000004  c_p.l(libshutdown2.o)
    0x0000012a   0x00000000   Code   RO         1641    .ARM.Collect$$libshutdown$$00000007  c_p.l(libshutdown2.o)
    0x0000012a   0x00000000   Code   RO         1644    .ARM.Collect$$libshutdown$$0000000A  c_p.l(libshutdown2.o)
    0x0000012a   0x00000000   Code   RO         1646    .ARM.Collect$$libshutdown$$0000000C  c_p.l(libshutdown2.o)
    0x0000012a   0x00000000   Code   RO         1649    .ARM.Collect$$libshutdown$$0000000F  c_p.l(libshutdown2.o)
    0x0000012a   0x00000002   Code   RO         1650    .ARM.Collect$$libshutdown$$00000010  c_p.l(libshutdown2.o)
    0x0000012c   0x00000000   Code   RO         1486    .ARM.Collect$$rtentry$$00000000  c_p.l(__rtentry.o)
    0x0000012c   0x00000000   Code   RO         1495    .ARM.Collect$$rtentry$$00000002  c_p.l(__rtentry2.o)
    0x0000012c   0x00000006   Code   RO         1507    .ARM.Collect$$rtentry$$00000004  c_p.l(__rtentry4.o)
    0x00000132   0x00000000   Code   RO         1497    .ARM.Collect$$rtentry$$00000009  c_p.l(__rtentry2.o)
    0x00000132   0x00000004   Code   RO         1498    .ARM.Collect$$rtentry$$0000000A  c_p.l(__rtentry2.o)
    0x00000136   0x00000000   Code   RO         1500    .ARM.Collect$$rtentry$$0000000C  c_p.l(__rtentry2.o)
    0x00000136   0x00000008   Code   RO         1501    .ARM.Collect$$rtentry$$0000000D  c_p.l(__rtentry2.o)
    0x0000013e   0x00000002   Code   RO         1534    .ARM.Collect$$rtexit$$00000000  c_p.l(rtexit.o)
    0x00000140   0x00000000   Code   RO         1588    .ARM.Collect$$rtexit$$00000002  c_p.l(rtexit2.o)
    0x00000140   0x00000004   Code   RO         1589    .ARM.Collect$$rtexit$$00000003  c_p.l(rtexit2.o)
    0x00000144   0x00000006   Code   RO         1590    .ARM.Collect$$rtexit$$00000004  c_p.l(rtexit2.o)
    0x0000014a   0x00000002   PAD
    0x0000014c   0x00000038   Code   RO            4    .text               startup_w7500x.o
    0x00000184   0x00000002   Code   RO         1451    .text               c_p.l(use_no_semi.o)
    0x00000186   0x00000002   PAD
    0x00000188   0x0000001c   Code   RO         1455    .text               c_p.l(noretval__2printf.o)
    0x000001a4   0x0000015a   Code   RO         1457    .text               c_p.l(aeabi_sdiv.o)
    0x000002fe   0x00000006   Code   RO         1461    .text               c_p.l(heapauxi.o)
    0x00000304   0x00000358   Code   RO         1465    .text               fz_ps.l(daddsub.o)
    0x0000065c   0x00000048   Code   RO         1467    .text               fz_ps.l(dfixui.o)
    0x000006a4   0x00000054   Code   RO         1469    .text               fz_ps.l(f2d.o)
    0x000006f8   0x00000160   Code   RO         1477    .text               fz_ps.l(fdiv.o)
    0x00000858   0x00000030   Code   RO         1480    .text               fz_ps.l(ffixui.o)
    0x00000888   0x0000005e   Code   RO         1482    .text               fz_ps.l(fflti.o)
    0x000008e6   0x00000002   PAD
    0x000008e8   0x00000028   Code   RO         1491    .text               c_p.l(_printf_char_file.o)
    0x00000910   0x00000030   Code   RO         1511    .text               c_p.l(_printf_char_common.o)
    0x00000940   0x0000003e   Code   RO         1513    .text               c_p.l(sys_stackheap_outer.o)
    0x0000097e   0x00000024   Code   RO         1516    .text               c_p.l(__printf_nopercent.o)
    0x000009a2   0x00000010   Code   RO         1518    .text               c_p.l(exit.o)
    0x000009b2   0x00000002   PAD
    0x000009b4   0x00000008   Code   RO         1530    .text               c_p.l(libspace.o)
    0x000009bc   0x00000002   Code   RO          773    i.ADC_Handler       w7500x_it.o
    0x000009be   0x00000002   PAD
    0x000009c0   0x00000018   Code   RO           21    i.CRG_PLL_InputFrequencySelect  w7500x_crg.o
    0x000009d8   0x00000002   Code   RO          774    i.DMA_Handler       w7500x_it.o
    0x000009da   0x00000002   Code   RO          775    i.DUALTIMER0_Handler  w7500x_it.o
    0x000009dc   0x00000002   Code   RO          776    i.DUALTIMER1_Handler  w7500x_it.o
    0x000009de   0x00000002   PAD
    0x000009e0   0x000000c4   Code   RO         1380    i.Detect_Gateway    loopback.o
    0x00000aa4   0x00000002   Code   RO          777    i.EXTI_Handler      w7500x_it.o
    0x00000aa6   0x00000002   PAD
    0x00000aa8   0x00000104   Code   RO          243    i.GPIO_Init         w7500x_gpio.o
    0x00000bac   0x00000014   Code   RO          245    i.GPIO_ReadInputDataBit  w7500x_gpio.o
    0x00000bc0   0x00000020   Code   RO          249    i.GPIO_ResetBits    w7500x_gpio.o
    0x00000be0   0x0000001a   Code   RO          250    i.GPIO_SetBits      w7500x_gpio.o
    0x00000bfa   0x00000002   PAD
    0x00000bfc   0x0000000c   Code   RO          624    i.GetSystemClock    system_w7500x.o
    0x00000c08   0x00000002   Code   RO          778    i.HardFault_Handler  w7500x_it.o
    0x00000c0a   0x00000002   Code   RO          779    i.I2C0_Handler      w7500x_it.o
    0x00000c0c   0x00000002   Code   RO          780    i.I2C1_Handler      w7500x_it.o
    0x00000c0e   0x00000044   Code   RO          663    i.Input_init        main.o
    0x00000c52   0x00000044   Code   RO          664    i.LED_Configuration  main.o
    0x00000c96   0x00000002   Code   RO          781    i.NMI_Handler       w7500x_it.o
    0x00000c98   0x00000078   Code   RO          665    i.NVIC_SetPriority  main.o
    0x00000d10   0x00000130   Code   RO          666    i.Network_Properties  main.o
    0x00000e40   0x0000009c   Code   RO          255    i.PAD_AFConfig      w7500x_gpio.o
    0x00000edc   0x00000028   Code   RO          667    i.PLL_out_set       main.o
    0x00000f04   0x00000002   Code   RO          782    i.PORT0_Handler     w7500x_it.o
    0x00000f06   0x00000002   Code   RO          783    i.PORT1_Handler     w7500x_it.o
    0x00000f08   0x00000002   Code   RO          784    i.PORT2_Handler     w7500x_it.o
    0x00000f0a   0x00000002   Code   RO          785    i.PORT3_Handler     w7500x_it.o
    0x00000f0c   0x00000002   Code   RO          786    i.PWM0_Handler      w7500x_it.o
    0x00000f0e   0x00000002   Code   RO          787    i.PWM1_Handler      w7500x_it.o
    0x00000f10   0x00000002   Code   RO          788    i.PWM2_Handler      w7500x_it.o
    0x00000f12   0x00000002   Code   RO          789    i.PWM3_Handler      w7500x_it.o
    0x00000f14   0x00000002   Code   RO          790    i.PWM4_Handler      w7500x_it.o
    0x00000f16   0x00000002   Code   RO          791    i.PWM5_Handler      w7500x_it.o
    0x00000f18   0x00000002   Code   RO          792    i.PWM6_Handler      w7500x_it.o
    0x00000f1a   0x00000002   Code   RO          793    i.PWM7_Handler      w7500x_it.o
    0x00000f1c   0x00000002   Code   RO          794    i.PendSV_Handler    w7500x_it.o
    0x00000f1e   0x00000002   PAD
    0x00000f20   0x00000080   Code   RO         1381    i.Read_IR           loopback.o
    0x00000fa0   0x00000002   Code   RO          795    i.SSP0_Handler      w7500x_it.o
    0x00000fa2   0x00000002   Code   RO          796    i.SSP1_Handler      w7500x_it.o
    0x00000fa4   0x00000002   Code   RO          797    i.SVC_Handler       w7500x_it.o
    0x00000fa6   0x00000002   PAD
    0x00000fa8   0x00000024   Code   RO          385    i.S_UART_Init       w7500x_uart.o
    0x00000fcc   0x00000018   Code   RO          387    i.S_UART_SendData   w7500x_uart.o
    0x00000fe4   0x00000044   Code   RO          388    i.S_UART_SetBaud    w7500x_uart.o
    0x00001028   0x0000000e   Code   RO          391    i.S_UartPutc        w7500x_uart.o
    0x00001036   0x00000008   Code   RO          798    i.SysTick_Handler   w7500x_it.o
    0x0000103e   0x00000002   PAD
    0x00001040   0x00000074   Code   RO          626    i.SystemInit        system_w7500x.o
    0x000010b4   0x00000068   Code   RO          668    i.System_Initialization  main.o
    0x0000111c   0x00000018   Code   RO          669    i.TimingDelay_Decrement  main.o
    0x00001134   0x000000d4   Code   RO          799    i.UART0_Handler     w7500x_it.o
    0x00001208   0x00000048   Code   RO          670    i.UART0_init        main.o
    0x00001250   0x00000002   Code   RO          800    i.UART1_Handler     w7500x_it.o
    0x00001252   0x00000002   Code   RO          801    i.UART2_Handler     w7500x_it.o
    0x00001254   0x00000008   Code   RO          393    i.UART_ClearITPendingBit  w7500x_uart.o
    0x0000125c   0x00000004   Code   RO          394    i.UART_ClearRecvStatus  w7500x_uart.o
    0x00001260   0x00000014   Code   RO          397    i.UART_GetITStatus  w7500x_uart.o
    0x00001274   0x00000014   Code   RO          398    i.UART_GetRecvStatus  w7500x_uart.o
    0x00001288   0x00000014   Code   RO          399    i.UART_ITConfig     w7500x_uart.o
    0x0000129c   0x00000104   Code   RO          400    i.UART_Init         w7500x_uart.o
    0x000013a0   0x00000004   Code   RO          403    i.UART_SendData     w7500x_uart.o
    0x000013a4   0x00000018   Code   RO          404    i.UART_StructInit   w7500x_uart.o
    0x000013bc   0x00000014   Code   RO          405    i.UartGetc          w7500x_uart.o
    0x000013d0   0x0000001e   Code   RO          406    i.UartPutc          w7500x_uart.o
    0x000013ee   0x0000001e   Code   RO          407    i.UartPuts          w7500x_uart.o
    0x0000140c   0x00000006   Code   RO          565    i.WIZCHIP_READ      w7500x_wztoe.o
    0x00001412   0x0000001c   Code   RO          566    i.WIZCHIP_READ_BUF  w7500x_wztoe.o
    0x0000142e   0x00000004   Code   RO          567    i.WIZCHIP_WRITE     w7500x_wztoe.o
    0x00001432   0x0000001c   Code   RO          568    i.WIZCHIP_WRITE_BUF  w7500x_wztoe.o
    0x0000144e   0x00000002   Code   RO          802    i.WZTOE_Handler     w7500x_it.o
    0x00001450   0x00000004   Code   RO          978    i._sys_exit         retarget.o
    0x00001454   0x00000060   Code   RO         1038    i.close             socket.o
    0x000014b4   0x00000018   Code   RO          672    i.delay             main.o
    0x000014cc   0x00000074   Code   RO         1040    i.disconnect        socket.o
    0x00001540   0x00000098   Code   RO          187    i.dma_data_struct_init  w7500x_dma.o
    0x000015d8   0x00000054   Code   RO          188    i.dma_init          w7500x_dma.o
    0x0000162c   0x0000006c   Code   RO          190    i.dma_uart0         w7500x_dma.o
    0x00001698   0x00000008   Code   RO          980    i.ferror            retarget.o
    0x000016a0   0x0000000e   Code   RO          982    i.fputc             retarget.o
    0x000016ae   0x0000002a   Code   RO         1303    i.idle_MDIO         w7500x_miim.o
    0x000016d8   0x00000042   Code   RO         1304    i.input_MDIO        w7500x_miim.o
    0x0000171a   0x00000016   Code   RO         1305    i.link              w7500x_miim.o
    0x00001730   0x000000c4   Code   RO         1382    i.loopback_udps     loopback.o
    0x000017f4   0x00000094   Code   RO          673    i.main              main.o
    0x00001888   0x0000003c   Code   RO         1306    i.mdio_init         w7500x_miim.o
    0x000018c4   0x00000050   Code   RO         1307    i.mdio_read         w7500x_miim.o
    0x00001914   0x0000005c   Code   RO         1309    i.output_MDIO       w7500x_miim.o
    0x00001970   0x00000094   Code   RO         1310    i.phy_id            w7500x_miim.o
    0x00001a04   0x000000cc   Code   RO         1043    i.recv_udp          socket.o
    0x00001ad0   0x000000dc   Code   RO         1045    i.send_udp          socket.o
    0x00001bac   0x000000c0   Code   RO         1046    i.socket            socket.o
    0x00001c6c   0x00000032   Code   RO         1312    i.turnaround_MDIO   w7500x_miim.o
    0x00001c9e   0x00000002   PAD
    0x00001ca0   0x00000058   Code   RO          569    i.wiz_recv_data     w7500x_wztoe.o
    0x00001cf8   0x00000058   Code   RO          571    i.wiz_send_data     w7500x_wztoe.o
    0x00001d50   0x0000008c   Code   RO         1471    x$fpl$fadd          fz_ps.l(faddsub.o)
    0x00001ddc   0x000000b0   Code   RO         1484    x$fpl$fmul          fz_ps.l(fmul.o)
    0x00001e8c   0x00000018   Code   RO         1472    x$fpl$frsb          fz_ps.l(faddsub.o)
    0x00001ea4   0x000000d0   Code   RO         1473    x$fpl$fsub          fz_ps.l(faddsub.o)
    0x00001f74   0x00000000   Code   RO         1493    x$fpl$usenofp       fz_ps.l(usenofp.o)
    0x00001f74   0x00000040   Data   RO         1478    .constdata          fz_ps.l(fdiv.o)
    0x00001fb4   0x00000020   Data   RO         1652    Region$$Table       anon$$obj.o


    Execution Region RW_IRAM1 (Base: 0x20000000, Size: 0x00002100, Max: 0x00020000, ABSOLUTE)

    Base Addr    Size         Type   Attr      Idx    E Section Name        Object

    0x20000000   0x00000004   Data   RW          191    .data               w7500x_dma.o
    0x20000004   0x00000008   Data   RW          627    .data               system_w7500x.o
    0x2000000c   0x00000030   Data   RW          675    .data               main.o
    0x2000003c   0x00000008   Data   RW          983    .data               retarget.o
    0x20000044   0x00000008   Data   RW         1313    .data               w7500x_miim.o
    0x2000004c   0x00000010   Data   RW         1383    .data               loopback.o
    0x2000005c   0x00001840   Zero   RW          674    .bss                main.o
    0x2000189c   0x00000060   Zero   RW         1531    .bss                c_p.l(libspace.o)
    0x200018fc   0x00000004   PAD
    0x20001900   0x00000400   Zero   RW            2    HEAP                startup_w7500x.o
    0x20001d00   0x00000400   Zero   RW            1    STACK               startup_w7500x.o


==============================================================================

Image component sizes


      Code (inc. data)   RO Data    RW Data    ZI Data      Debug   Object Name

       520         44          0         16          0       2870   loopback.o
       972         90          0         48       6208      15395   main.o
        26          0          0          8          0       3195   retarget.o
       828         34          0          0          0       3764   socket.o
        56         26        168          0       2048        756   startup_w7500x.o
       128         28          0          8          0       1364   system_w7500x.o
        24          4          0          0          0      25423   w7500x_crg.o
       344         30          0          4          0       6221   w7500x_dma.o
       494         10          0          0          0       6199   w7500x_gpio.o
       276          4          0          0          0      11464   w7500x_it.o
       560         40          0          8          0       5200   w7500x_miim.o
       582         42          0          0          0      15493   w7500x_uart.o
       242         20          0          0          0       4282   w7500x_wztoe.o

    ----------------------------------------------------------------------
      5068        372        200         92       8256     101626   Object Totals
         0          0         32          0          0          0   (incl. Generated)
        16          0          0          0          0          0   (incl. Padding)

    ----------------------------------------------------------------------

      Code (inc. data)   RO Data    RW Data    ZI Data      Debug   Library Member Name

         8          0          0          0          0         68   __main.o
        36          0          0          0          0         76   __printf_nopercent.o
         0          0          0          0          0          0   __rtentry.o
        12          0          0          0          0          0   __rtentry2.o
         6          0          0          0          0          0   __rtentry4.o
        60          8          0          0          0          0   __scatter.o
        26          0          0          0          0          0   __scatter_copy.o
        28          0          0          0          0          0   __scatter_zi.o
        48          6          0          0          0         88   _printf_char_common.o
        40          6          0          0          0         72   _printf_char_file.o
       346          0          0          0          0         92   aeabi_sdiv.o
        16          0          0          0          0         68   exit.o
         6          0          0          0          0        136   heapauxi.o
         2          0          0          0          0          0   libinit.o
         2          0          0          0          0          0   libinit2.o
         2          0          0          0          0          0   libshutdown.o
         2          0          0          0          0          0   libshutdown2.o
         8          4          0          0         96         68   libspace.o
        28          6          0          0          0         84   noretval__2printf.o
         2          0          0          0          0          0   rtexit.o
        10          0          0          0          0          0   rtexit2.o
        62          0          0          0          0         80   sys_stackheap_outer.o
         2          0          0          0          0         68   use_no_semi.o
       856         20          0          0          0        208   daddsub.o
        72          4          0          0          0         68   dfixui.o
        84          4          0          0          0         60   f2d.o
       372          8          0          0          0        240   faddsub.o
       352         10         64          0          0         92   fdiv.o
        48          0          0          0          0         60   ffixui.o
        94          0          0          0          0         92   fflti.o
       176          4          0          0          0         80   fmul.o
         0          0          0          0          0          0   usenofp.o

    ----------------------------------------------------------------------
      2816         80         64          0        100       1800   Library Totals
        10          0          0          0          4          0   (incl. Padding)

    ----------------------------------------------------------------------

      Code (inc. data)   RO Data    RW Data    ZI Data      Debug   Library Name

       752         30          0          0         96        900   c_p.l
      2054         50         64          0          0        900   fz_ps.l

    ----------------------------------------------------------------------
      2816         80         64          0        100       1800   Library Totals

    ----------------------------------------------------------------------

==============================================================================


      Code (inc. data)   RO Data    RW Data    ZI Data      Debug   

      7884        452        264         92       8356      98894   Grand Totals
      7884        452        264         92       8356      98894   ELF Image Totals
      7884        452        264         92          0          0   ROM Totals

==============================================================================

    Total RO  Size (Code + RO Data)                 8148 (   7.96kB)
    Total RW  Size (RW Data + ZI Data)              8448 (   8.25kB)
    Total ROM Size (Code + RO Data + RW Data)       8240 (   8.05kB)

==============================================================================

