Component: ARM Compiler 5.06 update 1 (build 61) Tool: armlink [4d35a8]

==============================================================================

Section Cross References

    startup_w7500x.o(STACK) refers (Special) to heapauxi.o(.text) for __use_two_region_memory
    startup_w7500x.o(HEAP) refers (Special) to heapauxi.o(.text) for __use_two_region_memory
    startup_w7500x.o(RESET) refers (Special) to heapauxi.o(.text) for __use_two_region_memory
    startup_w7500x.o(RESET) refers to startup_w7500x.o(STACK) for __initial_sp
    startup_w7500x.o(RESET) refers to startup_w7500x.o(.text) for Reset_Handler
    startup_w7500x.o(RESET) refers to w7500x_it.o(i.NMI_Handler) for NMI_Handler
    startup_w7500x.o(RESET) refers to w7500x_it.o(i.HardFault_Handler) for HardFault_Handler
    startup_w7500x.o(RESET) refers to w7500x_it.o(i.SVC_Handler) for SVC_Handler
    startup_w7500x.o(RESET) refers to w7500x_it.o(i.PendSV_Handler) for PendSV_Handler
    startup_w7500x.o(RESET) refers to w7500x_it.o(i.SysTick_Handler) for SysTick_Handler
    startup_w7500x.o(RESET) refers to w7500x_it.o(i.SSP0_Handler) for SSP0_Handler
    startup_w7500x.o(RESET) refers to w7500x_it.o(i.SSP1_Handler) for SSP1_Handler
    startup_w7500x.o(RESET) refers to w7500x_it.o(i.UART0_Handler) for UART0_Handler
    startup_w7500x.o(RESET) refers to w7500x_it.o(i.UART1_Handler) for UART1_Handler
    startup_w7500x.o(RESET) refers to w7500x_it.o(i.UART2_Handler) for UART2_Handler
    startup_w7500x.o(RESET) refers to w7500x_it.o(i.I2C0_Handler) for I2C0_Handler
    startup_w7500x.o(RESET) refers to w7500x_it.o(i.I2C1_Handler) for I2C1_Handler
    startup_w7500x.o(RESET) refers to w7500x_it.o(i.PORT0_Handler) for PORT0_Handler
    startup_w7500x.o(RESET) refers to w7500x_it.o(i.PORT1_Handler) for PORT1_Handler
    startup_w7500x.o(RESET) refers to w7500x_it.o(i.PORT2_Handler) for PORT2_Handler
    startup_w7500x.o(RESET) refers to w7500x_it.o(i.PORT3_Handler) for PORT3_Handler
    startup_w7500x.o(RESET) refers to w7500x_it.o(i.DMA_Handler) for DMA_Handler
    startup_w7500x.o(RESET) refers to w7500x_it.o(i.DUALTIMER0_Handler) for DUALTIMER0_Handler
    startup_w7500x.o(RESET) refers to w7500x_it.o(i.DUALTIMER1_Handler) for DUALTIMER1_Handler
    startup_w7500x.o(RESET) refers to w7500x_it.o(i.PWM0_Handler) for PWM0_Handler
    startup_w7500x.o(RESET) refers to w7500x_it.o(i.PWM1_Handler) for PWM1_Handler
    startup_w7500x.o(RESET) refers to w7500x_it.o(i.PWM2_Handler) for PWM2_Handler
    startup_w7500x.o(RESET) refers to w7500x_it.o(i.PWM3_Handler) for PWM3_Handler
    startup_w7500x.o(RESET) refers to w7500x_it.o(i.PWM4_Handler) for PWM4_Handler
    startup_w7500x.o(RESET) refers to w7500x_it.o(i.PWM5_Handler) for PWM5_Handler
    startup_w7500x.o(RESET) refers to w7500x_it.o(i.PWM6_Handler) for PWM6_Handler
    startup_w7500x.o(RESET) refers to w7500x_it.o(i.PWM7_Handler) for PWM7_Handler
    startup_w7500x.o(RESET) refers to w7500x_it.o(i.ADC_Handler) for ADC_Handler
    startup_w7500x.o(RESET) refers to w7500x_it.o(i.WZTOE_Handler) for WZTOE_Handler
    startup_w7500x.o(RESET) refers to w7500x_it.o(i.EXTI_Handler) for EXTI_Handler
    startup_w7500x.o(.text) refers (Special) to heapauxi.o(.text) for __use_two_region_memory
    startup_w7500x.o(.text) refers to system_w7500x.o(i.SystemInit) for SystemInit
    startup_w7500x.o(.text) refers to __main.o(!!!main) for __main
    startup_w7500x.o(.text) refers to startup_w7500x.o(HEAP) for Heap_Mem
    startup_w7500x.o(.text) refers to startup_w7500x.o(STACK) for Stack_Mem
    w7500x_dma.o(i.dma_data_struct_init) refers to _printf_percent.o(.ARM.Collect$$_printf_percent$$00000000) for _printf_percent
    w7500x_dma.o(i.dma_data_struct_init) refers to _printf_x.o(.ARM.Collect$$_printf_percent$$0000000C) for _printf_x
    w7500x_dma.o(i.dma_data_struct_init) refers to _printf_hex_int.o(.text) for _printf_longlong_hex
    w7500x_dma.o(i.dma_data_struct_init) refers to noretval__2printf.o(.text) for __2printf
    w7500x_dma.o(i.dma_data_struct_init) refers to w7500x_dma.o(.data) for dma_data
    w7500x_dma.o(i.dma_init) refers to _printf_percent.o(.ARM.Collect$$_printf_percent$$00000000) for _printf_percent
    w7500x_dma.o(i.dma_init) refers to _printf_d.o(.ARM.Collect$$_printf_percent$$00000009) for _printf_d
    w7500x_dma.o(i.dma_init) refers to _printf_dec.o(.text) for _printf_int_dec
    w7500x_dma.o(i.dma_init) refers to _printf_x.o(.ARM.Collect$$_printf_percent$$0000000C) for _printf_x
    w7500x_dma.o(i.dma_init) refers to _printf_hex_int.o(.text) for _printf_longlong_hex
    w7500x_dma.o(i.dma_init) refers to noretval__2printf.o(.text) for __2printf
    w7500x_dma.o(i.dma_init) refers to w7500x_dma.o(.data) for dma_data
    w7500x_dma.o(i.dma_memory_copy) refers to w7500x_dma.o(.data) for dma_data
    w7500x_dma.o(i.dma_uart0) refers to w7500x_dma.o(.data) for dma_data
[...]
    libinit.o(.ARM.Collect$$libinit$$00000000) refers (Special) to libinit2.o(.ARM.Collect$$libinit$$00000033) for __rt_lib_init_return
    libinit.o(.ARM.Collect$$libinit$$00000000) refers (Special) to libinit2.o(.ARM.Collect$$libinit$$0000001D) for __rt_lib_init_signal_1
    libinit.o(.ARM.Collect$$libinit$$00000000) refers (Special) to libinit2.o(.ARM.Collect$$libinit$$00000025) for __rt_lib_init_stdio_1
    libinit.o(.ARM.Collect$$libinit$$00000000) refers (Special) to libinit2.o(.ARM.Collect$$libinit$$0000000C) for __rt_lib_init_user_alloc_1
    libspace.o(.text) refers to libspace.o(.bss) for __libspace_start
    rtexit.o(.ARM.Collect$$rtexit$$00000000) refers (Special) to rtexit2.o(.ARM.Collect$$rtexit$$00000004) for __rt_exit_exit
    rtexit.o(.ARM.Collect$$rtexit$$00000000) refers (Special) to rtexit2.o(.ARM.Collect$$rtexit$$00000003) for __rt_exit_ls
    rtexit.o(.ARM.Collect$$rtexit$$00000000) refers (Special) to rtexit2.o(.ARM.Collect$$rtexit$$00000002) for __rt_exit_prels_1
    rtexit.o(.ARM.exidx) refers (Special) to rtexit2.o(.ARM.Collect$$rtexit$$00000004) for __rt_exit_exit
    rtexit.o(.ARM.exidx) refers (Special) to rtexit2.o(.ARM.Collect$$rtexit$$00000003) for __rt_exit_ls
    rtexit.o(.ARM.exidx) refers (Special) to rtexit2.o(.ARM.Collect$$rtexit$$00000002) for __rt_exit_prels_1
    rtexit.o(.ARM.exidx) refers to rtexit.o(.ARM.Collect$$rtexit$$00000000) for .ARM.Collect$$rtexit$$00000000
    rt_raise.o(.text) refers to __raise.o(.text) for __raise
    rt_raise.o(.text) refers to retarget.o(i._sys_exit) for _sys_exit
    defsig_exit.o(.text) refers to retarget.o(i._sys_exit) for _sys_exit
    defsig_fpe_inner.o(.text) refers to defsig_general.o(.text) for __default_signal_display
    libinit2.o(.ARM.Collect$$libinit$$00000010) refers to libinit2.o(.ARM.Collect$$libinit$$0000000F) for .ARM.Collect$$libinit$$0000000F
    libinit2.o(.ARM.Collect$$libinit$$00000012) refers to libinit2.o(.ARM.Collect$$libinit$$0000000F) for .ARM.Collect$$libinit$$0000000F
    libinit2.o(.ARM.Collect$$libinit$$00000014) refers to libinit2.o(.ARM.Collect$$libinit$$0000000F) for .ARM.Collect$$libinit$$0000000F
    libinit2.o(.ARM.Collect$$libinit$$00000016) refers to libinit2.o(.ARM.Collect$$libinit$$0000000F) for .ARM.Collect$$libinit$$0000000F
    libinit2.o(.ARM.Collect$$libinit$$00000018) refers to libinit2.o(.ARM.Collect$$libinit$$0000000F) for .ARM.Collect$$libinit$$0000000F
    libinit2.o(.ARM.Collect$$libinit$$00000026) refers to argv_veneer.o(.text) for __ARM_argv_veneer
    libinit2.o(.ARM.Collect$$libinit$$00000027) refers to argv_veneer.o(.text) for __ARM_argv_veneer
    rtexit2.o(.ARM.Collect$$rtexit$$00000003) refers to libshutdown.o(.ARM.Collect$$libshutdown$$00000000) for __rt_lib_shutdown
    rtexit2.o(.ARM.Collect$$rtexit$$00000004) refers to retarget.o(i._sys_exit) for _sys_exit
    rtexit2.o(.ARM.exidx) refers to rtexit2.o(.ARM.Collect$$rtexit$$00000001) for .ARM.Collect$$rtexit$$00000001
    rtexit2.o(.ARM.exidx) refers to rtexit2.o(.ARM.Collect$$rtexit$$00000003) for .ARM.Collect$$rtexit$$00000003
    rtexit2.o(.ARM.exidx) refers to rtexit2.o(.ARM.Collect$$rtexit$$00000004) for .ARM.Collect$$rtexit$$00000004
    __raise.o(.text) refers to defsig.o(CL$$defsig) for __default_signal_handler
    defsig_general.o(.text) refers to retarget.o(i._ttywrch) for _ttywrch
    defsig.o(CL$$defsig) refers to defsig_fpe_inner.o(.text) for __rt_SIGFPE_inner
    defsig.o(CL$$defsig) refers to defsig_rtmem_inner.o(.text) for __rt_SIGRTMEM_inner
    _get_argv_nomalloc.o(.text) refers (Special) to hrguard.o(.text) for __heap_region$guard
    _get_argv_nomalloc.o(.text) refers to defsig_rtmem_outer.o(.text) for __rt_SIGRTMEM
    _get_argv_nomalloc.o(.text) refers to sys_command.o(.text) for _sys_command_string
    libshutdown.o(.ARM.Collect$$libshutdown$$00000000) refers (Special) to libshutdown2.o(.ARM.Collect$$libshutdown$$00000002) for __rt_lib_shutdown_cpp_1
    libshutdown.o(.ARM.Collect$$libshutdown$$00000000) refers (Special) to libshutdown2.o(.ARM.Collect$$libshutdown$$00000007) for __rt_lib_shutdown_fp_trap_1
    libshutdown.o(.ARM.Collect$$libshutdown$$00000000) refers (Special) to libshutdown2.o(.ARM.Collect$$libshutdown$$0000000F) for __rt_lib_shutdown_heap_1
    libshutdown.o(.ARM.Collect$$libshutdown$$00000000) refers (Special) to libshutdown2.o(.ARM.Collect$$libshutdown$$00000010) for __rt_lib_shutdown_return
    libshutdown.o(.ARM.Collect$$libshutdown$$00000000) refers (Special) to libshutdown2.o(.ARM.Collect$$libshutdown$$0000000A) for __rt_lib_shutdown_signal_1
    libshutdown.o(.ARM.Collect$$libshutdown$$00000000) refers (Special) to libshutdown2.o(.ARM.Collect$$libshutdown$$00000004) for __rt_lib_shutdown_stdio_1
    libshutdown.o(.ARM.Collect$$libshutdown$$00000000) refers (Special) to libshutdown2.o(.ARM.Collect$$libshutdown$$0000000C) for __rt_lib_shutdown_user_alloc_1
    sys_command.o(.text) refers (Special) to use_no_semi.o(.text) for __I$use$semihosting
    sys_command.o(.text) refers (Special) to indicate_semi.o(.text) for __semihosting_library_function
    defsig_abrt_inner.o(.text) refers to defsig_general.o(.text) for __default_signal_display
    defsig_rtred_inner.o(.text) refers to defsig_general.o(.text) for __default_signal_display
    defsig_rtmem_inner.o(.text) refers to defsig_general.o(.text) for __default_signal_display
    defsig_rtmem_outer.o(.text) refers to defsig_rtmem_inner.o(.text) for __rt_SIGRTMEM_inner
    defsig_rtmem_outer.o(.text) refers to defsig_exit.o(.text) for __sig_exit
    defsig_rtmem_formal.o(.text) refers to rt_raise.o(.text) for __rt_raise
    defsig_stak_inner.o(.text) refers to defsig_general.o(.text) for __default_signal_display
    defsig_pvfn_inner.o(.text) refers to defsig_general.o(.text) for __default_signal_display
    defsig_cppl_inner.o(.text) refers to defsig_general.o(.text) for __default_signal_display
    defsig_segv_inner.o(.text) refers to defsig_general.o(.text) for __default_signal_display
    defsig_other.o(.text) refers to defsig_general.o(.text) for __default_signal_display


==============================================================================

Removing Unused input sections from the image.

    Removing w7500x_crg.o(.rev16_text), (4 bytes).
    Removing w7500x_crg.o(.revsh_text), (4 bytes).
    Removing w7500x_crg.o(i.CRG_ADCCLK_SetPrescale), (48 bytes).
    Removing w7500x_crg.o(i.CRG_ADCCLK_SourceSelect), (48 bytes).
    Removing w7500x_crg.o(i.CRG_DeInit), (2 bytes).
    Removing w7500x_crg.o(i.CRG_FCLK_SetPrescale), (48 bytes).
    Removing w7500x_crg.o(i.CRG_FCLK_SourceSelect), (36 bytes).
    Removing w7500x_crg.o(i.CRG_GetMonitoringClock), (12 bytes).
    Removing w7500x_crg.o(i.CRG_MII_Enable), (68 bytes).
    Removing w7500x_crg.o(i.CRG_OSC_PowerDownEnable), (24 bytes).
    Removing w7500x_crg.o(i.CRG_PLL_BypassEnable), (24 bytes).
    Removing w7500x_crg.o(i.CRG_PLL_OutputEnable), (24 bytes).
    Removing w7500x_crg.o(i.CRG_PLL_PowerDownEnable), (24 bytes).
    Removing w7500x_crg.o(i.CRG_PWMCLK_SetPrescale), (132 bytes).
    Removing w7500x_crg.o(i.CRG_PWMCLK_SourceSelect), (68 bytes).
    Removing w7500x_crg.o(i.CRG_SSPCLK_SetPrescale), (48 bytes).
    Removing w7500x_crg.o(i.CRG_SSPCLK_SourceSelect), (48 bytes).
    Removing w7500x_crg.o(i.CRG_SetMonitoringClock), (12 bytes).
    Removing w7500x_crg.o(i.CRG_TIMERCLK_SetPrescale), (132 bytes).
    Removing w7500x_crg.o(i.CRG_TIMERCLK_SourceSelect), (68 bytes).
    Removing w7500x_crg.o(i.CRG_UARTCLK_SetPrescale), (48 bytes).
    Removing w7500x_crg.o(i.CRG_UARTCLK_SourceSelect), (48 bytes).
    Removing w7500x_crg.o(i.CRG_WDOGCLK_HS_SetPrescale), (96 bytes).
    Removing w7500x_crg.o(i.CRG_WDOGCLK_HS_SourceSelect), (48 bytes).
    Removing w7500x_dma.o(.rev16_text), (4 bytes).
    Removing w7500x_dma.o(.revsh_text), (4 bytes).
    Removing w7500x_dma.o(i.dma_data_struct_init), (276 bytes).
    Removing w7500x_dma.o(i.dma_init), (244 bytes).
    Removing w7500x_dma.o(i.dma_memory_copy), (116 bytes).
    Removing w7500x_dma.o(i.dma_uart0), (108 bytes).
    Removing w7500x_dma.o(.data), (4 bytes).
    Removing w7500x_gpio.o(.rev16_text), (4 bytes).
    Removing w7500x_gpio.o(.revsh_text), (4 bytes).
    Removing w7500x_gpio.o(i.GPIO_Configuration), (90 bytes).
    Removing w7500x_gpio.o(i.GPIO_DeInit), (100 bytes).
    Removing w7500x_gpio.o(i.GPIO_INT_Clear), (12 bytes).
    Removing w7500x_gpio.o(i.GPIO_INT_Configuration), (126 bytes).
    Removing w7500x_gpio.o(i.GPIO_INT_Enable), (24 bytes).
    Removing w7500x_gpio.o(i.GPIO_INT_Enable_Bits), (26 bytes).
    Removing w7500x_gpio.o(i.GPIO_INT_Polarity), (20 bytes).
    Removing w7500x_gpio.o(i.GPIO_INT_Polarity_Bits), (20 bytes).
    Removing w7500x_gpio.o(i.GPIO_ReadInputData), (8 bytes).
    Removing w7500x_gpio.o(i.GPIO_ReadOutputData), (8 bytes).
    Removing w7500x_gpio.o(i.GPIO_ReadOutputDataBit), (20 bytes).
    Removing w7500x_gpio.o(i.GPIO_Read_INTstatus), (20 bytes).
    Removing w7500x_gpio.o(i.GPIO_StructInit), (20 bytes).
    Removing w7500x_gpio.o(i.GPIO_Write), (4 bytes).
    Removing w7500x_gpio.o(i.GPIO_WriteBit), (28 bytes).
    Removing w7500x_gpio.o(i.NVIC_EnableIRQ), (20 bytes).
    Removing w7500x_uart.o(.rev16_text), (4 bytes).
    Removing w7500x_uart.o(.revsh_text), (4 bytes).
    Removing w7500x_uart.o(i.S_UART_ClearITPendingBit), (16 bytes).
    Removing w7500x_uart.o(i.S_UART_DeInit), (2 bytes).
    Removing w7500x_uart.o(i.S_UART_GetFlagStatus), (28 bytes).
    Removing w7500x_uart.o(i.S_UART_GetITStatus), (28 bytes).
    Removing w7500x_uart.o(i.S_UART_ITConfig), (32 bytes).
    Removing w7500x_uart.o(i.S_UART_ReceiveData), (12 bytes).
    Removing w7500x_uart.o(i.S_UART_SetCTRL), (32 bytes).
    Removing w7500x_uart.o(i.S_UartGetc), (28 bytes).
    Removing w7500x_uart.o(i.S_UartPuts), (26 bytes).
    Removing w7500x_uart.o(i.UART_DeInit), (2 bytes).
    Removing w7500x_uart.o(i.UART_GetFlagStatus), (20 bytes).
    Removing w7500x_uart.o(i.UART_SendBreak), (10 bytes).
    Removing w7500x_wztoe.o(.rev16_text), (4 bytes).
    Removing w7500x_wztoe.o(.revsh_text), (4 bytes).
    Removing w7500x_wztoe.o(i.wiz_recv_ignore), (72 bytes).
    Removing system_w7500x.o(.rev16_text), (4 bytes).
    Removing system_w7500x.o(.revsh_text), (4 bytes).
    Removing system_w7500x.o(i.SystemCoreClockUpdate), (2 bytes).
    Removing main.o(.rev16_text), (4 bytes).
    Removing main.o(.revsh_text), (4 bytes).
    Removing w7500x_it.o(.rev16_text), (4 bytes).
    Removing w7500x_it.o(.revsh_text), (4 bytes).
    Removing retarget.o(.rev16_text), (4 bytes).
    Removing retarget.o(.revsh_text), (4 bytes).
    Removing retarget.o(i._ttywrch), (12 bytes).
    Removing retarget.o(i.fgetc), (16 bytes).
    Removing socket.o(.rev16_text), (4 bytes).
    Removing socket.o(.revsh_text), (4 bytes).
    Removing socket.o(i.connect), (156 bytes).
    Removing socket.o(i.listen), (108 bytes).
    Removing socket.o(i.recv), (104 bytes).
    Removing socket.o(i.send), (136 bytes).
    Removing wizchip_conf.o(.rev16_text), (4 bytes).
    Removing wizchip_conf.o(.revsh_text), (4 bytes).
    Removing wizchip_conf.o(i.ctlnetwork), (80 bytes).
    Removing wizchip_conf.o(i.ctlwizchip), (192 bytes).
    Removing wizchip_conf.o(i.reg_wizchip_bus_cbfunc), (60 bytes).
    Removing wizchip_conf.o(i.reg_wizchip_cris_cbfunc), (44 bytes).
    Removing wizchip_conf.o(i.reg_wizchip_cs_cbfunc), (44 bytes).
    Removing wizchip_conf.o(i.reg_wizchip_spi_cbfunc), (60 bytes).
    Removing wizchip_conf.o(i.wizchip_bus_readbyte), (6 bytes).
    Removing wizchip_conf.o(i.wizchip_bus_writebyte), (4 bytes).
    Removing wizchip_conf.o(i.wizchip_clrinterrupt), (36 bytes).
    Removing wizchip_conf.o(i.wizchip_cris_enter), (2 bytes).
    Removing wizchip_conf.o(i.wizchip_cris_exit), (2 bytes).
    Removing wizchip_conf.o(i.wizchip_cs_deselect), (2 bytes).
    Removing wizchip_conf.o(i.wizchip_cs_select), (2 bytes).
    Removing wizchip_conf.o(i.wizchip_getinterrupt), (44 bytes).
    Removing wizchip_conf.o(i.wizchip_getinterruptmask), (44 bytes).
    Removing wizchip_conf.o(i.wizchip_getnetinfo), (224 bytes).
    Removing wizchip_conf.o(i.wizchip_getnetmode), (16 bytes).
    Removing wizchip_conf.o(i.wizchip_gettimeout), (28 bytes).
    Removing wizchip_conf.o(i.wizchip_init), (152 bytes).
    Removing wizchip_conf.o(i.wizchip_setinterruptmask), (36 bytes).
    Removing wizchip_conf.o(i.wizchip_setnetinfo), (220 bytes).
    Removing wizchip_conf.o(i.wizchip_setnetmode), (52 bytes).
    Removing wizchip_conf.o(i.wizchip_settimeout), (28 bytes).
    Removing wizchip_conf.o(i.wizchip_spi_readbyte), (4 bytes).
    Removing wizchip_conf.o(i.wizchip_spi_writebyte), (2 bytes).
    Removing wizchip_conf.o(i.wizchip_sw_reset), (492 bytes).
    Removing wizchip_conf.o(i.wizphy_getphylink), (6 bytes).
    Removing wizchip_conf.o(i.wizphy_getphypmode), (6 bytes).
    Removing wizchip_conf.o(.data), (37 bytes).
    Removing w7500x_miim.o(.rev16_text), (4 bytes).
    Removing w7500x_miim.o(.revsh_text), (4 bytes).
    Removing w7500x_miim.o(i.mdio_write), (84 bytes).
    Removing w7500x_miim.o(i.set_link), (40 bytes).
    Removing loopback.o(.rev16_text), (4 bytes).
    Removing loopback.o(.revsh_text), (4 bytes).
    Removing wizchip_conf.o(i.__ARM_common_switch8), (28 bytes).

121 unused section(s) (total 5423 bytes) removed from the image.

==============================================================================

Image Symbol Table

    Local Symbols

    Symbol Name                              Value     Ov Type        Size  Object(Section)

    RESET                                    0x00000000   Section      168  startup_w7500x.o(RESET)
    ../clib/angel/boardlib.s                 0x00000000   Number         0  boardinit3.o ABSOLUTE
    ../clib/angel/boardlib.s                 0x00000000   Number         0  boardinit2.o ABSOLUTE
    ../clib/angel/boardlib.s                 0x00000000   Number         0  boardinit1.o ABSOLUTE
    ../clib/angel/boardlib.s                 0x00000000   Number         0  boardshut.o ABSOLUTE
    ../clib/angel/handlers.s                 0x00000000   Number         0  __scatter_copy.o ABSOLUTE
    ../clib/angel/handlers.s                 0x00000000   Number         0  __scatter_zi.o ABSOLUTE
    ../clib/angel/kernel.s                   0x00000000   Number         0  __rtentry.o ABSOLUTE
    ../clib/angel/kernel.s                   0x00000000   Number         0  rtexit2.o ABSOLUTE
    ../clib/angel/kernel.s                   0x00000000   Number         0  __rtentry2.o ABSOLUTE
    ../clib/angel/kernel.s                   0x00000000   Number         0  __rtentry4.o ABSOLUTE
    ../clib/angel/kernel.s                   0x00000000   Number         0  rtexit.o ABSOLUTE
    ../clib/angel/rt.s                       0x00000000   Number         0  aeabi_idiv0.o ABSOLUTE
    ../clib/angel/rt.s                       0x00000000   Number         0  aeabi_idiv0_sigfpe.o ABSOLUTE
    ../clib/angel/rt.s                       0x00000000   Number         0  rt_raise.o ABSOLUTE
    ../clib/angel/rt.s                       0x00000000   Number         0  rt_div0.o ABSOLUTE
    ../clib/angel/scatterp.s                 0x00000000   Number         0  __scatter.o ABSOLUTE
    ../clib/angel/startup.s                  0x00000000   Number         0  __main.o ABSOLUTE
    ../clib/angel/sys.s                      0x00000000   Number         0  tempstk.o ABSOLUTE
    ../clib/angel/sys.s                      0x00000000   Number         0  indicate_semi.o ABSOLUTE
    ../clib/angel/sys.s                      0x00000000   Number         0  sys_stackheap_outer.o ABSOLUTE
    ../clib/angel/sys.s                      0x00000000   Number         0  libspace.o ABSOLUTE
    ../clib/angel/sys.s                      0x00000000   Number         0  use_no_semi.o ABSOLUTE
    ../clib/angel/sysapp.c                   0x00000000   Number         0  sys_command.o ABSOLUTE
    ../clib/armsys.c                         0x00000000   Number         0  argv_veneer.o ABSOLUTE
    ../clib/armsys.c                         0x00000000   Number         0  _get_argv_nomalloc.o ABSOLUTE
    ../clib/armsys.c                         0x00000000   Number         0  no_argv.o ABSOLUTE
    ../clib/division.c                       0x00000000   Number         0  rtudiv10.o ABSOLUTE
    ../clib/division.s                       0x00000000   Number         0  aeabi_sdiv_div0.o ABSOLUTE
    ../clib/division.s                       0x00000000   Number         0  aeabi_sdiv.o ABSOLUTE
    ../clib/heapalloc.c                      0x00000000   Number         0  hrguard.o ABSOLUTE
    ../clib/heapaux.c                        0x00000000   Number         0  heapauxi.o ABSOLUTE
    ../clib/libinit.s                        0x00000000   Number         0  libinit.o ABSOLUTE
    ../clib/libinit.s                        0x00000000   Number         0  libinit2.o ABSOLUTE
    ../clib/libinit.s                        0x00000000   Number         0  libshutdown2.o ABSOLUTE
    ../clib/libinit.s                        0x00000000   Number         0  libshutdown.o ABSOLUTE
    ../clib/memcpset.c                       0x00000000   Number         0  rt_memclr.o ABSOLUTE
    ../clib/printf.c                         0x00000000   Number         0  __printf_flags.o ABSOLUTE
    ../clib/printf.c                         0x00000000   Number         0  __printf_nopercent.o ABSOLUTE
    ../clib/printf.c                         0x00000000   Number         0  __printf_wp.o ABSOLUTE
    ../clib/printf.c                         0x00000000   Number         0  __printf.o ABSOLUTE
    ../clib/printf.c                         0x00000000   Number         0  __printf_ss.o ABSOLUTE
    ../clib/printf.c                         0x00000000   Number         0  __printf_flags_wp.o ABSOLUTE
    ../clib/printf.c                         0x00000000   Number         0  noretval__2printf.o ABSOLUTE
    ../clib/printf.c                         0x00000000   Number         0  __2printf.o ABSOLUTE
    ../clib/printf.c                         0x00000000   Number         0  __printf_ss_wp.o ABSOLUTE
    ../clib/printf.c                         0x00000000   Number         0  _printf_char_common.o ABSOLUTE
    ../clib/printf.c                         0x00000000   Number         0  _printf_dec.o ABSOLUTE
    ../clib/printf.c                         0x00000000   Number         0  __printf_flags_ss_wp.o ABSOLUTE
    ../clib/printf.c                         0x00000000   Number         0  _printf_hex_int.o ABSOLUTE
    ../clib/printf.c                         0x00000000   Number         0  _printf_hex_int_ll.o ABSOLUTE
    ../clib/printf.c                         0x00000000   Number         0  _printf_char_file.o ABSOLUTE
    ../clib/printf.c                         0x00000000   Number         0  _printf_hex_ll.o ABSOLUTE
    ../clib/printf.c                         0x00000000   Number         0  _printf_intcommon.o ABSOLUTE
    ../clib/printf.c                         0x00000000   Number         0  __printf_flags_ss.o ABSOLUTE
    ../clib/printf.c                         0x00000000   Number         0  _printf_hex_ptr.o ABSOLUTE
    ../clib/printf.c                         0x00000000   Number         0  _printf_hex_int_ptr.o ABSOLUTE
    ../clib/printf.c                         0x00000000   Number         0  _printf_hex_ll_ptr.o ABSOLUTE
    ../clib/printf.c                         0x00000000   Number         0  _printf_hex_int_ll_ptr.o ABSOLUTE
    ../clib/printf_percent.s                 0x00000000   Number         0  _printf_percent.o ABSOLUTE
    ../clib/printf_percent.s                 0x00000000   Number         0  _printf_x.o ABSOLUTE
    ../clib/printf_percent.s                 0x00000000   Number         0  _printf_d.o ABSOLUTE
    ../clib/printf_percent.s                 0x00000000   Number         0  _printf_percent_end.o ABSOLUTE
    ../clib/signal.c                         0x00000000   Number         0  defsig_rtmem_inner.o ABSOLUTE
    ../clib/signal.c                         0x00000000   Number         0  defsig_rtmem_outer.o ABSOLUTE
    ../clib/signal.c                         0x00000000   Number         0  defsig_rtmem_formal.o ABSOLUTE
    ../clib/signal.c                         0x00000000   Number         0  defsig_stak_inner.o ABSOLUTE
    ../clib/signal.c                         0x00000000   Number         0  defsig_pvfn_inner.o ABSOLUTE
    ../clib/signal.c                         0x00000000   Number         0  defsig_fpe_formal.o ABSOLUTE
    ../clib/signal.c                         0x00000000   Number         0  defsig_rtred_inner.o ABSOLUTE
    ../clib/signal.c                         0x00000000   Number         0  defsig_fpe_inner.o ABSOLUTE
    ../clib/signal.c                         0x00000000   Number         0  defsig_other.o ABSOLUTE
    ../clib/signal.c                         0x00000000   Number         0  defsig_cppl_inner.o ABSOLUTE
    ../clib/signal.c                         0x00000000   Number         0  defsig_general.o ABSOLUTE
    ../clib/signal.c                         0x00000000   Number         0  __raise.o ABSOLUTE
    ../clib/signal.c                         0x00000000   Number         0  defsig_segv_inner.o ABSOLUTE
    ../clib/signal.c                         0x00000000   Number         0  defsig_abrt_inner.o ABSOLUTE
    ../clib/signal.c                         0x00000000   Number         0  defsig_exit.o ABSOLUTE
    ../clib/signal.c                         0x00000000   Number         0  defsig_fpe_outer.o ABSOLUTE
    ../clib/signal.s                         0x00000000   Number         0  defsig.o ABSOLUTE
    ../clib/stdlib.c                         0x00000000   Number         0  exit.o ABSOLUTE
    ../fplib/cfplib/daddsub.c                0x00000000   Number         0  daddsub.o ABSOLUTE
    ../fplib/cfplib/f2d.c                    0x00000000   Number         0  f2d.o ABSOLUTE
    ../fplib/cfplib/fdiv.c                   0x00000000   Number         0  fdiv.o ABSOLUTE
    ../fplib/cfplib/ffix.c                   0x00000000   Number         0  ffixui.o ABSOLUTE
    ../fplib/cfplib/ffix.c                   0x00000000   Number         0  dfixui.o ABSOLUTE
    ../fplib/cfplib/fflt.c                   0x00000000   Number         0  fflti.o ABSOLUTE
    ../fplib/cfplib/fpinit.c                 0x00000000   Number         0  fpinit.o ABSOLUTE
    ../fplib/faddsub6m.s                     0x00000000   Number         0  faddsub.o ABSOLUTE
    ../fplib/fmul6m.s                        0x00000000   Number         0  fmul.o ABSOLUTE
    ../fplib/usenofp.s                       0x00000000   Number         0  usenofp.o ABSOLUTE
    ..\Libraries\CMSIS\Device\WIZnet\W7500\Source\ARM\startup_W7500x.s 0x00000000   Number         0  startup_w7500x.o ABSOLUTE
    ..\Libraries\CMSIS\Device\WIZnet\W7500\Source\system_W7500x.c 0x00000000   Number         0  system_w7500x.o ABSOLUTE
    ..\Libraries\W7500x_stdPeriph_Driver\src\W7500x_crg.c 0x00000000   Number         0  w7500x_crg.o ABSOLUTE
    ..\Libraries\W7500x_stdPeriph_Driver\src\W7500x_dma.c 0x00000000   Number         0  w7500x_dma.o ABSOLUTE
    ..\Libraries\W7500x_stdPeriph_Driver\src\W7500x_gpio.c 0x00000000   Number         0  w7500x_gpio.o ABSOLUTE
    ..\Libraries\W7500x_stdPeriph_Driver\src\W7500x_uart.c 0x00000000   Number         0  w7500x_uart.o ABSOLUTE
    ..\Libraries\W7500x_stdPeriph_Driver\src\W7500x_wztoe.c 0x00000000   Number         0  w7500x_wztoe.o ABSOLUTE
    ..\W7500x_it.c                           0x00000000   Number         0  w7500x_it.o ABSOLUTE
    ..\\Libraries\\CMSIS\\Device\\WIZnet\\W7500\\Source\\system_W7500x.c 0x00000000   Number         0  system_w7500x.o ABSOLUTE
    ..\\Libraries\\W7500x_stdPeriph_Driver\\src\\W7500x_crg.c 0x00000000   Number         0  w7500x_crg.o ABSOLUTE
    ..\\Libraries\\W7500x_stdPeriph_Driver\\src\\W7500x_dma.c 0x00000000   Number         0  w7500x_dma.o ABSOLUTE
    ..\\Libraries\\W7500x_stdPeriph_Driver\\src\\W7500x_gpio.c 0x00000000   Number         0  w7500x_gpio.o ABSOLUTE
    ..\\Libraries\\W7500x_stdPeriph_Driver\\src\\W7500x_uart.c 0x00000000   Number         0  w7500x_uart.o ABSOLUTE
    ..\\Libraries\\W7500x_stdPeriph_Driver\\src\\W7500x_wztoe.c 0x00000000   Number         0  w7500x_wztoe.o ABSOLUTE
    ..\\W7500x_it.c                          0x00000000   Number         0  w7500x_it.o ABSOLUTE
    ..\\ioLibrary\\Application\\loopback\\loopback.c 0x00000000   Number         0  loopback.o ABSOLUTE
    ..\\ioLibrary\\Ethernet\\socket.c        0x00000000   Number         0  socket.o ABSOLUTE
    ..\\ioLibrary\\Ethernet\\wizchip_conf.c  0x00000000   Number         0  wizchip_conf.o ABSOLUTE
    ..\\ioLibrary\\MDIO\\W7500x_miim.c       0x00000000   Number         0  w7500x_miim.o ABSOLUTE
    ..\\main.c                               0x00000000   Number         0  main.o ABSOLUTE
    ..\\retarget.c                           0x00000000   Number         0  retarget.o ABSOLUTE
    ..\ioLibrary\Application\loopback\loopback.c 0x00000000   Number         0  loopback.o ABSOLUTE
    ..\ioLibrary\Ethernet\socket.c           0x00000000   Number         0  socket.o ABSOLUTE
    ..\ioLibrary\Ethernet\wizchip_conf.c     0x00000000   Number         0  wizchip_conf.o ABSOLUTE
    ..\ioLibrary\MDIO\W7500x_miim.c          0x00000000   Number         0  w7500x_miim.o ABSOLUTE
    ..\main.c                                0x00000000   Number         0  main.o ABSOLUTE
    ..\retarget.c                            0x00000000   Number         0  retarget.o ABSOLUTE
    dc.s                                     0x00000000   Number         0  dc.o ABSOLUTE
    !!!main                                  0x000000a8   Section        8  __main.o(!!!main)
    !!!scatter                               0x000000b0   Section       60  __scatter.o(!!!scatter)
    !!handler_copy                           0x000000ec   Section       26  __scatter_copy.o(!!handler_copy)
    !!handler_zi                             0x00000108   Section       28  __scatter_zi.o(!!handler_zi)
    .ARM.Collect$$_printf_percent$$00000000  0x00000124   Section        2  _printf_percent.o(.ARM.Collect$$_printf_percent$$00000000)
    .ARM.Collect$$_printf_percent$$00000017  0x00000126   Section        4  _printf_percent_end.o(.ARM.Collect$$_printf_percent$$00000017)
    .ARM.Collect$$libinit$$00000000          0x0000012a   Section        2  libinit.o(.ARM.Collect$$libinit$$00000000)
    .ARM.Collect$$libinit$$00000002          0x0000012c   Section        0  libinit2.o(.ARM.Collect$$libinit$$00000002)
    .ARM.Collect$$libinit$$00000004          0x0000012c   Section        0  libinit2.o(.ARM.Collect$$libinit$$00000004)
    .ARM.Collect$$libinit$$0000000A          0x0000012c   Section        0  libinit2.o(.ARM.Collect$$libinit$$0000000A)
    .ARM.Collect$$libinit$$0000000C          0x0000012c   Section        0  libinit2.o(.ARM.Collect$$libinit$$0000000C)
    .ARM.Collect$$libinit$$0000000E          0x0000012c   Section        0  libinit2.o(.ARM.Collect$$libinit$$0000000E)
    .ARM.Collect$$libinit$$00000011          0x0000012c   Section        0  libinit2.o(.ARM.Collect$$libinit$$00000011)
    .ARM.Collect$$libinit$$00000013          0x0000012c   Section        0  libinit2.o(.ARM.Collect$$libinit$$00000013)
    .ARM.Collect$$libinit$$00000015          0x0000012c   Section        0  libinit2.o(.ARM.Collect$$libinit$$00000015)
    .ARM.Collect$$libinit$$00000017          0x0000012c   Section        0  libinit2.o(.ARM.Collect$$libinit$$00000017)
    .ARM.Collect$$libinit$$00000019          0x0000012c   Section        0  libinit2.o(.ARM.Collect$$libinit$$00000019)
    .ARM.Collect$$libinit$$0000001B          0x0000012c   Section        0  libinit2.o(.ARM.Collect$$libinit$$0000001B)
    .ARM.Collect$$libinit$$0000001D          0x0000012c   Section        0  libinit2.o(.ARM.Collect$$libinit$$0000001D)
    .ARM.Collect$$libinit$$0000001F          0x0000012c   Section        0  libinit2.o(.ARM.Collect$$libinit$$0000001F)
    .ARM.Collect$$libinit$$00000021          0x0000012c   Section        0  libinit2.o(.ARM.Collect$$libinit$$00000021)
    .ARM.Collect$$libinit$$00000023          0x0000012c   Section        0  libinit2.o(.ARM.Collect$$libinit$$00000023)
    .ARM.Collect$$libinit$$00000025          0x0000012c   Section        0  libinit2.o(.ARM.Collect$$libinit$$00000025)
    .ARM.Collect$$libinit$$0000002C          0x0000012c   Section        0  libinit2.o(.ARM.Collect$$libinit$$0000002C)
    .ARM.Collect$$libinit$$0000002E          0x0000012c   Section        0  libinit2.o(.ARM.Collect$$libinit$$0000002E)
    .ARM.Collect$$libinit$$00000030          0x0000012c   Section        0  libinit2.o(.ARM.Collect$$libinit$$00000030)
    .ARM.Collect$$libinit$$00000032          0x0000012c   Section        0  libinit2.o(.ARM.Collect$$libinit$$00000032)
    .ARM.Collect$$libinit$$00000033          0x0000012c   Section        2  libinit2.o(.ARM.Collect$$libinit$$00000033)
    .ARM.Collect$$libshutdown$$00000000      0x0000012e   Section        2  libshutdown.o(.ARM.Collect$$libshutdown$$00000000)
    .ARM.Collect$$libshutdown$$00000002      0x00000130   Section        0  libshutdown2.o(.ARM.Collect$$libshutdown$$00000002)
    .ARM.Collect$$libshutdown$$00000004      0x00000130   Section        0  libshutdown2.o(.ARM.Collect$$libshutdown$$00000004)
    .ARM.Collect$$libshutdown$$00000007      0x00000130   Section        0  libshutdown2.o(.ARM.Collect$$libshutdown$$00000007)
    .ARM.Collect$$libshutdown$$0000000A      0x00000130   Section        0  libshutdown2.o(.ARM.Collect$$libshutdown$$0000000A)
    .ARM.Collect$$libshutdown$$0000000C      0x00000130   Section        0  libshutdown2.o(.ARM.Collect$$libshutdown$$0000000C)
    .ARM.Collect$$libshutdown$$0000000F      0x00000130   Section        0  libshutdown2.o(.ARM.Collect$$libshutdown$$0000000F)
    .ARM.Collect$$libshutdown$$00000010      0x00000130   Section        2  libshutdown2.o(.ARM.Collect$$libshutdown$$00000010)
    .ARM.Collect$$rtentry$$00000000          0x00000132   Section        0  __rtentry.o(.ARM.Collect$$rtentry$$00000000)
    .ARM.Collect$$rtentry$$00000002          0x00000132   Section        0  __rtentry2.o(.ARM.Collect$$rtentry$$00000002)
    .ARM.Collect$$rtentry$$00000004          0x00000132   Section        6  __rtentry4.o(.ARM.Collect$$rtentry$$00000004)
    .ARM.Collect$$rtentry$$00000009          0x00000138   Section        0  __rtentry2.o(.ARM.Collect$$rtentry$$00000009)
    .ARM.Collect$$rtentry$$0000000A          0x00000138   Section        4  __rtentry2.o(.ARM.Collect$$rtentry$$0000000A)
    .ARM.Collect$$rtentry$$0000000C          0x0000013c   Section        0  __rtentry2.o(.ARM.Collect$$rtentry$$0000000C)
    .ARM.Collect$$rtentry$$0000000D          0x0000013c   Section        8  __rtentry2.o(.ARM.Collect$$rtentry$$0000000D)
    .ARM.Collect$$rtexit$$00000000           0x00000144   Section        2  rtexit.o(.ARM.Collect$$rtexit$$00000000)
    .ARM.Collect$$rtexit$$00000002           0x00000146   Section        0  rtexit2.o(.ARM.Collect$$rtexit$$00000002)
    .ARM.Collect$$rtexit$$00000003           0x00000146   Section        4  rtexit2.o(.ARM.Collect$$rtexit$$00000003)
    .ARM.Collect$$rtexit$$00000004           0x0000014a   Section        6  rtexit2.o(.ARM.Collect$$rtexit$$00000004)
    .text                                    0x00000150   Section       56  startup_w7500x.o(.text)
    .text                                    0x00000188   Section        2  use_no_semi.o(.text)
    .text                                    0x0000018c   Section        0  noretval__2printf.o(.text)
    .text                                    0x000001a8   Section        0  __printf.o(.text)
    .text                                    0x00000214   Section        0  rt_memclr.o(.text)
    .text                                    0x00000254   Section      346  aeabi_sdiv.o(.text)
    .text                                    0x000003ae   Section        0  heapauxi.o(.text)
    .text                                    0x000003b4   Section        0  daddsub.o(.text)
    _dadd1                                   0x000003b5   Thumb Code   290  daddsub.o(.text)
    _dsub1                                   0x000004d7   Thumb Code   470  daddsub.o(.text)
    .text                                    0x0000070c   Section        0  dfixui.o(.text)
    .text                                    0x00000754   Section        0  f2d.o(.text)
    .text                                    0x000007a8   Section        0  fdiv.o(.text)
    .text                                    0x00000908   Section        0  ffixui.o(.text)
    .text                                    0x00000938   Section        0  fflti.o(.text)
    .text                                    0x00000998   Section        0  _printf_char_file.o(.text)
    .text                                    0x000009c0   Section        0  _printf_char_common.o(.text)
    _printf_input_char                       0x000009c1   Thumb Code    10  _printf_char_common.o(.text)
    .text                                    0x000009f0   Section       62  sys_stackheap_outer.o(.text)
    .text                                    0x00000a2e   Section        0  exit.o(.text)
    .text                                    0x00000a40   Section        8  libspace.o(.text)
    i.ADC_Handler                            0x00000a48   Section        0  w7500x_it.o(i.ADC_Handler)
    i.CRG_PLL_InputFrequencySelect           0x00000a4c   Section        0  w7500x_crg.o(i.CRG_PLL_InputFrequencySelect)
    i.DMA_Handler                            0x00000a64   Section        0  w7500x_it.o(i.DMA_Handler)
    i.DUALTIMER0_Handler                     0x00000a66   Section        0  w7500x_it.o(i.DUALTIMER0_Handler)
    i.DUALTIMER1_Handler                     0x00000a68   Section        0  w7500x_it.o(i.DUALTIMER1_Handler)
    i.Detect_Gateway                         0x00000a6c   Section        0  loopback.o(i.Detect_Gateway)
    i.EXTI_Handler                           0x00000b30   Section        0  w7500x_it.o(i.EXTI_Handler)
    i.GPIO_Init                              0x00000b34   Section        0  w7500x_gpio.o(i.GPIO_Init)
    i.GPIO_ReadInputDataBit                  0x00000c38   Section        0  w7500x_gpio.o(i.GPIO_ReadInputDataBit)
    i.GPIO_ResetBits                         0x00000c4c   Section        0  w7500x_gpio.o(i.GPIO_ResetBits)
    i.GPIO_SetBits                           0x00000c6c   Section        0  w7500x_gpio.o(i.GPIO_SetBits)
    i.GetSystemClock                         0x00000c88   Section        0  system_w7500x.o(i.GetSystemClock)
    i.HardFault_Handler                      0x00000c94   Section        0  w7500x_it.o(i.HardFault_Handler)
    i.I2C0_Handler                           0x00000c96   Section        0  w7500x_it.o(i.I2C0_Handler)
    i.I2C1_Handler                           0x00000c98   Section        0  w7500x_it.o(i.I2C1_Handler)
    i.Input_init                             0x00000c9a   Section        0  main.o(i.Input_init)
    i.LED_Configuration                      0x00000cde   Section        0  main.o(i.LED_Configuration)
    i.NMI_Handler                            0x00000d22   Section        0  w7500x_it.o(i.NMI_Handler)
    i.NVIC_SetPriority                       0x00000d24   Section        0  main.o(i.NVIC_SetPriority)
    NVIC_SetPriority                         0x00000d25   Thumb Code   110  main.o(i.NVIC_SetPriority)
    i.Network_Properties                     0x00000d9c   Section        0  main.o(i.Network_Properties)
    i.PAD_AFConfig                           0x00000ecc   Section        0  w7500x_gpio.o(i.PAD_AFConfig)
    i.PLL_out_set                            0x00000f68   Section        0  main.o(i.PLL_out_set)
    i.PORT0_Handler                          0x00000f90   Section        0  w7500x_it.o(i.PORT0_Handler)
    i.PORT1_Handler                          0x00000f92   Section        0  w7500x_it.o(i.PORT1_Handler)
    i.PORT2_Handler                          0x00000f94   Section        0  w7500x_it.o(i.PORT2_Handler)
    i.PORT3_Handler                          0x00000f96   Section        0  w7500x_it.o(i.PORT3_Handler)
    i.PWM0_Handler                           0x00000f98   Section        0  w7500x_it.o(i.PWM0_Handler)
    i.PWM1_Handler                           0x00000f9a   Section        0  w7500x_it.o(i.PWM1_Handler)
    i.PWM2_Handler                           0x00000f9c   Section        0  w7500x_it.o(i.PWM2_Handler)
    i.PWM3_Handler                           0x00000f9e   Section        0  w7500x_it.o(i.PWM3_Handler)
    i.PWM4_Handler                           0x00000fa0   Section        0  w7500x_it.o(i.PWM4_Handler)
    i.PWM5_Handler                           0x00000fa2   Section        0  w7500x_it.o(i.PWM5_Handler)
    i.PWM6_Handler                           0x00000fa4   Section        0  w7500x_it.o(i.PWM6_Handler)
    i.PWM7_Handler                           0x00000fa6   Section        0  w7500x_it.o(i.PWM7_Handler)
    i.PendSV_Handler                         0x00000fa8   Section        0  w7500x_it.o(i.PendSV_Handler)
    i.Read_IR                                0x00000fac   Section        0  loopback.o(i.Read_IR)
    i.SSP0_Handler                           0x0000102c   Section        0  w7500x_it.o(i.SSP0_Handler)
    i.SSP1_Handler                           0x0000102e   Section        0  w7500x_it.o(i.SSP1_Handler)
    i.SVC_Handler                            0x00001030   Section        0  w7500x_it.o(i.SVC_Handler)
    i.S_UART_Init                            0x00001034   Section        0  w7500x_uart.o(i.S_UART_Init)
    i.S_UART_SendData                        0x00001058   Section        0  w7500x_uart.o(i.S_UART_SendData)
    i.S_UART_SetBaud                         0x00001070   Section        0  w7500x_uart.o(i.S_UART_SetBaud)
    i.S_UartPutc                             0x000010b4   Section        0  w7500x_uart.o(i.S_UartPutc)
    i.SysTick_Handler                        0x000010c2   Section        0  w7500x_it.o(i.SysTick_Handler)
    i.SystemInit                             0x000010cc   Section        0  system_w7500x.o(i.SystemInit)
    i.System_Initialization                  0x00001140   Section        0  main.o(i.System_Initialization)
    i.TimingDelay_Decrement                  0x000011a8   Section        0  main.o(i.TimingDelay_Decrement)
    i.UART0_Handler                          0x000011c0   Section        0  w7500x_it.o(i.UART0_Handler)
    i.UART0_init                             0x00001278   Section        0  main.o(i.UART0_init)
    i.UART1_Handler                          0x000012c0   Section        0  w7500x_it.o(i.UART1_Handler)
    i.UART2_Handler                          0x000012c2   Section        0  w7500x_it.o(i.UART2_Handler)
    i.UART_ClearITPendingBit                 0x000012c4   Section        0  w7500x_uart.o(i.UART_ClearITPendingBit)
    i.UART_ClearRecvStatus                   0x000012cc   Section        0  w7500x_uart.o(i.UART_ClearRecvStatus)
    i.UART_GetITStatus                       0x000012d0   Section        0  w7500x_uart.o(i.UART_GetITStatus)
    i.UART_GetRecvStatus                     0x000012e4   Section        0  w7500x_uart.o(i.UART_GetRecvStatus)
    i.UART_ITConfig                          0x000012f8   Section        0  w7500x_uart.o(i.UART_ITConfig)
    i.UART_Init                              0x0000130c   Section        0  w7500x_uart.o(i.UART_Init)
    i.UART_ReceiveData                       0x00001410   Section        0  w7500x_uart.o(i.UART_ReceiveData)
    i.UART_SendData                          0x00001418   Section        0  w7500x_uart.o(i.UART_SendData)
    i.UART_StructInit                        0x0000141c   Section        0  w7500x_uart.o(i.UART_StructInit)
    i.UartGetc                               0x00001434   Section        0  w7500x_uart.o(i.UartGetc)
    i.UartPutc                               0x00001448   Section        0  w7500x_uart.o(i.UartPutc)
    i.UartPuts                               0x00001466   Section        0  w7500x_uart.o(i.UartPuts)
    i.UartPuts_CAM                           0x00001484   Section        0  main.o(i.UartPuts_CAM)
    i.WIZCHIP_READ                           0x0000149e   Section        0  w7500x_wztoe.o(i.WIZCHIP_READ)
    i.WIZCHIP_READ_BUF                       0x000014a4   Section        0  w7500x_wztoe.o(i.WIZCHIP_READ_BUF)
    i.WIZCHIP_WRITE                          0x000014c0   Section        0  w7500x_wztoe.o(i.WIZCHIP_WRITE)
    i.WIZCHIP_WRITE_BUF                      0x000014c4   Section        0  w7500x_wztoe.o(i.WIZCHIP_WRITE_BUF)
    i.WZTOE_Handler                          0x000014e0   Section        0  w7500x_it.o(i.WZTOE_Handler)
    i._sys_exit                              0x000014e2   Section        0  retarget.o(i._sys_exit)
    i.close                                  0x000014e8   Section        0  socket.o(i.close)
    i.delay                                  0x00001548   Section        0  main.o(i.delay)
    i.disconnect                             0x00001560   Section        0  socket.o(i.disconnect)
    i.ferror                                 0x000015d4   Section        0  retarget.o(i.ferror)
    i.fputc                                  0x000015dc   Section        0  retarget.o(i.fputc)
    i.idle_MDIO                              0x000015ea   Section        0  w7500x_miim.o(i.idle_MDIO)
    i.input_MDIO                             0x00001614   Section        0  w7500x_miim.o(i.input_MDIO)
    i.link                                   0x00001656   Section        0  w7500x_miim.o(i.link)
    i.loopback_udps                          0x0000166c   Section        0  loopback.o(i.loopback_udps)
    i.main                                   0x00001730   Section        0  main.o(i.main)
    i.mdio_init                              0x00001858   Section        0  w7500x_miim.o(i.mdio_init)
    i.mdio_read                              0x00001894   Section        0  w7500x_miim.o(i.mdio_read)
    i.output_MDIO                            0x000018e4   Section        0  w7500x_miim.o(i.output_MDIO)
    i.phy_id                                 0x00001940   Section        0  w7500x_miim.o(i.phy_id)
    i.recv_udp                               0x000019d4   Section        0  socket.o(i.recv_udp)
    i.send_udp                               0x00001aa0   Section        0  socket.o(i.send_udp)
    i.socket                                 0x00001b7c   Section        0  socket.o(i.socket)
    i.turnaround_MDIO                        0x00001c3c   Section        0  w7500x_miim.o(i.turnaround_MDIO)
    i.wiz_recv_data                          0x00001c70   Section        0  w7500x_wztoe.o(i.wiz_recv_data)
    i.wiz_send_data                          0x00001cc8   Section        0  w7500x_wztoe.o(i.wiz_send_data)
    x$fpl$fadd                               0x00001d20   Section      140  faddsub.o(x$fpl$fadd)
    _fadd1                                   0x00001d2d   Thumb Code     0  faddsub.o(x$fpl$fadd)
    x$fpl$fmul                               0x00001dac   Section      176  fmul.o(x$fpl$fmul)
    x$fpl$frsb                               0x00001e5c   Section       24  faddsub.o(x$fpl$frsb)
    x$fpl$fsub                               0x00001e74   Section      208  faddsub.o(x$fpl$fsub)
    _fsub1                                   0x00001e81   Thumb Code     0  faddsub.o(x$fpl$fsub)
    .constdata                               0x00001f44   Section       64  fdiv.o(.constdata)
    x$fpl$usenofp                            0x00001f44   Section        0  usenofp.o(x$fpl$usenofp)
    fdiv_tab                                 0x00001f44   Data          64  fdiv.o(.constdata)
    .data                                    0x20000000   Section        8  system_w7500x.o(.data)
    .data                                    0x20000008   Section       48  main.o(.data)
    TimingDelay                              0x20000008   Data           4  main.o(.data)
    .data                                    0x20000038   Section        8  retarget.o(.data)
    .data                                    0x20000040   Section        8  w7500x_miim.o(.data)
    .data                                    0x20000048   Section       16  loopback.o(.data)
    .bss                                     0x20000058   Section     6160  main.o(.bss)
    .bss                                     0x20001868   Section       96  libspace.o(.bss)
    HEAP                                     0x200018c8   Section     1024  startup_w7500x.o(HEAP)
    Heap_Mem                                 0x200018c8   Data        1024  startup_w7500x.o(HEAP)
    STACK                                    0x20001cc8   Section     1024  startup_w7500x.o(STACK)
    Stack_Mem                                0x20001cc8   Data        1024  startup_w7500x.o(STACK)
    __initial_sp                             0x200020c8   Data           0  startup_w7500x.o(STACK)

    Global Symbols

    Symbol Name                              Value     Ov Type        Size  Object(Section)

    BuildAttributes$$THM_ISAv3M$S$PE$A:L22$X:L11$S22$IEEE1$IW$USESV6$~STKCKD$USESV7$~SHL$OSPACE$ROPI$EBA8$UX$STANDARDLIB$REQ8$PRES8$EABIv2 0x00000000   Number         0  anon$$obj.o ABSOLUTE
    __ARM_use_no_argv                        0x00000000   Number         0  main.o ABSOLUTE
    __Vectors                                0x00000000   Data           4  startup_w7500x.o(RESET)
    __ARM_exceptions_init                     - Undefined Weak Reference
    __alloca_initialize                       - Undefined Weak Reference
    __arm_preinit_                            - Undefined Weak Reference
    __cpp_initialize__aeabi_                  - Undefined Weak Reference
    __cxa_finalize                            - Undefined Weak Reference
    __rt_locale                               - Undefined Weak Reference
    __sigvec_lookup                           - Undefined Weak Reference
    _atexit_init                              - Undefined Weak Reference
    _call_atexit_fns                          - Undefined Weak Reference
    _clock_init                               - Undefined Weak Reference
    _fp_trap_init                             - Undefined Weak Reference
    _fp_trap_shutdown                         - Undefined Weak Reference
    _get_lc_collate                           - Undefined Weak Reference
    _get_lc_ctype                             - Undefined Weak Reference
    _get_lc_monetary                          - Undefined Weak Reference
    _get_lc_numeric                           - Undefined Weak Reference
    _get_lc_time                              - Undefined Weak Reference
    _getenv_init                              - Undefined Weak Reference
    _handle_redirection                       - Undefined Weak Reference
    _init_alloc                               - Undefined Weak Reference
    _init_user_alloc                          - Undefined Weak Reference
    _initio                                   - Undefined Weak Reference
    _printf_post_padding                      - Undefined Weak Reference
    _printf_pre_padding                       - Undefined Weak Reference
    _printf_truncate_signed                   - Undefined Weak Reference
    _printf_truncate_unsigned                 - Undefined Weak Reference
    _rand_init                                - Undefined Weak Reference
    _signal_finish                            - Undefined Weak Reference
    _signal_init                              - Undefined Weak Reference
    _terminate_alloc                          - Undefined Weak Reference
    _terminate_user_alloc                     - Undefined Weak Reference
    _terminateio                              - Undefined Weak Reference
    __Vectors_End                            0x000000a8   Data           0  startup_w7500x.o(RESET)
    __Vectors_Size                           0x000000a8   Number         0  startup_w7500x.o ABSOLUTE
    __main                                   0x000000a9   Thumb Code     8  __main.o(!!!main)
    __scatterload                            0x000000b1   Thumb Code     0  __scatter.o(!!!scatter)
    __scatterload_rt2                        0x000000b1   Thumb Code    52  __scatter.o(!!!scatter)
    __scatterload_rt2_thumb_only             0x000000b1   Thumb Code     0  __scatter.o(!!!scatter)
    __scatterload_null                       0x000000c1   Thumb Code     0  __scatter.o(!!!scatter)
    __scatterload_copy                       0x000000ed   Thumb Code    26  __scatter_copy.o(!!handler_copy)
    __scatterload_zeroinit                   0x00000109   Thumb Code    28  __scatter_zi.o(!!handler_zi)
    _printf_percent                          0x00000125   Thumb Code     0  _printf_percent.o(.ARM.Collect$$_printf_percent$$00000000)
    _printf_percent_end                      0x00000127   Thumb Code     0  _printf_percent_end.o(.ARM.Collect$$_printf_percent$$00000017)
    __rt_lib_init                            0x0000012b   Thumb Code     0  libinit.o(.ARM.Collect$$libinit$$00000000)
    __rt_lib_init_alloca_1                   0x0000012d   Thumb Code     0  libinit2.o(.ARM.Collect$$libinit$$0000002E)
    __rt_lib_init_argv_1                     0x0000012d   Thumb Code     0  libinit2.o(.ARM.Collect$$libinit$$0000002C)
    __rt_lib_init_atexit_1                   0x0000012d   Thumb Code     0  libinit2.o(.ARM.Collect$$libinit$$0000001B)
    __rt_lib_init_clock_1                    0x0000012d   Thumb Code     0  libinit2.o(.ARM.Collect$$libinit$$00000021)
    __rt_lib_init_cpp_1                      0x0000012d   Thumb Code     0  libinit2.o(.ARM.Collect$$libinit$$00000032)
    __rt_lib_init_exceptions_1               0x0000012d   Thumb Code     0  libinit2.o(.ARM.Collect$$libinit$$00000030)
    __rt_lib_init_fp_1                       0x0000012d   Thumb Code     0  libinit2.o(.ARM.Collect$$libinit$$00000002)
    __rt_lib_init_fp_trap_1                  0x0000012d   Thumb Code     0  libinit2.o(.ARM.Collect$$libinit$$0000001F)
    __rt_lib_init_getenv_1                   0x0000012d   Thumb Code     0  libinit2.o(.ARM.Collect$$libinit$$00000023)
    __rt_lib_init_heap_1                     0x0000012d   Thumb Code     0  libinit2.o(.ARM.Collect$$libinit$$0000000A)
    __rt_lib_init_lc_collate_1               0x0000012d   Thumb Code     0  libinit2.o(.ARM.Collect$$libinit$$00000011)
    __rt_lib_init_lc_ctype_1                 0x0000012d   Thumb Code     0  libinit2.o(.ARM.Collect$$libinit$$00000013)
    __rt_lib_init_lc_monetary_1              0x0000012d   Thumb Code     0  libinit2.o(.ARM.Collect$$libinit$$00000015)
    __rt_lib_init_lc_numeric_1               0x0000012d   Thumb Code     0  libinit2.o(.ARM.Collect$$libinit$$00000017)
    __rt_lib_init_lc_time_1                  0x0000012d   Thumb Code     0  libinit2.o(.ARM.Collect$$libinit$$00000019)
    __rt_lib_init_preinit_1                  0x0000012d   Thumb Code     0  libinit2.o(.ARM.Collect$$libinit$$00000004)
    __rt_lib_init_rand_1                     0x0000012d   Thumb Code     0  libinit2.o(.ARM.Collect$$libinit$$0000000E)
    __rt_lib_init_return                     0x0000012d   Thumb Code     0  libinit2.o(.ARM.Collect$$libinit$$00000033)
    __rt_lib_init_signal_1                   0x0000012d   Thumb Code     0  libinit2.o(.ARM.Collect$$libinit$$0000001D)
    __rt_lib_init_stdio_1                    0x0000012d   Thumb Code     0  libinit2.o(.ARM.Collect$$libinit$$00000025)
    __rt_lib_init_user_alloc_1               0x0000012d   Thumb Code     0  libinit2.o(.ARM.Collect$$libinit$$0000000C)
    __rt_lib_shutdown                        0x0000012f   Thumb Code     0  libshutdown.o(.ARM.Collect$$libshutdown$$00000000)
    __rt_lib_shutdown_cpp_1                  0x00000131   Thumb Code     0  libshutdown2.o(.ARM.Collect$$libshutdown$$00000002)
    __rt_lib_shutdown_fp_trap_1              0x00000131   Thumb Code     0  libshutdown2.o(.ARM.Collect$$libshutdown$$00000007)
    __rt_lib_shutdown_heap_1                 0x00000131   Thumb Code     0  libshutdown2.o(.ARM.Collect$$libshutdown$$0000000F)
    __rt_lib_shutdown_return                 0x00000131   Thumb Code     0  libshutdown2.o(.ARM.Collect$$libshutdown$$00000010)
    __rt_lib_shutdown_signal_1               0x00000131   Thumb Code     0  libshutdown2.o(.ARM.Collect$$libshutdown$$0000000A)
    __rt_lib_shutdown_stdio_1                0x00000131   Thumb Code     0  libshutdown2.o(.ARM.Collect$$libshutdown$$00000004)
    __rt_lib_shutdown_user_alloc_1           0x00000131   Thumb Code     0  libshutdown2.o(.ARM.Collect$$libshutdown$$0000000C)
    __rt_entry                               0x00000133   Thumb Code     0  __rtentry.o(.ARM.Collect$$rtentry$$00000000)
    __rt_entry_presh_1                       0x00000133   Thumb Code     0  __rtentry2.o(.ARM.Collect$$rtentry$$00000002)
    __rt_entry_sh                            0x00000133   Thumb Code     0  __rtentry4.o(.ARM.Collect$$rtentry$$00000004)
    __rt_entry_li                            0x00000139   Thumb Code     0  __rtentry2.o(.ARM.Collect$$rtentry$$0000000A)
    __rt_entry_postsh_1                      0x00000139   Thumb Code     0  __rtentry2.o(.ARM.Collect$$rtentry$$00000009)
    __rt_entry_main                          0x0000013d   Thumb Code     0  __rtentry2.o(.ARM.Collect$$rtentry$$0000000D)
    __rt_entry_postli_1                      0x0000013d   Thumb Code     0  __rtentry2.o(.ARM.Collect$$rtentry$$0000000C)
    __rt_exit                                0x00000145   Thumb Code     0  rtexit.o(.ARM.Collect$$rtexit$$00000000)
    __rt_exit_ls                             0x00000147   Thumb Code     0  rtexit2.o(.ARM.Collect$$rtexit$$00000003)
    __rt_exit_prels_1                        0x00000147   Thumb Code     0  rtexit2.o(.ARM.Collect$$rtexit$$00000002)
    __rt_exit_exit                           0x0000014b   Thumb Code     0  rtexit2.o(.ARM.Collect$$rtexit$$00000004)
    Reset_Handler                            0x00000151   Thumb Code     8  startup_w7500x.o(.text)
    RTC_Handler                              0x00000163   Thumb Code     0  startup_w7500x.o(.text)
    __user_initial_stackheap                 0x00000165   Thumb Code    10  startup_w7500x.o(.text)
    __I$use$semihosting                      0x00000189   Thumb Code     0  use_no_semi.o(.text)
    __use_no_semihosting_swi                 0x00000189   Thumb Code     2  use_no_semi.o(.text)
    __2printf                                0x0000018d   Thumb Code    22  noretval__2printf.o(.text)
    __printf                                 0x000001a9   Thumb Code   108  __printf.o(.text)
    _memset_w                                0x00000215   Thumb Code    26  rt_memclr.o(.text)
    _memset                                  0x0000022f   Thumb Code    30  rt_memclr.o(.text)
    __aeabi_memclr                           0x0000024d   Thumb Code     4  rt_memclr.o(.text)
    __rt_memclr                              0x0000024d   Thumb Code     0  rt_memclr.o(.text)
    __aeabi_memclr4                          0x00000251   Thumb Code     0  rt_memclr.o(.text)
    __aeabi_memclr8                          0x00000251   Thumb Code     0  rt_memclr.o(.text)
    __rt_memclr_w                            0x00000251   Thumb Code     4  rt_memclr.o(.text)
    __aeabi_uidiv                            0x00000255   Thumb Code     0  aeabi_sdiv.o(.text)
    __aeabi_uidivmod                         0x00000255   Thumb Code    20  aeabi_sdiv.o(.text)
    __aeabi_idiv                             0x00000269   Thumb Code     0  aeabi_sdiv.o(.text)
    __aeabi_idivmod                          0x00000269   Thumb Code   326  aeabi_sdiv.o(.text)
    __use_two_region_memory                  0x000003af   Thumb Code     2  heapauxi.o(.text)
    __rt_heap_escrow$2region                 0x000003b1   Thumb Code     2  heapauxi.o(.text)
    __rt_heap_expand$2region                 0x000003b3   Thumb Code     2  heapauxi.o(.text)
    __aeabi_dadd                             0x000006ad   Thumb Code     0  daddsub.o(.text)
    _dadd                                    0x000006ad   Thumb Code    26  daddsub.o(.text)
    __aeabi_dsub                             0x000006c7   Thumb Code     0  daddsub.o(.text)
    _dsub                                    0x000006c7   Thumb Code    22  daddsub.o(.text)
    __aeabi_drsub                            0x000006dd   Thumb Code     0  daddsub.o(.text)
    _drsb                                    0x000006dd   Thumb Code    28  daddsub.o(.text)
    __aeabi_d2uiz                            0x0000070d   Thumb Code     0  dfixui.o(.text)
    _dfixu                                   0x0000070d   Thumb Code    68  dfixui.o(.text)
    __aeabi_f2d                              0x00000755   Thumb Code     0  f2d.o(.text)
    _f2d                                     0x00000755   Thumb Code    80  f2d.o(.text)
    __aeabi_fdiv                             0x000007a9   Thumb Code     0  fdiv.o(.text)
    _fdiv                                    0x000007a9   Thumb Code   334  fdiv.o(.text)
    _frdiv                                   0x000008f7   Thumb Code     8  fdiv.o(.text)
    __aeabi_f2uiz                            0x00000909   Thumb Code     0  ffixui.o(.text)
    _ffixu                                   0x00000909   Thumb Code    48  ffixui.o(.text)
    __aeabi_i2f_normalise                    0x00000939   Thumb Code    72  fflti.o(.text)
    __aeabi_i2f                              0x00000981   Thumb Code    16  fflti.o(.text)
    _fflt                                    0x00000981   Thumb Code     0  fflti.o(.text)
    __aeabi_ui2f                             0x00000991   Thumb Code     6  fflti.o(.text)
    _ffltu                                   0x00000991   Thumb Code     0  fflti.o(.text)
    _printf_char_file                        0x00000999   Thumb Code    34  _printf_char_file.o(.text)
    _printf_char_common                      0x000009cb   Thumb Code    32  _printf_char_common.o(.text)
    __user_setup_stackheap                   0x000009f1   Thumb Code    62  sys_stackheap_outer.o(.text)
    exit                                     0x00000a2f   Thumb Code    16  exit.o(.text)
    __user_libspace                          0x00000a41   Thumb Code     8  libspace.o(.text)
    __user_perproc_libspace                  0x00000a41   Thumb Code     0  libspace.o(.text)
    __user_perthread_libspace                0x00000a41   Thumb Code     0  libspace.o(.text)
    ADC_Handler                              0x00000a49   Thumb Code     2  w7500x_it.o(i.ADC_Handler)
    CRG_PLL_InputFrequencySelect             0x00000a4d   Thumb Code    20  w7500x_crg.o(i.CRG_PLL_InputFrequencySelect)
    DMA_Handler                              0x00000a65   Thumb Code     2  w7500x_it.o(i.DMA_Handler)
    DUALTIMER0_Handler                       0x00000a67   Thumb Code     2  w7500x_it.o(i.DUALTIMER0_Handler)
    DUALTIMER1_Handler                       0x00000a69   Thumb Code     2  w7500x_it.o(i.DUALTIMER1_Handler)
    Detect_Gateway                           0x00000a6d   Thumb Code   182  loopback.o(i.Detect_Gateway)
    EXTI_Handler                             0x00000b31   Thumb Code     2  w7500x_it.o(i.EXTI_Handler)
    GPIO_Init                                0x00000b35   Thumb Code   254  w7500x_gpio.o(i.GPIO_Init)
    GPIO_ReadInputDataBit                    0x00000c39   Thumb Code    20  w7500x_gpio.o(i.GPIO_ReadInputDataBit)
    GPIO_ResetBits                           0x00000c4d   Thumb Code    32  w7500x_gpio.o(i.GPIO_ResetBits)
    GPIO_SetBits                             0x00000c6d   Thumb Code    26  w7500x_gpio.o(i.GPIO_SetBits)
    GetSystemClock                           0x00000c89   Thumb Code     6  system_w7500x.o(i.GetSystemClock)
    HardFault_Handler                        0x00000c95   Thumb Code     2  w7500x_it.o(i.HardFault_Handler)
    I2C0_Handler                             0x00000c97   Thumb Code     2  w7500x_it.o(i.I2C0_Handler)
    I2C1_Handler                             0x00000c99   Thumb Code     2  w7500x_it.o(i.I2C1_Handler)
    Input_init                               0x00000c9b   Thumb Code    68  main.o(i.Input_init)
    LED_Configuration                        0x00000cdf   Thumb Code    68  main.o(i.LED_Configuration)
    NMI_Handler                              0x00000d23   Thumb Code     2  w7500x_it.o(i.NMI_Handler)
    Network_Properties                       0x00000d9d   Thumb Code   280  main.o(i.Network_Properties)
    PAD_AFConfig                             0x00000ecd   Thumb Code   152  w7500x_gpio.o(i.PAD_AFConfig)
    PLL_out_set                              0x00000f69   Thumb Code    36  main.o(i.PLL_out_set)
    PORT0_Handler                            0x00000f91   Thumb Code     2  w7500x_it.o(i.PORT0_Handler)
    PORT1_Handler                            0x00000f93   Thumb Code     2  w7500x_it.o(i.PORT1_Handler)
    PORT2_Handler                            0x00000f95   Thumb Code     2  w7500x_it.o(i.PORT2_Handler)
    PORT3_Handler                            0x00000f97   Thumb Code     2  w7500x_it.o(i.PORT3_Handler)
    PWM0_Handler                             0x00000f99   Thumb Code     2  w7500x_it.o(i.PWM0_Handler)
    PWM1_Handler                             0x00000f9b   Thumb Code     2  w7500x_it.o(i.PWM1_Handler)
    PWM2_Handler                             0x00000f9d   Thumb Code     2  w7500x_it.o(i.PWM2_Handler)
    PWM3_Handler                             0x00000f9f   Thumb Code     2  w7500x_it.o(i.PWM3_Handler)
    PWM4_Handler                             0x00000fa1   Thumb Code     2  w7500x_it.o(i.PWM4_Handler)
    PWM5_Handler                             0x00000fa3   Thumb Code     2  w7500x_it.o(i.PWM5_Handler)
    PWM6_Handler                             0x00000fa5   Thumb Code     2  w7500x_it.o(i.PWM6_Handler)
    PWM7_Handler                             0x00000fa7   Thumb Code     2  w7500x_it.o(i.PWM7_Handler)
    PendSV_Handler                           0x00000fa9   Thumb Code     2  w7500x_it.o(i.PendSV_Handler)
    Read_IR                                  0x00000fad   Thumb Code   114  loopback.o(i.Read_IR)
    SSP0_Handler                             0x0000102d   Thumb Code     2  w7500x_it.o(i.SSP0_Handler)
    SSP1_Handler                             0x0000102f   Thumb Code     2  w7500x_it.o(i.SSP1_Handler)
    SVC_Handler                              0x00001031   Thumb Code     2  w7500x_it.o(i.SVC_Handler)
    S_UART_Init                              0x00001035   Thumb Code    32  w7500x_uart.o(i.S_UART_Init)
    S_UART_SendData                          0x00001059   Thumb Code    20  w7500x_uart.o(i.S_UART_SendData)
    S_UART_SetBaud                           0x00001071   Thumb Code    54  w7500x_uart.o(i.S_UART_SetBaud)
    S_UartPutc                               0x000010b5   Thumb Code    14  w7500x_uart.o(i.S_UartPutc)
    SysTick_Handler                          0x000010c3   Thumb Code     8  w7500x_it.o(i.SysTick_Handler)
    SystemInit                               0x000010cd   Thumb Code    94  system_w7500x.o(i.SystemInit)
    System_Initialization                    0x00001141   Thumb Code    96  main.o(i.System_Initialization)
    TimingDelay_Decrement                    0x000011a9   Thumb Code    20  main.o(i.TimingDelay_Decrement)
    UART0_Handler                            0x000011c1   Thumb Code   172  w7500x_it.o(i.UART0_Handler)
    UART0_init                               0x00001279   Thumb Code    56  main.o(i.UART0_init)
    UART1_Handler                            0x000012c1   Thumb Code     2  w7500x_it.o(i.UART1_Handler)
    UART2_Handler                            0x000012c3   Thumb Code     2  w7500x_it.o(i.UART2_Handler)
    UART_ClearITPendingBit                   0x000012c5   Thumb Code     8  w7500x_uart.o(i.UART_ClearITPendingBit)
    UART_ClearRecvStatus                     0x000012cd   Thumb Code     4  w7500x_uart.o(i.UART_ClearRecvStatus)
    UART_GetITStatus                         0x000012d1   Thumb Code    20  w7500x_uart.o(i.UART_GetITStatus)
    UART_GetRecvStatus                       0x000012e5   Thumb Code    20  w7500x_uart.o(i.UART_GetRecvStatus)
    UART_ITConfig                            0x000012f9   Thumb Code    20  w7500x_uart.o(i.UART_ITConfig)
    UART_Init                                0x0000130d   Thumb Code   240  w7500x_uart.o(i.UART_Init)
    UART_ReceiveData                         0x00001411   Thumb Code     8  w7500x_uart.o(i.UART_ReceiveData)
    UART_SendData                            0x00001419   Thumb Code     4  w7500x_uart.o(i.UART_SendData)
    UART_StructInit                          0x0000141d   Thumb Code    24  w7500x_uart.o(i.UART_StructInit)
    UartGetc                                 0x00001435   Thumb Code    20  w7500x_uart.o(i.UartGetc)
    UartPutc                                 0x00001449   Thumb Code    30  w7500x_uart.o(i.UartPutc)
    UartPuts                                 0x00001467   Thumb Code    30  w7500x_uart.o(i.UartPuts)
    UartPuts_CAM                             0x00001485   Thumb Code    26  main.o(i.UartPuts_CAM)
    WIZCHIP_READ                             0x0000149f   Thumb Code     6  w7500x_wztoe.o(i.WIZCHIP_READ)
    WIZCHIP_READ_BUF                         0x000014a5   Thumb Code    28  w7500x_wztoe.o(i.WIZCHIP_READ_BUF)
    WIZCHIP_WRITE                            0x000014c1   Thumb Code     4  w7500x_wztoe.o(i.WIZCHIP_WRITE)
    WIZCHIP_WRITE_BUF                        0x000014c5   Thumb Code    28  w7500x_wztoe.o(i.WIZCHIP_WRITE_BUF)
    WZTOE_Handler                            0x000014e1   Thumb Code     2  w7500x_it.o(i.WZTOE_Handler)
    _sys_exit                                0x000014e3   Thumb Code     4  retarget.o(i._sys_exit)
    close                                    0x000014e9   Thumb Code    92  socket.o(i.close)
    delay                                    0x00001549   Thumb Code    20  main.o(i.delay)
    disconnect                               0x00001561   Thumb Code   110  socket.o(i.disconnect)
    ferror                                   0x000015d5   Thumb Code     8  retarget.o(i.ferror)
    fputc                                    0x000015dd   Thumb Code    14  retarget.o(i.fputc)
    idle_MDIO                                0x000015eb   Thumb Code    42  w7500x_miim.o(i.idle_MDIO)
    input_MDIO                               0x00001615   Thumb Code    66  w7500x_miim.o(i.input_MDIO)
    link                                     0x00001657   Thumb Code    22  w7500x_miim.o(i.link)
    loopback_udps                            0x0000166d   Thumb Code   180  loopback.o(i.loopback_udps)
    main                                     0x00001731   Thumb Code   254  main.o(i.main)
    mdio_init                                0x00001859   Thumb Code    56  w7500x_miim.o(i.mdio_init)
    mdio_read                                0x00001895   Thumb Code    74  w7500x_miim.o(i.mdio_read)
    output_MDIO                              0x000018e5   Thumb Code    92  w7500x_miim.o(i.output_MDIO)
    phy_id                                   0x00001941   Thumb Code   118  w7500x_miim.o(i.phy_id)
    recv_udp                                 0x000019d5   Thumb Code   196  socket.o(i.recv_udp)
    send_udp                                 0x00001aa1   Thumb Code   212  socket.o(i.send_udp)
    socket                                   0x00001b7d   Thumb Code   184  socket.o(i.socket)
    turnaround_MDIO                          0x00001c3d   Thumb Code    50  w7500x_miim.o(i.turnaround_MDIO)
    wiz_recv_data                            0x00001c71   Thumb Code    78  w7500x_wztoe.o(i.wiz_recv_data)
    wiz_send_data                            0x00001cc9   Thumb Code    78  w7500x_wztoe.o(i.wiz_send_data)
    __aeabi_fadd                             0x00001d21   Thumb Code     0  faddsub.o(x$fpl$fadd)
    _fadd                                    0x00001d21   Thumb Code   134  faddsub.o(x$fpl$fadd)
    __aeabi_fmul                             0x00001dad   Thumb Code     0  fmul.o(x$fpl$fmul)
    _fmul                                    0x00001dad   Thumb Code   172  fmul.o(x$fpl$fmul)
    __aeabi_frsub                            0x00001e5d   Thumb Code     0  faddsub.o(x$fpl$frsb)
    _frsb                                    0x00001e5d   Thumb Code    24  faddsub.o(x$fpl$frsb)
    __aeabi_fsub                             0x00001e75   Thumb Code     0  faddsub.o(x$fpl$fsub)
    _fsub                                    0x00001e75   Thumb Code   204  faddsub.o(x$fpl$fsub)
    __I$use$fp                               0x00001f44   Number         0  usenofp.o(x$fpl$usenofp)
    Region$$Table$$Base                      0x00001f84   Number         0  anon$$obj.o(Region$$Table)
    Region$$Table$$Limit                     0x00001fa4   Number         0  anon$$obj.o(Region$$Table)
    SystemFrequency                          0x20000000   Data           4  system_w7500x.o(.data)
    SystemCoreClock                          0x20000004   Data           4  system_w7500x.o(.data)
    uart0_rx_cnt                             0x2000000c   Data           4  main.o(.data)
    CAM_Snap                                 0x20000010   Data           9  main.o(.data)
    CAM_RecordStar                           0x20000019   Data           9  main.o(.data)
    CAM_RecordStop                           0x20000022   Data           9  main.o(.data)
    uart_test                                0x2000002b   Data          13  main.o(.data)
    __stdout                                 0x20000038   Data           4  retarget.o(.data)
    __stdin                                  0x2000003c   Data           4  retarget.o(.data)
    PHY_ADDR_IP101G                          0x20000040   Data           4  w7500x_miim.o(.data)
    PHY_ADDR                                 0x20000044   Data           4  w7500x_miim.o(.data)
    Sn_SendOK                                0x20000048   Data           8  loopback.o(.data)
    Sn_TimeOut                               0x20000050   Data           8  loopback.o(.data)
    UART_InitStructure                       0x20000058   Data          16  main.o(.bss)
    test_buf                                 0x20000068   Data        4096  main.o(.bss)
    USART_RX_BUF                             0x20001068   Data        2048  main.o(.bss)
    __libspace_start                         0x20001868   Data          96  libspace.o(.bss)
    __temporary_stack_top$libspace           0x200018c8   Data           0  libspace.o(.bss)



==============================================================================

Memory Map of the image

  Image Entry point : 0x000000a9

  Load Region LR_IROM1 (Base: 0x00000000, Size: 0x00001ffc, Max: 0x00040000, ABSOLUTE)

    Execution Region ER_IROM1 (Base: 0x00000000, Size: 0x00001fa4, Max: 0x00040000, ABSOLUTE)

    Base Addr    Size         Type   Attr      Idx    E Section Name        Object

    0x00000000   0x000000a8   Data   RO            3    RESET               startup_w7500x.o
    0x000000a8   0x00000008   Code   RO         1465  * !!!main             c_p.l(__main.o)
    0x000000b0   0x0000003c   Code   RO         1661    !!!scatter          c_p.l(__scatter.o)
    0x000000ec   0x0000001a   Code   RO         1663    !!handler_copy      c_p.l(__scatter_copy.o)
    0x00000106   0x00000002   PAD
    0x00000108   0x0000001c   Code   RO         1665    !!handler_zi        c_p.l(__scatter_zi.o)
    0x00000124   0x00000002   Code   RO         1456    .ARM.Collect$$_printf_percent$$00000000  c_p.l(_printf_percent.o)
    0x00000126   0x00000004   Code   RO         1497    .ARM.Collect$$_printf_percent$$00000017  c_p.l(_printf_percent_end.o)
    0x0000012a   0x00000002   Code   RO         1536    .ARM.Collect$$libinit$$00000000  c_p.l(libinit.o)
    0x0000012c   0x00000000   Code   RO         1550    .ARM.Collect$$libinit$$00000002  c_p.l(libinit2.o)
    0x0000012c   0x00000000   Code   RO         1552    .ARM.Collect$$libinit$$00000004  c_p.l(libinit2.o)
    0x0000012c   0x00000000   Code   RO         1555    .ARM.Collect$$libinit$$0000000A  c_p.l(libinit2.o)
    0x0000012c   0x00000000   Code   RO         1557    .ARM.Collect$$libinit$$0000000C  c_p.l(libinit2.o)
    0x0000012c   0x00000000   Code   RO         1559    .ARM.Collect$$libinit$$0000000E  c_p.l(libinit2.o)
    0x0000012c   0x00000000   Code   RO         1562    .ARM.Collect$$libinit$$00000011  c_p.l(libinit2.o)
    0x0000012c   0x00000000   Code   RO         1564    .ARM.Collect$$libinit$$00000013  c_p.l(libinit2.o)
    0x0000012c   0x00000000   Code   RO         1566    .ARM.Collect$$libinit$$00000015  c_p.l(libinit2.o)
    0x0000012c   0x00000000   Code   RO         1568    .ARM.Collect$$libinit$$00000017  c_p.l(libinit2.o)
    0x0000012c   0x00000000   Code   RO         1570    .ARM.Collect$$libinit$$00000019  c_p.l(libinit2.o)
    0x0000012c   0x00000000   Code   RO         1572    .ARM.Collect$$libinit$$0000001B  c_p.l(libinit2.o)
    0x0000012c   0x00000000   Code   RO         1574    .ARM.Collect$$libinit$$0000001D  c_p.l(libinit2.o)
    0x0000012c   0x00000000   Code   RO         1576    .ARM.Collect$$libinit$$0000001F  c_p.l(libinit2.o)
    0x0000012c   0x00000000   Code   RO         1578    .ARM.Collect$$libinit$$00000021  c_p.l(libinit2.o)
    0x0000012c   0x00000000   Code   RO         1580    .ARM.Collect$$libinit$$00000023  c_p.l(libinit2.o)
    0x0000012c   0x00000000   Code   RO         1582    .ARM.Collect$$libinit$$00000025  c_p.l(libinit2.o)
    0x0000012c   0x00000000   Code   RO         1586    .ARM.Collect$$libinit$$0000002C  c_p.l(libinit2.o)
    0x0000012c   0x00000000   Code   RO         1588    .ARM.Collect$$libinit$$0000002E  c_p.l(libinit2.o)
    0x0000012c   0x00000000   Code   RO         1590    .ARM.Collect$$libinit$$00000030  c_p.l(libinit2.o)
    0x0000012c   0x00000000   Code   RO         1592    .ARM.Collect$$libinit$$00000032  c_p.l(libinit2.o)
    0x0000012c   0x00000002   Code   RO         1593    .ARM.Collect$$libinit$$00000033  c_p.l(libinit2.o)
    0x0000012e   0x00000002   Code   RO         1617    .ARM.Collect$$libshutdown$$00000000  c_p.l(libshutdown.o)
    0x00000130   0x00000000   Code   RO         1643    .ARM.Collect$$libshutdown$$00000002  c_p.l(libshutdown2.o)
    0x00000130   0x00000000   Code   RO         1645    .ARM.Collect$$libshutdown$$00000004  c_p.l(libshutdown2.o)
    0x00000130   0x00000000   Code   RO         1648    .ARM.Collect$$libshutdown$$00000007  c_p.l(libshutdown2.o)
    0x00000130   0x00000000   Code   RO         1651    .ARM.Collect$$libshutdown$$0000000A  c_p.l(libshutdown2.o)
    0x00000130   0x00000000   Code   RO         1653    .ARM.Collect$$libshutdown$$0000000C  c_p.l(libshutdown2.o)
    0x00000130   0x00000000   Code   RO         1656    .ARM.Collect$$libshutdown$$0000000F  c_p.l(libshutdown2.o)
    0x00000130   0x00000002   Code   RO         1657    .ARM.Collect$$libshutdown$$00000010  c_p.l(libshutdown2.o)
    0x00000132   0x00000000   Code   RO         1488    .ARM.Collect$$rtentry$$00000000  c_p.l(__rtentry.o)
    0x00000132   0x00000000   Code   RO         1502    .ARM.Collect$$rtentry$$00000002  c_p.l(__rtentry2.o)
    0x00000132   0x00000006   Code   RO         1514    .ARM.Collect$$rtentry$$00000004  c_p.l(__rtentry4.o)
    0x00000138   0x00000000   Code   RO         1504    .ARM.Collect$$rtentry$$00000009  c_p.l(__rtentry2.o)
    0x00000138   0x00000004   Code   RO         1505    .ARM.Collect$$rtentry$$0000000A  c_p.l(__rtentry2.o)
    0x0000013c   0x00000000   Code   RO         1507    .ARM.Collect$$rtentry$$0000000C  c_p.l(__rtentry2.o)
    0x0000013c   0x00000008   Code   RO         1508    .ARM.Collect$$rtentry$$0000000D  c_p.l(__rtentry2.o)
    0x00000144   0x00000002   Code   RO         1541    .ARM.Collect$$rtexit$$00000000  c_p.l(rtexit.o)
    0x00000146   0x00000000   Code   RO         1595    .ARM.Collect$$rtexit$$00000002  c_p.l(rtexit2.o)
    0x00000146   0x00000004   Code   RO         1596    .ARM.Collect$$rtexit$$00000003  c_p.l(rtexit2.o)
    0x0000014a   0x00000006   Code   RO         1597    .ARM.Collect$$rtexit$$00000004  c_p.l(rtexit2.o)
    0x00000150   0x00000038   Code   RO            4    .text               startup_w7500x.o
    0x00000188   0x00000002   Code   RO         1403    .text               c_p.l(use_no_semi.o)
    0x0000018a   0x00000002   PAD
    0x0000018c   0x0000001c   Code   RO         1407    .text               c_p.l(noretval__2printf.o)
    0x000001a8   0x0000006c   Code   RO         1409    .text               c_p.l(__printf.o)
    0x00000214   0x00000040   Code   RO         1457    .text               c_p.l(rt_memclr.o)
    0x00000254   0x0000015a   Code   RO         1459    .text               c_p.l(aeabi_sdiv.o)
    0x000003ae   0x00000006   Code   RO         1463    .text               c_p.l(heapauxi.o)
    0x000003b4   0x00000358   Code   RO         1467    .text               fz_ps.l(daddsub.o)
    0x0000070c   0x00000048   Code   RO         1469    .text               fz_ps.l(dfixui.o)
    0x00000754   0x00000054   Code   RO         1471    .text               fz_ps.l(f2d.o)
    0x000007a8   0x00000160   Code   RO         1479    .text               fz_ps.l(fdiv.o)
    0x00000908   0x00000030   Code   RO         1482    .text               fz_ps.l(ffixui.o)
    0x00000938   0x0000005e   Code   RO         1484    .text               fz_ps.l(fflti.o)
    0x00000996   0x00000002   PAD
    0x00000998   0x00000028   Code   RO         1495    .text               c_p.l(_printf_char_file.o)
    0x000009c0   0x00000030   Code   RO         1518    .text               c_p.l(_printf_char_common.o)
    0x000009f0   0x0000003e   Code   RO         1520    .text               c_p.l(sys_stackheap_outer.o)
    0x00000a2e   0x00000010   Code   RO         1525    .text               c_p.l(exit.o)
    0x00000a3e   0x00000002   PAD
    0x00000a40   0x00000008   Code   RO         1537    .text               c_p.l(libspace.o)
    0x00000a48   0x00000002   Code   RO          764    i.ADC_Handler       w7500x_it.o
    0x00000a4a   0x00000002   PAD
    0x00000a4c   0x00000018   Code   RO           21    i.CRG_PLL_InputFrequencySelect  w7500x_crg.o
    0x00000a64   0x00000002   Code   RO          765    i.DMA_Handler       w7500x_it.o
    0x00000a66   0x00000002   Code   RO          766    i.DUALTIMER0_Handler  w7500x_it.o
    0x00000a68   0x00000002   Code   RO          767    i.DUALTIMER1_Handler  w7500x_it.o
    0x00000a6a   0x00000002   PAD
    0x00000a6c   0x000000c4   Code   RO         1368    i.Detect_Gateway    loopback.o
    0x00000b30   0x00000002   Code   RO          768    i.EXTI_Handler      w7500x_it.o
    0x00000b32   0x00000002   PAD
    0x00000b34   0x00000104   Code   RO          243    i.GPIO_Init         w7500x_gpio.o
    0x00000c38   0x00000014   Code   RO          245    i.GPIO_ReadInputDataBit  w7500x_gpio.o
    0x00000c4c   0x00000020   Code   RO          249    i.GPIO_ResetBits    w7500x_gpio.o
    0x00000c6c   0x0000001a   Code   RO          250    i.GPIO_SetBits      w7500x_gpio.o
    0x00000c86   0x00000002   PAD
    0x00000c88   0x0000000c   Code   RO          624    i.GetSystemClock    system_w7500x.o
    0x00000c94   0x00000002   Code   RO          769    i.HardFault_Handler  w7500x_it.o
    0x00000c96   0x00000002   Code   RO          770    i.I2C0_Handler      w7500x_it.o
    0x00000c98   0x00000002   Code   RO          771    i.I2C1_Handler      w7500x_it.o
    0x00000c9a   0x00000044   Code   RO          662    i.Input_init        main.o
    0x00000cde   0x00000044   Code   RO          663    i.LED_Configuration  main.o
    0x00000d22   0x00000002   Code   RO          772    i.NMI_Handler       w7500x_it.o
    0x00000d24   0x00000078   Code   RO          664    i.NVIC_SetPriority  main.o
    0x00000d9c   0x00000130   Code   RO          665    i.Network_Properties  main.o
    0x00000ecc   0x0000009c   Code   RO          255    i.PAD_AFConfig      w7500x_gpio.o
    0x00000f68   0x00000028   Code   RO          666    i.PLL_out_set       main.o
    0x00000f90   0x00000002   Code   RO          773    i.PORT0_Handler     w7500x_it.o
    0x00000f92   0x00000002   Code   RO          774    i.PORT1_Handler     w7500x_it.o
    0x00000f94   0x00000002   Code   RO          775    i.PORT2_Handler     w7500x_it.o
    0x00000f96   0x00000002   Code   RO          776    i.PORT3_Handler     w7500x_it.o
    0x00000f98   0x00000002   Code   RO          777    i.PWM0_Handler      w7500x_it.o
    0x00000f9a   0x00000002   Code   RO          778    i.PWM1_Handler      w7500x_it.o
    0x00000f9c   0x00000002   Code   RO          779    i.PWM2_Handler      w7500x_it.o
    0x00000f9e   0x00000002   Code   RO          780    i.PWM3_Handler      w7500x_it.o
    0x00000fa0   0x00000002   Code   RO          781    i.PWM4_Handler      w7500x_it.o
    0x00000fa2   0x00000002   Code   RO          782    i.PWM5_Handler      w7500x_it.o
    0x00000fa4   0x00000002   Code   RO          783    i.PWM6_Handler      w7500x_it.o
    0x00000fa6   0x00000002   Code   RO          784    i.PWM7_Handler      w7500x_it.o
    0x00000fa8   0x00000002   Code   RO          785    i.PendSV_Handler    w7500x_it.o
    0x00000faa   0x00000002   PAD
    0x00000fac   0x00000080   Code   RO         1369    i.Read_IR           loopback.o
    0x0000102c   0x00000002   Code   RO          786    i.SSP0_Handler      w7500x_it.o
    0x0000102e   0x00000002   Code   RO          787    i.SSP1_Handler      w7500x_it.o
    0x00001030   0x00000002   Code   RO          788    i.SVC_Handler       w7500x_it.o
    0x00001032   0x00000002   PAD
    0x00001034   0x00000024   Code   RO          385    i.S_UART_Init       w7500x_uart.o
    0x00001058   0x00000018   Code   RO          387    i.S_UART_SendData   w7500x_uart.o
    0x00001070   0x00000044   Code   RO          388    i.S_UART_SetBaud    w7500x_uart.o
    0x000010b4   0x0000000e   Code   RO          391    i.S_UartPutc        w7500x_uart.o
    0x000010c2   0x00000008   Code   RO          789    i.SysTick_Handler   w7500x_it.o
    0x000010ca   0x00000002   PAD
    0x000010cc   0x00000074   Code   RO          626    i.SystemInit        system_w7500x.o
    0x00001140   0x00000068   Code   RO          667    i.System_Initialization  main.o
    0x000011a8   0x00000018   Code   RO          668    i.TimingDelay_Decrement  main.o
    0x000011c0   0x000000b8   Code   RO          790    i.UART0_Handler     w7500x_it.o
    0x00001278   0x00000048   Code   RO          669    i.UART0_init        main.o
    0x000012c0   0x00000002   Code   RO          791    i.UART1_Handler     w7500x_it.o
    0x000012c2   0x00000002   Code   RO          792    i.UART2_Handler     w7500x_it.o
    0x000012c4   0x00000008   Code   RO          393    i.UART_ClearITPendingBit  w7500x_uart.o
    0x000012cc   0x00000004   Code   RO          394    i.UART_ClearRecvStatus  w7500x_uart.o
    0x000012d0   0x00000014   Code   RO          397    i.UART_GetITStatus  w7500x_uart.o
    0x000012e4   0x00000014   Code   RO          398    i.UART_GetRecvStatus  w7500x_uart.o
    0x000012f8   0x00000014   Code   RO          399    i.UART_ITConfig     w7500x_uart.o
    0x0000130c   0x00000104   Code   RO          400    i.UART_Init         w7500x_uart.o
    0x00001410   0x00000008   Code   RO          401    i.UART_ReceiveData  w7500x_uart.o
    0x00001418   0x00000004   Code   RO          403    i.UART_SendData     w7500x_uart.o
    0x0000141c   0x00000018   Code   RO          404    i.UART_StructInit   w7500x_uart.o
    0x00001434   0x00000014   Code   RO          405    i.UartGetc          w7500x_uart.o
    0x00001448   0x0000001e   Code   RO          406    i.UartPutc          w7500x_uart.o
    0x00001466   0x0000001e   Code   RO          407    i.UartPuts          w7500x_uart.o
    0x00001484   0x0000001a   Code   RO          670    i.UartPuts_CAM      main.o
    0x0000149e   0x00000006   Code   RO          565    i.WIZCHIP_READ      w7500x_wztoe.o
    0x000014a4   0x0000001c   Code   RO          566    i.WIZCHIP_READ_BUF  w7500x_wztoe.o
    0x000014c0   0x00000004   Code   RO          567    i.WIZCHIP_WRITE     w7500x_wztoe.o
    0x000014c4   0x0000001c   Code   RO          568    i.WIZCHIP_WRITE_BUF  w7500x_wztoe.o
    0x000014e0   0x00000002   Code   RO          793    i.WZTOE_Handler     w7500x_it.o
    0x000014e2   0x00000004   Code   RO          966    i._sys_exit         retarget.o
    0x000014e6   0x00000002   PAD
    0x000014e8   0x00000060   Code   RO         1026    i.close             socket.o
    0x00001548   0x00000018   Code   RO          671    i.delay             main.o
    0x00001560   0x00000074   Code   RO         1028    i.disconnect        socket.o
    0x000015d4   0x00000008   Code   RO          968    i.ferror            retarget.o
    0x000015dc   0x0000000e   Code   RO          970    i.fputc             retarget.o
    0x000015ea   0x0000002a   Code   RO         1291    i.idle_MDIO         w7500x_miim.o
    0x00001614   0x00000042   Code   RO         1292    i.input_MDIO        w7500x_miim.o
    0x00001656   0x00000016   Code   RO         1293    i.link              w7500x_miim.o
    0x0000166c   0x000000c4   Code   RO         1370    i.loopback_udps     loopback.o
    0x00001730   0x00000128   Code   RO          672    i.main              main.o
    0x00001858   0x0000003c   Code   RO         1294    i.mdio_init         w7500x_miim.o
    0x00001894   0x00000050   Code   RO         1295    i.mdio_read         w7500x_miim.o
    0x000018e4   0x0000005c   Code   RO         1297    i.output_MDIO       w7500x_miim.o
    0x00001940   0x00000094   Code   RO         1298    i.phy_id            w7500x_miim.o
    0x000019d4   0x000000cc   Code   RO         1031    i.recv_udp          socket.o
    0x00001aa0   0x000000dc   Code   RO         1033    i.send_udp          socket.o
    0x00001b7c   0x000000c0   Code   RO         1034    i.socket            socket.o
    0x00001c3c   0x00000032   Code   RO         1300    i.turnaround_MDIO   w7500x_miim.o
    0x00001c6e   0x00000002   PAD
    0x00001c70   0x00000058   Code   RO          569    i.wiz_recv_data     w7500x_wztoe.o
    0x00001cc8   0x00000058   Code   RO          571    i.wiz_send_data     w7500x_wztoe.o
    0x00001d20   0x0000008c   Code   RO         1473    x$fpl$fadd          fz_ps.l(faddsub.o)
    0x00001dac   0x000000b0   Code   RO         1486    x$fpl$fmul          fz_ps.l(fmul.o)
    0x00001e5c   0x00000018   Code   RO         1474    x$fpl$frsb          fz_ps.l(faddsub.o)
    0x00001e74   0x000000d0   Code   RO         1475    x$fpl$fsub          fz_ps.l(faddsub.o)
    0x00001f44   0x00000000   Code   RO         1500    x$fpl$usenofp       fz_ps.l(usenofp.o)
    0x00001f44   0x00000040   Data   RO         1480    .constdata          fz_ps.l(fdiv.o)
    0x00001f84   0x00000020   Data   RO         1659    Region$$Table       anon$$obj.o


    Execution Region RW_IRAM1 (Base: 0x20000000, Size: 0x000020c8, Max: 0x00020000, ABSOLUTE)

    Base Addr    Size         Type   Attr      Idx    E Section Name        Object

    0x20000000   0x00000008   Data   RW          627    .data               system_w7500x.o
    0x20000008   0x00000030   Data   RW          674    .data               main.o
    0x20000038   0x00000008   Data   RW          971    .data               retarget.o
    0x20000040   0x00000008   Data   RW         1301    .data               w7500x_miim.o
    0x20000048   0x00000010   Data   RW         1371    .data               loopback.o
    0x20000058   0x00001810   Zero   RW          673    .bss                main.o
    0x20001868   0x00000060   Zero   RW         1538    .bss                c_p.l(libspace.o)
    0x200018c8   0x00000400   Zero   RW            2    HEAP                startup_w7500x.o
    0x20001cc8   0x00000400   Zero   RW            1    STACK               startup_w7500x.o


==============================================================================

Image component sizes


      Code (inc. data)   RO Data    RW Data    ZI Data      Debug   Object Name

       520         44          0         16          0       2870   loopback.o
      1146        112          0         48       6160      12524   main.o
        26          0          0          8          0       3195   retarget.o
       828         34          0          0          0       3764   socket.o
        56         26        168          0       2048        756   startup_w7500x.o
       128         28          0          8          0       1364   system_w7500x.o
        24          4          0          0          0      25423   w7500x_crg.o
       494         10          0          0          0       6199   w7500x_gpio.o
       248         12          0          0          0      11452   w7500x_it.o
       560         40          0          8          0       5200   w7500x_miim.o
       590         42          0          0          0      16032   w7500x_uart.o
       242         20          0          0          0       4282   w7500x_wztoe.o

    ----------------------------------------------------------------------
      4880        372        200         88       8208      93061   Object Totals
         0          0         32          0          0          0   (incl. Generated)
        18          0          0          0          0          0   (incl. Padding)

    ----------------------------------------------------------------------

      Code (inc. data)   RO Data    RW Data    ZI Data      Debug   Library Member Name

         8          0          0          0          0         68   __main.o
       108          0          0          0          0         76   __printf.o
         0          0          0          0          0          0   __rtentry.o
        12          0          0          0          0          0   __rtentry2.o
         6          0          0          0          0          0   __rtentry4.o
        60          8          0          0          0          0   __scatter.o
        26          0          0          0          0          0   __scatter_copy.o
        28          0          0          0          0          0   __scatter_zi.o
        48          6          0          0          0         88   _printf_char_common.o
        40          6          0          0          0         72   _printf_char_file.o
         2          0          0          0          0          0   _printf_percent.o
         4          0          0          0          0          0   _printf_percent_end.o
       346          0          0          0          0         92   aeabi_sdiv.o
        16          0          0          0          0         68   exit.o
         6          0          0          0          0        136   heapauxi.o
         2          0          0          0          0          0   libinit.o
         2          0          0          0          0          0   libinit2.o
         2          0          0          0          0          0   libshutdown.o
         2          0          0          0          0          0   libshutdown2.o
         8          4          0          0         96         68   libspace.o
        28          6          0          0          0         84   noretval__2printf.o
        64          0          0          0          0        108   rt_memclr.o
         2          0          0          0          0          0   rtexit.o
        10          0          0          0          0          0   rtexit2.o
        62          0          0          0          0         80   sys_stackheap_outer.o
         2          0          0          0          0         68   use_no_semi.o
       856         20          0          0          0        208   daddsub.o
        72          4          0          0          0         68   dfixui.o
        84          4          0          0          0         60   f2d.o
       372          8          0          0          0        240   faddsub.o
       352         10         64          0          0         92   fdiv.o
        48          0          0          0          0         60   ffixui.o
        94          0          0          0          0         92   fflti.o
       176          4          0          0          0         80   fmul.o
         0          0          0          0          0          0   usenofp.o

    ----------------------------------------------------------------------
      2956         80         64          0         96       1908   Library Totals
         8          0          0          0          0          0   (incl. Padding)

    ----------------------------------------------------------------------

      Code (inc. data)   RO Data    RW Data    ZI Data      Debug   Library Name

       894         30          0          0         96       1008   c_p.l
      2054         50         64          0          0        900   fz_ps.l

    ----------------------------------------------------------------------
      2956         80         64          0         96       1908   Library Totals

    ----------------------------------------------------------------------

==============================================================================


      Code (inc. data)   RO Data    RW Data    ZI Data      Debug   

      7836        452        264         88       8304      90437   Grand Totals
      7836        452        264         88       8304      90437   ELF Image Totals
      7836        452        264         88          0          0   ROM Totals

==============================================================================

    Total RO  Size (Code + RO Data)                 8100 (   7.91kB)
    Total RW  Size (RW Data + ZI Data)              8392 (   8.20kB)
    Total ROM Size (Code + RO Data + RW Data)       8188 (   8.00kB)

==============================================================================

