<html>
<body>
<pre>
<h1>µVision Build Log</h1>
<h2>Tool Versions:</h2>
IDE-Version: ¦ÌVision V5.18a
Copyright (C) 2016 ARM Ltd and ARM Germany GmbH. All rights reserved.
License Information: For Xinjie, PC, LIC=VGX01-CRTEP-0ZEWZ-J5F4E-58IHC-9HFJS
 
Tool Versions:
Toolchain:       MDK-ARM Standard  Version: 5.18a
Toolchain Path:  D:\Keil9.55\ARM\ARMCC\Bin
C Compiler:      Armcc.exe V5.06 update 1 (build 61)
Assembler:       Armasm.exe V5.06 update 1 (build 61)
Linker/Locator:  ArmLink.exe V5.06 update 1 (build 61)
Library Manager: ArmAr.exe V5.06 update 1 (build 61)
Hex Converter:   FromElf.exe V5.06 update 1 (build 61)
CPU DLL:         SARMCM3.DLL V5.18a
Dialog DLL:      DARMCM1.DLL V1.12.0.0
Target DLL:      Segger\JL2CM3.dll V2.99.19.0
Dialog DLL:      TARMCM1.DLL V1.9.0.0
 
<h2>Project:</h2>
G:\MDK_project\w7500p\MDK_uart_to_udp\MDK\uart_to_udp.uvprojx
Project File Date:  06/01/2018

<h2>Output:</h2>
*** Using Compiler 'V5.06 update 1 (build 61)', folder: 'D:\Keil9.55\ARM\ARMCC\Bin'
Build target 'uart_to_udp'
compiling main.c...
linking...
Program Size: Code=7996 RO-data=264 RW-data=92 ZI-data=8308  
".\Objects\uart_to_udp.axf" - 0 Error(s), 0 Warning(s).

<h2>Collection of Component include folders:</h2>
  G:\MDK_project\w7500p\MDK_uart_to_udp\MDK\RTE
  D:\Keil9.55\ARM\PACK\ARM\CMSIS\5.1.1\Device\ARM\ARMCM0\Include

<h2>Collection of Component Files used:</h2>
Build Time Elapsed:  00:00:01
</pre>
</body>
</html>
